Archive member included because of file (symbol)

c:/siliconlabs/simplicitystudio/v3/developer/toolchains/gnu_arm/4.8_2013q4/bin/../lib/gcc/arm-none-eabi/4.8.3/../../../../arm-none-eabi/lib/armv7-m\libc_s.a(lib_a-abs.o)
                              ./Drivers/segmentlcd.o (abs)
c:/siliconlabs/simplicitystudio/v3/developer/toolchains/gnu_arm/4.8_2013q4/bin/../lib/gcc/arm-none-eabi/4.8.3/../../../../arm-none-eabi/lib/armv7-m\libc_s.a(lib_a-exit.o)
                              c:/siliconlabs/simplicitystudio/v3/developer/toolchains/gnu_arm/4.8_2013q4/bin/../lib/gcc/arm-none-eabi/4.8.3/../../../../arm-none-eabi/lib/armv7-m/crt0.o (exit)
c:/siliconlabs/simplicitystudio/v3/developer/toolchains/gnu_arm/4.8_2013q4/bin/../lib/gcc/arm-none-eabi/4.8.3/../../../../arm-none-eabi/lib/armv7-m\libc_s.a(lib_a-impure.o)
                              c:/siliconlabs/simplicitystudio/v3/developer/toolchains/gnu_arm/4.8_2013q4/bin/../lib/gcc/arm-none-eabi/4.8.3/../../../../arm-none-eabi/lib/armv7-m\libc_s.a(lib_a-exit.o) (_global_impure_ptr)
c:/siliconlabs/simplicitystudio/v3/developer/toolchains/gnu_arm/4.8_2013q4/bin/../lib/gcc/arm-none-eabi/4.8.3/../../../../arm-none-eabi/lib/armv7-m\libc_s.a(lib_a-init.o)
                              c:/siliconlabs/simplicitystudio/v3/developer/toolchains/gnu_arm/4.8_2013q4/bin/../lib/gcc/arm-none-eabi/4.8.3/../../../../arm-none-eabi/lib/armv7-m/crt0.o (__libc_init_array)
c:/siliconlabs/simplicitystudio/v3/developer/toolchains/gnu_arm/4.8_2013q4/bin/../lib/gcc/arm-none-eabi/4.8.3/../../../../arm-none-eabi/lib/armv7-m\libc_s.a(lib_a-memset.o)
                              c:/siliconlabs/simplicitystudio/v3/developer/toolchains/gnu_arm/4.8_2013q4/bin/../lib/gcc/arm-none-eabi/4.8.3/../../../../arm-none-eabi/lib/armv7-m/crt0.o (memset)
c:/siliconlabs/simplicitystudio/v3/developer/toolchains/gnu_arm/4.8_2013q4/bin/../lib/gcc/arm-none-eabi/4.8.3/../../../../arm-none-eabi/lib/armv7-m\libc_s.a(lib_a-strlen.o)
                              ./Drivers/segmentlcd.o (strlen)
c:/siliconlabs/simplicitystudio/v3/developer/toolchains/gnu_arm/4.8_2013q4/bin/../lib/gcc/arm-none-eabi/4.8.3/../../../../arm-none-eabi/lib/armv7-m\libnosys.a(_exit.o)
                              c:/siliconlabs/simplicitystudio/v3/developer/toolchains/gnu_arm/4.8_2013q4/bin/../lib/gcc/arm-none-eabi/4.8.3/../../../../arm-none-eabi/lib/armv7-m\libc_s.a(lib_a-exit.o) (_exit)

Allocating common symbols
Common symbol       size              file

SystemCoreClock     0x4               ./CMSIS/efm32gg/system_efm32gg.o

Discarded input sections

 .text          0x00000000        0x0 c:/siliconlabs/simplicitystudio/v3/developer/toolchains/gnu_arm/4.8_2013q4/bin/../lib/gcc/arm-none-eabi/4.8.3/armv7-m/crti.o
 .data          0x00000000        0x0 c:/siliconlabs/simplicitystudio/v3/developer/toolchains/gnu_arm/4.8_2013q4/bin/../lib/gcc/arm-none-eabi/4.8.3/armv7-m/crti.o
 .bss           0x00000000        0x0 c:/siliconlabs/simplicitystudio/v3/developer/toolchains/gnu_arm/4.8_2013q4/bin/../lib/gcc/arm-none-eabi/4.8.3/armv7-m/crti.o
 .data          0x00000000        0x4 c:/siliconlabs/simplicitystudio/v3/developer/toolchains/gnu_arm/4.8_2013q4/bin/../lib/gcc/arm-none-eabi/4.8.3/armv7-m/crtbegin.o
 .data          0x00000000        0x0 c:/siliconlabs/simplicitystudio/v3/developer/toolchains/gnu_arm/4.8_2013q4/bin/../lib/gcc/arm-none-eabi/4.8.3/../../../../arm-none-eabi/lib/armv7-m/crt0.o
 .bss           0x00000000        0x0 c:/siliconlabs/simplicitystudio/v3/developer/toolchains/gnu_arm/4.8_2013q4/bin/../lib/gcc/arm-none-eabi/4.8.3/../../../../arm-none-eabi/lib/armv7-m/crt0.o
 .ARM.extab     0x00000000        0x0 c:/siliconlabs/simplicitystudio/v3/developer/toolchains/gnu_arm/4.8_2013q4/bin/../lib/gcc/arm-none-eabi/4.8.3/../../../../arm-none-eabi/lib/armv7-m/crt0.o
 .text          0x00000000        0x0 ./src/empty_project.o
 .data          0x00000000        0x0 ./src/empty_project.o
 .bss           0x00000000        0x0 ./src/empty_project.o
 .text          0x00000000        0x0 ./emlib/em_cmu.o
 .data          0x00000000        0x0 ./emlib/em_cmu.o
 .bss           0x00000000        0x0 ./emlib/em_cmu.o
 .text.CMU_Log2ToDiv
                0x00000000       0x1c ./emlib/em_cmu.o
 .text.CMU_Calibrate
                0x00000000       0x88 ./emlib/em_cmu.o
 .text.CMU_CalibrateConfig
                0x00000000       0xd8 ./emlib/em_cmu.o
 .text.CMU_ClockDivGet
                0x00000000      0x16c ./emlib/em_cmu.o
 .text.CMU_FreezeEnable
                0x00000000       0x38 ./emlib/em_cmu.o
 .text.CMU_AUXHFRCOBandGet
                0x00000000       0x20 ./emlib/em_cmu.o
 .text.CMU_AUXHFRCOBandSet
                0x00000000       0xb0 ./emlib/em_cmu.o
 .text.CMU_HFRCOBandGet
                0x00000000       0x20 ./emlib/em_cmu.o
 .text.CMU_HFRCOBandSet
                0x00000000       0xcc ./emlib/em_cmu.o
 .text.CMU_HFRCOStartupDelayGet
                0x00000000       0x1c ./emlib/em_cmu.o
 .text.CMU_HFRCOStartupDelaySet
                0x00000000       0x30 ./emlib/em_cmu.o
 .text.CMU_LCDClkFDIVGet
                0x00000000       0x1c ./emlib/em_cmu.o
 .text.CMU_OscillatorTuningGet
                0x00000000       0x50 ./emlib/em_cmu.o
 .text.CMU_OscillatorTuningSet
                0x00000000       0x74 ./emlib/em_cmu.o
 .text.CMU_PCNTClockExternalGet
                0x00000000       0x64 ./emlib/em_cmu.o
 .text.CMU_PCNTClockExternalSet
                0x00000000       0x34 ./emlib/em_cmu.o
 .text          0x00000000        0x0 ./emlib/em_emu.o
 .data          0x00000000        0x0 ./emlib/em_emu.o
 .bss           0x00000000        0x0 ./emlib/em_emu.o
 .text.SystemCoreClockUpdate
                0x00000000        0xc ./emlib/em_emu.o
 .text.BITBAND_Peripheral
                0x00000000       0x2c ./emlib/em_emu.o
 .text.EMU_BUPinEnable
                0x00000000       0x20 ./emlib/em_emu.o
 .text.EMU_Unlock
                0x00000000       0x18 ./emlib/em_emu.o
 .text.CMU_Lock
                0x00000000       0x18 ./emlib/em_emu.o
 .text.CMU_Unlock
                0x00000000       0x1c ./emlib/em_emu.o
 .text.EMU_Restore
                0x00000000       0xf4 ./emlib/em_emu.o
 .text.getErrataFixEmuE107En
                0x00000000       0x68 ./emlib/em_emu.o
 .text.EMU_EnterEM2
                0x00000000       0x9c ./emlib/em_emu.o
 .text.EMU_EnterEM3
                0x00000000       0xbc ./emlib/em_emu.o
 .text.EMU_EnterEM4
                0x00000000       0x50 ./emlib/em_emu.o
 .text.EMU_MemPwrDown
                0x00000000       0x1c ./emlib/em_emu.o
 .text.EMU_EM23Init
                0x00000000       0x34 ./emlib/em_emu.o
 .text.EMU_EM4Init
                0x00000000       0x50 ./emlib/em_emu.o
 .text.EMU_BUPDInit
                0x00000000       0xcc ./emlib/em_emu.o
 .text.EMU_BUThresholdSet
                0x00000000       0x4c ./emlib/em_emu.o
 .text.EMU_BUThresRangeSet
                0x00000000       0x50 ./emlib/em_emu.o
 .text          0x00000000        0x0 ./emlib/em_gpio.o
 .data          0x00000000        0x0 ./emlib/em_gpio.o
 .bss           0x00000000        0x0 ./emlib/em_gpio.o
 .text.BITBAND_Peripheral
                0x00000000       0x2c ./emlib/em_gpio.o
 .text.GPIO_DbgLocationSet
                0x00000000       0x2c ./emlib/em_gpio.o
 .text.GPIO_DriveModeSet
                0x00000000       0x50 ./emlib/em_gpio.o
 .text.GPIO_IntConfig
                0x00000000       0xc0 ./emlib/em_gpio.o
 .text          0x00000000        0x0 ./emlib/em_lcd.o
 .data          0x00000000        0x0 ./emlib/em_lcd.o
 .bss           0x00000000        0x0 ./emlib/em_lcd.o
 .text.LCD_AnimEnable
                0x00000000       0x38 ./emlib/em_lcd.o
 .text.LCD_FrameCountEnable
                0x00000000       0x38 ./emlib/em_lcd.o
 .text.LCD_UpdateCtrl
                0x00000000       0x28 ./emlib/em_lcd.o
 .text.LCD_FrameCountInit
                0x00000000       0x48 ./emlib/em_lcd.o
 .text.LCD_AnimInit
                0x00000000       0x84 ./emlib/em_lcd.o
 .text.LCD_ContrastSet
                0x00000000       0x28 ./emlib/em_lcd.o
 .text.LCD_BiasSegmentSet
                0x00000000      0x104 ./emlib/em_lcd.o
 .text.LCD_BiasComSet
                0x00000000       0x40 ./emlib/em_lcd.o
 .text          0x00000000        0x0 ./emlib/em_system.o
 .data          0x00000000        0x0 ./emlib/em_system.o
 .bss           0x00000000        0x0 ./emlib/em_system.o
 .text.SYSTEM_GetCalibrationValue
                0x00000000       0x54 ./emlib/em_system.o
 .text          0x00000000        0x0 ./emlib/em_usart.o
 .data          0x00000000        0x0 ./emlib/em_usart.o
 .bss           0x00000000        0x0 ./emlib/em_usart.o
 .text.USART_BaudrateCalc
                0x00000000       0xb8 ./emlib/em_usart.o
 .text.USART_BaudrateGet
                0x00000000       0x50 ./emlib/em_usart.o
 .text.USART_BaudrateSyncSet
                0x00000000       0x6c ./emlib/em_usart.o
 .text.USART_InitSync
                0x00000000       0xc8 ./emlib/em_usart.o
 .text.USART_InitIrDA
                0x00000000       0x74 ./emlib/em_usart.o
 .text.USART_InitI2s
                0x00000000       0x94 ./emlib/em_usart.o
 .text.USART_InitPrsTrigger
                0x00000000       0x60 ./emlib/em_usart.o
 .text.USART_RxDouble
                0x00000000       0x28 ./emlib/em_usart.o
 .text.USART_RxDoubleExt
                0x00000000       0x28 ./emlib/em_usart.o
 .text.USART_RxExt
                0x00000000       0x28 ./emlib/em_usart.o
 .text.USART_SpiTransfer
                0x00000000       0x40 ./emlib/em_usart.o
 .text.USART_TxDouble
                0x00000000       0x2c ./emlib/em_usart.o
 .text.USART_TxDoubleExt
                0x00000000       0x28 ./emlib/em_usart.o
 .text.USART_TxExt
                0x00000000       0x2c ./emlib/em_usart.o
 .text          0x00000000        0x0 ./Drivers/segmentlcd.o
 .data          0x00000000        0x0 ./Drivers/segmentlcd.o
 .bss           0x00000000        0x0 ./Drivers/segmentlcd.o
 .text.LCD_Enable
                0x00000000       0x38 ./Drivers/segmentlcd.o
 .rodata.EFM_Alphabet
                0x00000000       0xb8 ./Drivers/segmentlcd.o
 .rodata.signIndex
                0x00000000        0x2 ./Drivers/segmentlcd.o
 .text.SegmentLCD_AllOn
                0x00000000       0xcc ./Drivers/segmentlcd.o
 .text.SegmentLCD_AlphaNumberOff
                0x00000000       0xa8 ./Drivers/segmentlcd.o
 .text.SegmentLCD_ARing
                0x00000000       0x54 ./Drivers/segmentlcd.o
 .text.SegmentLCD_Battery
                0x00000000       0x78 ./Drivers/segmentlcd.o
 .text.SegmentLCD_Disable
                0x00000000       0x28 ./Drivers/segmentlcd.o
 .text.SegmentLCD_EnergyMode
                0x00000000       0x50 ./Drivers/segmentlcd.o
 .text.SegmentLCD_LowerHex
                0x00000000       0x94 ./Drivers/segmentlcd.o
 .rodata        0x00000000        0x8 ./Drivers/segmentlcd.o
 .text.SegmentLCD_LowerNumber
                0x00000000       0xc0 ./Drivers/segmentlcd.o
 .text.SegmentLCD_Symbol
                0x00000000      0x130 ./Drivers/segmentlcd.o
 .text.SegmentLCD_UnsignedHex
                0x00000000       0xc8 ./Drivers/segmentlcd.o
 .text.SegmentLCD_Write
                0x00000000       0xd8 ./Drivers/segmentlcd.o
 .data          0x00000000        0x0 ./CMSIS/efm32gg/startup_efm32gg.o
 .bss           0x00000000        0x0 ./CMSIS/efm32gg/startup_efm32gg.o
 .text          0x00000000        0x0 ./CMSIS/efm32gg/system_efm32gg.o
 .data          0x00000000        0x0 ./CMSIS/efm32gg/system_efm32gg.o
 .bss           0x00000000        0x0 ./CMSIS/efm32gg/system_efm32gg.o
 .text.SystemHFXOClockSet
                0x00000000       0x2c ./CMSIS/efm32gg/system_efm32gg.o
 .text.SystemLFXOClockSet
                0x00000000       0x2c ./CMSIS/efm32gg/system_efm32gg.o
 .text          0x00000000        0x0 c:/siliconlabs/simplicitystudio/v3/developer/toolchains/gnu_arm/4.8_2013q4/bin/../lib/gcc/arm-none-eabi/4.8.3/../../../../arm-none-eabi/lib/armv7-m\libc_s.a(lib_a-abs.o)
 .data          0x00000000        0x0 c:/siliconlabs/simplicitystudio/v3/developer/toolchains/gnu_arm/4.8_2013q4/bin/../lib/gcc/arm-none-eabi/4.8.3/../../../../arm-none-eabi/lib/armv7-m\libc_s.a(lib_a-abs.o)
 .bss           0x00000000        0x0 c:/siliconlabs/simplicitystudio/v3/developer/toolchains/gnu_arm/4.8_2013q4/bin/../lib/gcc/arm-none-eabi/4.8.3/../../../../arm-none-eabi/lib/armv7-m\libc_s.a(lib_a-abs.o)
 .text          0x00000000        0x0 c:/siliconlabs/simplicitystudio/v3/developer/toolchains/gnu_arm/4.8_2013q4/bin/../lib/gcc/arm-none-eabi/4.8.3/../../../../arm-none-eabi/lib/armv7-m\libc_s.a(lib_a-exit.o)
 .data          0x00000000        0x0 c:/siliconlabs/simplicitystudio/v3/developer/toolchains/gnu_arm/4.8_2013q4/bin/../lib/gcc/arm-none-eabi/4.8.3/../../../../arm-none-eabi/lib/armv7-m\libc_s.a(lib_a-exit.o)
 .bss           0x00000000        0x0 c:/siliconlabs/simplicitystudio/v3/developer/toolchains/gnu_arm/4.8_2013q4/bin/../lib/gcc/arm-none-eabi/4.8.3/../../../../arm-none-eabi/lib/armv7-m\libc_s.a(lib_a-exit.o)
 .text          0x00000000        0x0 c:/siliconlabs/simplicitystudio/v3/developer/toolchains/gnu_arm/4.8_2013q4/bin/../lib/gcc/arm-none-eabi/4.8.3/../../../../arm-none-eabi/lib/armv7-m\libc_s.a(lib_a-impure.o)
 .data          0x00000000        0x0 c:/siliconlabs/simplicitystudio/v3/developer/toolchains/gnu_arm/4.8_2013q4/bin/../lib/gcc/arm-none-eabi/4.8.3/../../../../arm-none-eabi/lib/armv7-m\libc_s.a(lib_a-impure.o)
 .bss           0x00000000        0x0 c:/siliconlabs/simplicitystudio/v3/developer/toolchains/gnu_arm/4.8_2013q4/bin/../lib/gcc/arm-none-eabi/4.8.3/../../../../arm-none-eabi/lib/armv7-m\libc_s.a(lib_a-impure.o)
 .data._impure_ptr
                0x00000000        0x4 c:/siliconlabs/simplicitystudio/v3/developer/toolchains/gnu_arm/4.8_2013q4/bin/../lib/gcc/arm-none-eabi/4.8.3/../../../../arm-none-eabi/lib/armv7-m\libc_s.a(lib_a-impure.o)
 .text          0x00000000        0x0 c:/siliconlabs/simplicitystudio/v3/developer/toolchains/gnu_arm/4.8_2013q4/bin/../lib/gcc/arm-none-eabi/4.8.3/../../../../arm-none-eabi/lib/armv7-m\libc_s.a(lib_a-init.o)
 .data          0x00000000        0x0 c:/siliconlabs/simplicitystudio/v3/developer/toolchains/gnu_arm/4.8_2013q4/bin/../lib/gcc/arm-none-eabi/4.8.3/../../../../arm-none-eabi/lib/armv7-m\libc_s.a(lib_a-init.o)
 .bss           0x00000000        0x0 c:/siliconlabs/simplicitystudio/v3/developer/toolchains/gnu_arm/4.8_2013q4/bin/../lib/gcc/arm-none-eabi/4.8.3/../../../../arm-none-eabi/lib/armv7-m\libc_s.a(lib_a-init.o)
 .text          0x00000000        0x0 c:/siliconlabs/simplicitystudio/v3/developer/toolchains/gnu_arm/4.8_2013q4/bin/../lib/gcc/arm-none-eabi/4.8.3/../../../../arm-none-eabi/lib/armv7-m\libc_s.a(lib_a-memset.o)
 .data          0x00000000        0x0 c:/siliconlabs/simplicitystudio/v3/developer/toolchains/gnu_arm/4.8_2013q4/bin/../lib/gcc/arm-none-eabi/4.8.3/../../../../arm-none-eabi/lib/armv7-m\libc_s.a(lib_a-memset.o)
 .bss           0x00000000        0x0 c:/siliconlabs/simplicitystudio/v3/developer/toolchains/gnu_arm/4.8_2013q4/bin/../lib/gcc/arm-none-eabi/4.8.3/../../../../arm-none-eabi/lib/armv7-m\libc_s.a(lib_a-memset.o)
 .text          0x00000000        0x0 c:/siliconlabs/simplicitystudio/v3/developer/toolchains/gnu_arm/4.8_2013q4/bin/../lib/gcc/arm-none-eabi/4.8.3/../../../../arm-none-eabi/lib/armv7-m\libc_s.a(lib_a-strlen.o)
 .data          0x00000000        0x0 c:/siliconlabs/simplicitystudio/v3/developer/toolchains/gnu_arm/4.8_2013q4/bin/../lib/gcc/arm-none-eabi/4.8.3/../../../../arm-none-eabi/lib/armv7-m\libc_s.a(lib_a-strlen.o)
 .bss           0x00000000        0x0 c:/siliconlabs/simplicitystudio/v3/developer/toolchains/gnu_arm/4.8_2013q4/bin/../lib/gcc/arm-none-eabi/4.8.3/../../../../arm-none-eabi/lib/armv7-m\libc_s.a(lib_a-strlen.o)
 .text.strlen   0x00000000       0x10 c:/siliconlabs/simplicitystudio/v3/developer/toolchains/gnu_arm/4.8_2013q4/bin/../lib/gcc/arm-none-eabi/4.8.3/../../../../arm-none-eabi/lib/armv7-m\libc_s.a(lib_a-strlen.o)
 .ARM.attributes
                0x00000000       0x2d c:/siliconlabs/simplicitystudio/v3/developer/toolchains/gnu_arm/4.8_2013q4/bin/../lib/gcc/arm-none-eabi/4.8.3/../../../../arm-none-eabi/lib/armv7-m\libc_s.a(lib_a-strlen.o)
 .debug_frame   0x00000000       0x20 c:/siliconlabs/simplicitystudio/v3/developer/toolchains/gnu_arm/4.8_2013q4/bin/../lib/gcc/arm-none-eabi/4.8.3/../../../../arm-none-eabi/lib/armv7-m\libc_s.a(lib_a-strlen.o)
 .text          0x00000000        0x0 c:/siliconlabs/simplicitystudio/v3/developer/toolchains/gnu_arm/4.8_2013q4/bin/../lib/gcc/arm-none-eabi/4.8.3/../../../../arm-none-eabi/lib/armv7-m\libnosys.a(_exit.o)
 .data          0x00000000        0x0 c:/siliconlabs/simplicitystudio/v3/developer/toolchains/gnu_arm/4.8_2013q4/bin/../lib/gcc/arm-none-eabi/4.8.3/../../../../arm-none-eabi/lib/armv7-m\libnosys.a(_exit.o)
 .bss           0x00000000        0x0 c:/siliconlabs/simplicitystudio/v3/developer/toolchains/gnu_arm/4.8_2013q4/bin/../lib/gcc/arm-none-eabi/4.8.3/../../../../arm-none-eabi/lib/armv7-m\libnosys.a(_exit.o)
 .text          0x00000000        0x0 c:/siliconlabs/simplicitystudio/v3/developer/toolchains/gnu_arm/4.8_2013q4/bin/../lib/gcc/arm-none-eabi/4.8.3/armv7-m/crtend.o
 .data          0x00000000        0x0 c:/siliconlabs/simplicitystudio/v3/developer/toolchains/gnu_arm/4.8_2013q4/bin/../lib/gcc/arm-none-eabi/4.8.3/armv7-m/crtend.o
 .bss           0x00000000        0x0 c:/siliconlabs/simplicitystudio/v3/developer/toolchains/gnu_arm/4.8_2013q4/bin/../lib/gcc/arm-none-eabi/4.8.3/armv7-m/crtend.o
 .text          0x00000000        0x0 c:/siliconlabs/simplicitystudio/v3/developer/toolchains/gnu_arm/4.8_2013q4/bin/../lib/gcc/arm-none-eabi/4.8.3/armv7-m/crtn.o
 .data          0x00000000        0x0 c:/siliconlabs/simplicitystudio/v3/developer/toolchains/gnu_arm/4.8_2013q4/bin/../lib/gcc/arm-none-eabi/4.8.3/armv7-m/crtn.o
 .bss           0x00000000        0x0 c:/siliconlabs/simplicitystudio/v3/developer/toolchains/gnu_arm/4.8_2013q4/bin/../lib/gcc/arm-none-eabi/4.8.3/armv7-m/crtn.o

Memory Configuration

Name             Origin             Length             Attributes
FLASH            0x00000000         0x00100000         xr
RAM              0x20000000         0x00020000         xrw
*default*        0x00000000         0xffffffff

Linker script and memory map

LOAD c:/siliconlabs/simplicitystudio/v3/developer/toolchains/gnu_arm/4.8_2013q4/bin/../lib/gcc/arm-none-eabi/4.8.3/armv7-m/crti.o
LOAD c:/siliconlabs/simplicitystudio/v3/developer/toolchains/gnu_arm/4.8_2013q4/bin/../lib/gcc/arm-none-eabi/4.8.3/armv7-m/crtbegin.o
LOAD c:/siliconlabs/simplicitystudio/v3/developer/toolchains/gnu_arm/4.8_2013q4/bin/../lib/gcc/arm-none-eabi/4.8.3/../../../../arm-none-eabi/lib/armv7-m/crt0.o
LOAD ./src/empty_project.o
LOAD ./emlib/em_cmu.o
LOAD ./emlib/em_emu.o
LOAD ./emlib/em_gpio.o
LOAD ./emlib/em_lcd.o
LOAD ./emlib/em_system.o
LOAD ./emlib/em_usart.o
LOAD ./Drivers/segmentlcd.o
LOAD ./CMSIS/efm32gg/startup_efm32gg.o
LOAD ./CMSIS/efm32gg/system_efm32gg.o
START GROUP
LOAD c:/siliconlabs/simplicitystudio/v3/developer/toolchains/gnu_arm/4.8_2013q4/bin/../lib/gcc/arm-none-eabi/4.8.3/armv7-m\libgcc.a
LOAD c:/siliconlabs/simplicitystudio/v3/developer/toolchains/gnu_arm/4.8_2013q4/bin/../lib/gcc/arm-none-eabi/4.8.3/../../../../arm-none-eabi/lib/armv7-m\libc_s.a
LOAD c:/siliconlabs/simplicitystudio/v3/developer/toolchains/gnu_arm/4.8_2013q4/bin/../lib/gcc/arm-none-eabi/4.8.3/../../../../arm-none-eabi/lib/armv7-m\libnosys.a
END GROUP
START GROUP
LOAD c:/siliconlabs/simplicitystudio/v3/developer/toolchains/gnu_arm/4.8_2013q4/bin/../lib/gcc/arm-none-eabi/4.8.3/armv7-m\libgcc.a
LOAD c:/siliconlabs/simplicitystudio/v3/developer/toolchains/gnu_arm/4.8_2013q4/bin/../lib/gcc/arm-none-eabi/4.8.3/../../../../arm-none-eabi/lib/armv7-m\libg_s.a
LOAD c:/siliconlabs/simplicitystudio/v3/developer/toolchains/gnu_arm/4.8_2013q4/bin/../lib/gcc/arm-none-eabi/4.8.3/../../../../arm-none-eabi/lib/armv7-m\libc_s.a
END GROUP
START GROUP
LOAD c:/siliconlabs/simplicitystudio/v3/developer/toolchains/gnu_arm/4.8_2013q4/bin/../lib/gcc/arm-none-eabi/4.8.3/armv7-m\libgcc.a
LOAD c:/siliconlabs/simplicitystudio/v3/developer/toolchains/gnu_arm/4.8_2013q4/bin/../lib/gcc/arm-none-eabi/4.8.3/../../../../arm-none-eabi/lib/armv7-m\libc_s.a
END GROUP
LOAD c:/siliconlabs/simplicitystudio/v3/developer/toolchains/gnu_arm/4.8_2013q4/bin/../lib/gcc/arm-none-eabi/4.8.3/armv7-m/crtend.o
LOAD c:/siliconlabs/simplicitystudio/v3/developer/toolchains/gnu_arm/4.8_2013q4/bin/../lib/gcc/arm-none-eabi/4.8.3/armv7-m/crtn.o

.text           0x00000000     0x2394
 *(.vectors)
 .vectors       0x00000000       0xdc ./CMSIS/efm32gg/startup_efm32gg.o
                0x00000000                __Vectors
                0x000000dc                __Vectors_End = .
                0x000000dc                __Vectors_Size = (__Vectors_End - __Vectors)
                0x000000dc                __end__ = .
 *(.text*)
 .text          0x000000dc       0x54 c:/siliconlabs/simplicitystudio/v3/developer/toolchains/gnu_arm/4.8_2013q4/bin/../lib/gcc/arm-none-eabi/4.8.3/armv7-m/crtbegin.o
 .text          0x00000130       0x74 c:/siliconlabs/simplicitystudio/v3/developer/toolchains/gnu_arm/4.8_2013q4/bin/../lib/gcc/arm-none-eabi/4.8.3/../../../../arm-none-eabi/lib/armv7-m/crt0.o
                0x00000130                _start
                0x00000130                _mainCRTStartup
 .text.NVIC_ClearPendingIRQ
                0x000001a4       0x34 ./src/empty_project.o
 .text.USART_IntClear
                0x000001d8       0x1c ./src/empty_project.o
 .text.CHIP_Init
                0x000001f4       0x40 ./src/empty_project.o
 .text.main     0x00000234       0xf0 ./src/empty_project.o
                0x00000234                main
 .text.BITBAND_Peripheral
                0x00000324       0x2c ./emlib/em_cmu.o
 .text.CMU_MaxFreqHfle
                0x00000350       0x8c ./emlib/em_cmu.o
 .text.CMU_FlashWaitStateControl
                0x000003dc       0xb8 ./emlib/em_cmu.o
 .text.CMU_FlashWaitStateMax
                0x00000494       0x1c ./emlib/em_cmu.o
 .text.CMU_DivToLog2
                0x000004b0       0x3c ./emlib/em_cmu.o
 .text.CMU_USBCClkGet
                0x000004ec       0x4c ./emlib/em_cmu.o
 .text.CMU_AUXClkGet
                0x00000538       0x8c ./emlib/em_cmu.o
 .text.CMU_DBGClkGet
                0x000005c4       0x58 ./emlib/em_cmu.o
 .text.CMU_LFClkGet
                0x0000061c       0xb4 ./emlib/em_cmu.o
 .text.CMU_Sync
                0x000006d0       0x34 ./emlib/em_cmu.o
 .text.CMU_ClockDivSet
                0x00000704      0x244 ./emlib/em_cmu.o
                0x00000704                CMU_ClockDivSet
 .text.CMU_ClockEnable
                0x00000948       0xe0 ./emlib/em_cmu.o
                0x00000948                CMU_ClockEnable
 .text.CMU_ClockFreqGet
                0x00000a28      0x1fc ./emlib/em_cmu.o
                0x00000a28                CMU_ClockFreqGet
 .text.CMU_ClockSelectGet
                0x00000c24      0x164 ./emlib/em_cmu.o
                0x00000c24                CMU_ClockSelectGet
 .text.CMU_ClockSelectSet
                0x00000d88      0x29c ./emlib/em_cmu.o
                0x00000d88                CMU_ClockSelectSet
 .text.CMU_LCDClkFDIVSet
                0x00001024       0x3c ./emlib/em_cmu.o
                0x00001024                CMU_LCDClkFDIVSet
 .text.CMU_OscillatorEnable
                0x00001060       0xc0 ./emlib/em_cmu.o
                0x00001060                CMU_OscillatorEnable
 .text.EMU_UpdateOscConfig
                0x00001120       0x1c ./emlib/em_emu.o
                0x00001120                EMU_UpdateOscConfig
 .text.GPIO_PinModeSet
                0x0000113c      0x144 ./emlib/em_gpio.o
                0x0000113c                GPIO_PinModeSet
 .text.LCD_Enable
                0x00001280       0x38 ./emlib/em_lcd.o
 .text.BITBAND_Peripheral
                0x000012b8       0x2c ./emlib/em_lcd.o
 .text.LCD_Init
                0x000012e4       0x70 ./emlib/em_lcd.o
                0x000012e4                LCD_Init
 .text.LCD_VLCDSelect
                0x00001354       0x44 ./emlib/em_lcd.o
                0x00001354                LCD_VLCDSelect
 .text.LCD_SegmentRangeEnable
                0x00001398       0x40 ./emlib/em_lcd.o
                0x00001398                LCD_SegmentRangeEnable
 .text.LCD_SegmentSet
                0x000013d8      0x1e4 ./emlib/em_lcd.o
                0x000013d8                LCD_SegmentSet
 .text.LCD_SegmentSetLow
                0x000015bc      0x17c ./emlib/em_lcd.o
                0x000015bc                LCD_SegmentSetLow
 .text.LCD_SegmentSetHigh
                0x00001738      0x17c ./emlib/em_lcd.o
                0x00001738                LCD_SegmentSetHigh
 .text.LCD_VBoostSet
                0x000018b4       0x28 ./emlib/em_lcd.o
                0x000018b4                LCD_VBoostSet
 .text.SYSTEM_ChipRevisionGet
                0x000018dc       0x74 ./emlib/em_system.o
                0x000018dc                SYSTEM_ChipRevisionGet
 .text.USART_BaudrateAsyncSet
                0x00001950       0xb0 ./emlib/em_usart.o
                0x00001950                USART_BaudrateAsyncSet
 .text.USART_Enable
                0x00001a00       0x70 ./emlib/em_usart.o
                0x00001a00                USART_Enable
 .text.USART_InitAsync
                0x00001a70       0xb4 ./emlib/em_usart.o
                0x00001a70                USART_InitAsync
 .text.USART_Reset
                0x00001b24       0xb0 ./emlib/em_usart.o
                0x00001b24                USART_Reset
 .text.USART_Rx
                0x00001bd4       0x28 ./emlib/em_usart.o
                0x00001bd4                USART_Rx
 .text.USART_Tx
                0x00001bfc       0x2c ./emlib/em_usart.o
                0x00001bfc                USART_Tx
 .text.LCD_FreezeEnable
                0x00001c28       0x2c ./Drivers/segmentlcd.o
 .text.LCD_SyncBusyDelay
                0x00001c54       0x24 ./Drivers/segmentlcd.o
 .text.LCD_IntDisable
                0x00001c78       0x24 ./Drivers/segmentlcd.o
 .text.SegmentLCD_AllOff
                0x00001c9c       0xac ./Drivers/segmentlcd.o
                0x00001c9c                SegmentLCD_AllOff
 .text.SegmentLCD_Init
                0x00001d48       0xb8 ./Drivers/segmentlcd.o
                0x00001d48                SegmentLCD_Init
 .text.SegmentLCD_Number
                0x00001e00      0x124 ./Drivers/segmentlcd.o
                0x00001e00                SegmentLCD_Number
 .text.SegmentLCD_NumberOff
                0x00001f24       0x50 ./Drivers/segmentlcd.o
                0x00001f24                SegmentLCD_NumberOff
 .text          0x00001f74       0x30 ./CMSIS/efm32gg/startup_efm32gg.o
                0x00001f74                Reset_Handler
                0x00001fa0                DebugMon_Handler
                0x00001fa0                USART0_TX_IRQHandler
                0x00001fa0                I2C0_IRQHandler
                0x00001fa0                HardFault_Handler
                0x00001fa0                LEUART1_IRQHandler
                0x00001fa0                SysTick_Handler
                0x00001fa0                USART1_RX_IRQHandler
                0x00001fa0                PendSV_Handler
                0x00001fa0                NMI_Handler
                0x00001fa0                I2C1_IRQHandler
                0x00001fa0                TIMER3_IRQHandler
                0x00001fa0                USART1_TX_IRQHandler
                0x00001fa0                MSC_IRQHandler
                0x00001fa0                ADC0_IRQHandler
                0x00001fa0                UsageFault_Handler
                0x00001fa0                LEUART0_IRQHandler
                0x00001fa0                GPIO_EVEN_IRQHandler
                0x00001fa0                UART0_TX_IRQHandler
                0x00001fa0                UART1_TX_IRQHandler
                0x00001fa0                RTC_IRQHandler
                0x00001fa0                TIMER0_IRQHandler
                0x00001fa0                TIMER2_IRQHandler
                0x00001fa0                LCD_IRQHandler
                0x00001fa0                PCNT2_IRQHandler
                0x00001fa0                UART0_RX_IRQHandler
                0x00001fa0                LETIMER0_IRQHandler
                0x00001fa0                TIMER1_IRQHandler
                0x00001fa0                USART2_RX_IRQHandler
                0x00001fa0                Default_Handler
                0x00001fa0                EMU_IRQHandler
                0x00001fa0                PCNT0_IRQHandler
                0x00001fa0                USB_IRQHandler
                0x00001fa0                BURTC_IRQHandler
                0x00001fa0                PCNT1_IRQHandler
                0x00001fa0                ACMP0_IRQHandler
                0x00001fa0                USART0_RX_IRQHandler
                0x00001fa0                MemManage_Handler
                0x00001fa0                SVC_Handler
                0x00001fa0                DAC0_IRQHandler
                0x00001fa0                UART1_RX_IRQHandler
                0x00001fa0                CMU_IRQHandler
                0x00001fa0                EBI_IRQHandler
                0x00001fa0                LESENSE_IRQHandler
                0x00001fa0                GPIO_ODD_IRQHandler
                0x00001fa0                AES_IRQHandler
                0x00001fa0                VCMP_IRQHandler
                0x00001fa0                DMA_IRQHandler
                0x00001fa0                BusFault_Handler
                0x00001fa0                USART2_TX_IRQHandler
 .text.GetProdRev
                0x00001fa4       0x1c ./CMSIS/efm32gg/system_efm32gg.o
 .text.SystemCoreClockGet
                0x00001fc0       0x48 ./CMSIS/efm32gg/system_efm32gg.o
                0x00001fc0                SystemCoreClockGet
 .text.SystemHFClockGet
                0x00002008       0xf0 ./CMSIS/efm32gg/system_efm32gg.o
                0x00002008                SystemHFClockGet
 .text.SystemHFXOClockGet
                0x000020f8       0x18 ./CMSIS/efm32gg/system_efm32gg.o
                0x000020f8                SystemHFXOClockGet
 .text.SystemInit
                0x00002110        0xc ./CMSIS/efm32gg/system_efm32gg.o
                0x00002110                SystemInit
 .text.SystemLFRCOClockGet
                0x0000211c       0x14 ./CMSIS/efm32gg/system_efm32gg.o
                0x0000211c                SystemLFRCOClockGet
 .text.SystemULFRCOClockGet
                0x00002130       0x14 ./CMSIS/efm32gg/system_efm32gg.o
                0x00002130                SystemULFRCOClockGet
 .text.SystemLFXOClockGet
                0x00002144       0x18 ./CMSIS/efm32gg/system_efm32gg.o
                0x00002144                SystemLFXOClockGet
 .text.abs      0x0000215c        0x8 c:/siliconlabs/simplicitystudio/v3/developer/toolchains/gnu_arm/4.8_2013q4/bin/../lib/gcc/arm-none-eabi/4.8.3/../../../../arm-none-eabi/lib/armv7-m\libc_s.a(lib_a-abs.o)
                0x0000215c                abs
 .text.exit     0x00002164       0x28 c:/siliconlabs/simplicitystudio/v3/developer/toolchains/gnu_arm/4.8_2013q4/bin/../lib/gcc/arm-none-eabi/4.8.3/../../../../arm-none-eabi/lib/armv7-m\libc_s.a(lib_a-exit.o)
                0x00002164                exit
 .text.__libc_init_array
                0x0000218c       0x4c c:/siliconlabs/simplicitystudio/v3/developer/toolchains/gnu_arm/4.8_2013q4/bin/../lib/gcc/arm-none-eabi/4.8.3/../../../../arm-none-eabi/lib/armv7-m\libc_s.a(lib_a-init.o)
                0x0000218c                __libc_init_array
 .text.memset   0x000021d8       0x10 c:/siliconlabs/simplicitystudio/v3/developer/toolchains/gnu_arm/4.8_2013q4/bin/../lib/gcc/arm-none-eabi/4.8.3/../../../../arm-none-eabi/lib/armv7-m\libc_s.a(lib_a-memset.o)
                0x000021d8                memset
 .text._exit    0x000021e8        0x4 c:/siliconlabs/simplicitystudio/v3/developer/toolchains/gnu_arm/4.8_2013q4/bin/../lib/gcc/arm-none-eabi/4.8.3/../../../../arm-none-eabi/lib/armv7-m\libnosys.a(_exit.o)
                0x000021e8                _exit
 *(.init)
 .init          0x000021ec        0x4 c:/siliconlabs/simplicitystudio/v3/developer/toolchains/gnu_arm/4.8_2013q4/bin/../lib/gcc/arm-none-eabi/4.8.3/armv7-m/crti.o
                0x000021ec                _init
 .init          0x000021f0        0x8 c:/siliconlabs/simplicitystudio/v3/developer/toolchains/gnu_arm/4.8_2013q4/bin/../lib/gcc/arm-none-eabi/4.8.3/armv7-m/crtn.o
 *(.fini)
 .fini          0x000021f8        0x4 c:/siliconlabs/simplicitystudio/v3/developer/toolchains/gnu_arm/4.8_2013q4/bin/../lib/gcc/arm-none-eabi/4.8.3/armv7-m/crti.o
                0x000021f8                _fini
 .fini          0x000021fc        0x8 c:/siliconlabs/simplicitystudio/v3/developer/toolchains/gnu_arm/4.8_2013q4/bin/../lib/gcc/arm-none-eabi/4.8.3/armv7-m/crtn.o
 *crtbegin.o(.ctors)
 *crtbegin?.o(.ctors)
 *(EXCLUDE_FILE(*crtend.o *crtend?.o) .ctors)
 *(SORT(.ctors.*))
 *(.ctors)
 *crtbegin.o(.dtors)
 *crtbegin?.o(.dtors)
 *(EXCLUDE_FILE(*crtend.o *crtend?.o) .dtors)
 *(SORT(.dtors.*))
 *(.dtors)
 *(.rodata*)
 .rodata        0x00002204       0x2c ./src/empty_project.o
 .rodata.EFM_Display
                0x00002230      0x120 ./Drivers/segmentlcd.o
 .rodata.EFM_Numbers
                0x00002350       0x24 ./Drivers/segmentlcd.o
 .rodata.lcdInit
                0x00002374       0x14 ./Drivers/segmentlcd.o
 .rodata.str1.1
                0x00002388        0x2 c:/siliconlabs/simplicitystudio/v3/developer/toolchains/gnu_arm/4.8_2013q4/bin/../lib/gcc/arm-none-eabi/4.8.3/../../../../arm-none-eabi/lib/armv7-m\libc_s.a(lib_a-impure.o)
 *fill*         0x0000238a        0x2 
 .rodata._global_impure_ptr
                0x0000238c        0x4 c:/siliconlabs/simplicitystudio/v3/developer/toolchains/gnu_arm/4.8_2013q4/bin/../lib/gcc/arm-none-eabi/4.8.3/../../../../arm-none-eabi/lib/armv7-m\libc_s.a(lib_a-impure.o)
                0x0000238c                _global_impure_ptr
 *(.eh_frame*)
 .eh_frame      0x00002390        0x0 c:/siliconlabs/simplicitystudio/v3/developer/toolchains/gnu_arm/4.8_2013q4/bin/../lib/gcc/arm-none-eabi/4.8.3/armv7-m/crtbegin.o
 .eh_frame      0x00002390        0x4 c:/siliconlabs/simplicitystudio/v3/developer/toolchains/gnu_arm/4.8_2013q4/bin/../lib/gcc/arm-none-eabi/4.8.3/armv7-m/crtend.o

.glue_7         0x00002394        0x0
 .glue_7        0x00000000        0x0 linker stubs

.glue_7t        0x00002394        0x0
 .glue_7t       0x00000000        0x0 linker stubs

.vfp11_veneer   0x00002394        0x0
 .vfp11_veneer  0x00000000        0x0 linker stubs

.v4_bx          0x00002394        0x0
 .v4_bx         0x00000000        0x0 linker stubs

.iplt           0x00002394        0x0
 .iplt          0x00000000        0x0 c:/siliconlabs/simplicitystudio/v3/developer/toolchains/gnu_arm/4.8_2013q4/bin/../lib/gcc/arm-none-eabi/4.8.3/armv7-m/crtbegin.o

.ARM.extab
 *(.ARM.extab* .gnu.linkonce.armextab.*)
                0x00002394                __exidx_start = .

.ARM.exidx      0x00002394        0x8
 *(.ARM.exidx* .gnu.linkonce.armexidx.*)
 .ARM.exidx     0x00002394        0x8 c:/siliconlabs/simplicitystudio/v3/developer/toolchains/gnu_arm/4.8_2013q4/bin/../lib/gcc/arm-none-eabi/4.8.3/../../../../arm-none-eabi/lib/armv7-m/crt0.o
                0x0000239c                __exidx_end = .
                0x0000239c                __etext = .

.rel.dyn        0x0000239c        0x0
 .rel.iplt      0x00000000        0x0 c:/siliconlabs/simplicitystudio/v3/developer/toolchains/gnu_arm/4.8_2013q4/bin/../lib/gcc/arm-none-eabi/4.8.3/armv7-m/crtbegin.o

.data           0x20000000       0x74 load address 0x0000239c
                0x20000000                __data_start__ = .
 *(vtable)
 *(.data*)
 .data.SystemHFXOClock
                0x20000000        0x4 ./CMSIS/efm32gg/system_efm32gg.o
 .data.SystemLFXOClock
                0x20000004        0x4 ./CMSIS/efm32gg/system_efm32gg.o
 .data.impure_data
                0x20000008       0x60 c:/siliconlabs/simplicitystudio/v3/developer/toolchains/gnu_arm/4.8_2013q4/bin/../lib/gcc/arm-none-eabi/4.8.3/../../../../arm-none-eabi/lib/armv7-m\libc_s.a(lib_a-impure.o)
                0x20000068                . = ALIGN (0x4)
 *(.ram)
                0x20000068                . = ALIGN (0x4)
                0x20000068                PROVIDE (__preinit_array_start, .)
 *(.preinit_array)
                0x20000068                PROVIDE (__preinit_array_end, .)
                0x20000068                . = ALIGN (0x4)
                0x20000068                PROVIDE (__init_array_start, .)
 *(SORT(.init_array.*))
 *(.init_array)
 .init_array    0x20000068        0x4 c:/siliconlabs/simplicitystudio/v3/developer/toolchains/gnu_arm/4.8_2013q4/bin/../lib/gcc/arm-none-eabi/4.8.3/armv7-m/crtbegin.o
                0x2000006c                PROVIDE (__init_array_end, .)
                0x2000006c                . = ALIGN (0x4)
                0x2000006c                PROVIDE (__fini_array_start, .)
 *(SORT(.fini_array.*))
 *(.fini_array)
 .fini_array    0x2000006c        0x4 c:/siliconlabs/simplicitystudio/v3/developer/toolchains/gnu_arm/4.8_2013q4/bin/../lib/gcc/arm-none-eabi/4.8.3/armv7-m/crtbegin.o
                0x20000070                PROVIDE (__fini_array_end, .)
 *(.jcr*)
 .jcr           0x20000070        0x0 c:/siliconlabs/simplicitystudio/v3/developer/toolchains/gnu_arm/4.8_2013q4/bin/../lib/gcc/arm-none-eabi/4.8.3/armv7-m/crtbegin.o
 .jcr           0x20000070        0x4 c:/siliconlabs/simplicitystudio/v3/developer/toolchains/gnu_arm/4.8_2013q4/bin/../lib/gcc/arm-none-eabi/4.8.3/armv7-m/crtend.o
                0x20000074                . = ALIGN (0x4)
                0x20000074                __data_end__ = .

.igot.plt       0x20000074        0x0 load address 0x00002410
 .igot.plt      0x00000000        0x0 c:/siliconlabs/simplicitystudio/v3/developer/toolchains/gnu_arm/4.8_2013q4/bin/../lib/gcc/arm-none-eabi/4.8.3/armv7-m/crtbegin.o

.bss            0x20000074       0x24 load address 0x00002410
                0x20000074                . = ALIGN (0x4)
                0x20000074                __bss_start__ = .
 *(.bss*)
 .bss           0x20000074       0x1c c:/siliconlabs/simplicitystudio/v3/developer/toolchains/gnu_arm/4.8_2013q4/bin/../lib/gcc/arm-none-eabi/4.8.3/armv7-m/crtbegin.o
 .bss.cmuStatus
                0x20000090        0x4 ./emlib/em_emu.o
 *(COMMON)
 COMMON         0x20000094        0x4 ./CMSIS/efm32gg/system_efm32gg.o
                0x20000094                SystemCoreClock
                0x20000098                . = ALIGN (0x4)
                0x20000098                __bss_end__ = .

.heap           0x20000098      0xc00
                0x20000098                __HeapBase = .
                0x20000098                __end__ = .
                0x20000098                end = __end__
                0x20000098                _end = __end__
 *(.heap*)
 .heap          0x20000098      0xc00 ./CMSIS/efm32gg/startup_efm32gg.o
                0x20000c98                __HeapLimit = .

.stack_dummy    0x20000098      0x400
 *(.stack*)
 .stack         0x20000098      0x400 ./CMSIS/efm32gg/startup_efm32gg.o
                0x20020000                __StackTop = (ORIGIN (RAM) + 0x20000)
                0x2001fc00                __StackLimit = (__StackTop - SIZEOF (.stack_dummy))
                0x20020000                PROVIDE (__stack, __StackTop)
                0x00000001                ASSERT ((__StackLimit >= __HeapLimit), region RAM overflowed with stack)
                0x00000001                ASSERT ((0x100000 >= (__etext + SIZEOF (.data))), FLASH memory overflowed !)
OUTPUT(UART_example.axf elf32-littlearm)

.ARM.attributes
                0x00000000       0x29
 .ARM.attributes
                0x00000000       0x1d c:/siliconlabs/simplicitystudio/v3/developer/toolchains/gnu_arm/4.8_2013q4/bin/../lib/gcc/arm-none-eabi/4.8.3/armv7-m/crti.o
 .ARM.attributes
                0x0000001d       0x2d c:/siliconlabs/simplicitystudio/v3/developer/toolchains/gnu_arm/4.8_2013q4/bin/../lib/gcc/arm-none-eabi/4.8.3/armv7-m/crtbegin.o
 .ARM.attributes
                0x0000004a       0x1b c:/siliconlabs/simplicitystudio/v3/developer/toolchains/gnu_arm/4.8_2013q4/bin/../lib/gcc/arm-none-eabi/4.8.3/../../../../arm-none-eabi/lib/armv7-m/crt0.o
 .ARM.attributes
                0x00000065       0x33 ./src/empty_project.o
 .ARM.attributes
                0x00000098       0x33 ./emlib/em_cmu.o
 .ARM.attributes
                0x000000cb       0x33 ./emlib/em_emu.o
 .ARM.attributes
                0x000000fe       0x33 ./emlib/em_gpio.o
 .ARM.attributes
                0x00000131       0x33 ./emlib/em_lcd.o
 .ARM.attributes
                0x00000164       0x33 ./emlib/em_system.o
 .ARM.attributes
                0x00000197       0x33 ./emlib/em_usart.o
 .ARM.attributes
                0x000001ca       0x33 ./Drivers/segmentlcd.o
 .ARM.attributes
                0x000001fd       0x1b ./CMSIS/efm32gg/startup_efm32gg.o
 .ARM.attributes
                0x00000218       0x33 ./CMSIS/efm32gg/system_efm32gg.o
 .ARM.attributes
                0x0000024b       0x2d c:/siliconlabs/simplicitystudio/v3/developer/toolchains/gnu_arm/4.8_2013q4/bin/../lib/gcc/arm-none-eabi/4.8.3/../../../../arm-none-eabi/lib/armv7-m\libc_s.a(lib_a-abs.o)
 .ARM.attributes
                0x00000278       0x2d c:/siliconlabs/simplicitystudio/v3/developer/toolchains/gnu_arm/4.8_2013q4/bin/../lib/gcc/arm-none-eabi/4.8.3/../../../../arm-none-eabi/lib/armv7-m\libc_s.a(lib_a-exit.o)
 .ARM.attributes
                0x000002a5       0x2d c:/siliconlabs/simplicitystudio/v3/developer/toolchains/gnu_arm/4.8_2013q4/bin/../lib/gcc/arm-none-eabi/4.8.3/../../../../arm-none-eabi/lib/armv7-m\libc_s.a(lib_a-impure.o)
 .ARM.attributes
                0x000002d2       0x2d c:/siliconlabs/simplicitystudio/v3/developer/toolchains/gnu_arm/4.8_2013q4/bin/../lib/gcc/arm-none-eabi/4.8.3/../../../../arm-none-eabi/lib/armv7-m\libc_s.a(lib_a-init.o)
 .ARM.attributes
                0x000002ff       0x2d c:/siliconlabs/simplicitystudio/v3/developer/toolchains/gnu_arm/4.8_2013q4/bin/../lib/gcc/arm-none-eabi/4.8.3/../../../../arm-none-eabi/lib/armv7-m\libc_s.a(lib_a-memset.o)
 .ARM.attributes
                0x0000032c       0x2d c:/siliconlabs/simplicitystudio/v3/developer/toolchains/gnu_arm/4.8_2013q4/bin/../lib/gcc/arm-none-eabi/4.8.3/../../../../arm-none-eabi/lib/armv7-m\libnosys.a(_exit.o)
 .ARM.attributes
                0x00000359       0x2d c:/siliconlabs/simplicitystudio/v3/developer/toolchains/gnu_arm/4.8_2013q4/bin/../lib/gcc/arm-none-eabi/4.8.3/armv7-m/crtend.o
 .ARM.attributes
                0x00000386       0x1d c:/siliconlabs/simplicitystudio/v3/developer/toolchains/gnu_arm/4.8_2013q4/bin/../lib/gcc/arm-none-eabi/4.8.3/armv7-m/crtn.o

.comment        0x00000000       0x70
 .comment       0x00000000       0x70 ./src/empty_project.o
                                 0x71 (size before relaxing)
 .comment       0x00000000       0x71 ./emlib/em_cmu.o
 .comment       0x00000000       0x71 ./emlib/em_emu.o
 .comment       0x00000000       0x71 ./emlib/em_gpio.o
 .comment       0x00000000       0x71 ./emlib/em_lcd.o
 .comment       0x00000000       0x71 ./emlib/em_system.o
 .comment       0x00000000       0x71 ./emlib/em_usart.o
 .comment       0x00000000       0x71 ./Drivers/segmentlcd.o
 .comment       0x00000000       0x71 ./CMSIS/efm32gg/system_efm32gg.o

.debug_info     0x00000000     0x5ee6
 .debug_info    0x00000000      0xab1 ./src/empty_project.o
 .debug_info    0x00000ab1     0x10c0 ./emlib/em_cmu.o
 .debug_info    0x00001b71      0xd7c ./emlib/em_emu.o
 .debug_info    0x000028ed      0x4d4 ./emlib/em_gpio.o
 .debug_info    0x00002dc1      0xa29 ./emlib/em_lcd.o
 .debug_info    0x000037ea      0x241 ./emlib/em_system.o
 .debug_info    0x00003a2b      0xe72 ./emlib/em_usart.o
 .debug_info    0x0000489d     0x101b ./Drivers/segmentlcd.o
 .debug_info    0x000058b8       0xeb ./CMSIS/efm32gg/startup_efm32gg.o
 .debug_info    0x000059a3      0x543 ./CMSIS/efm32gg/system_efm32gg.o

.debug_abbrev   0x00000000      0xfa9
 .debug_abbrev  0x00000000      0x1c7 ./src/empty_project.o
 .debug_abbrev  0x000001c7      0x2b9 ./emlib/em_cmu.o
 .debug_abbrev  0x00000480      0x263 ./emlib/em_emu.o
 .debug_abbrev  0x000006e3      0x13a ./emlib/em_gpio.o
 .debug_abbrev  0x0000081d      0x1cf ./emlib/em_lcd.o
 .debug_abbrev  0x000009ec       0xed ./emlib/em_system.o
 .debug_abbrev  0x00000ad9      0x1ba ./emlib/em_usart.o
 .debug_abbrev  0x00000c93      0x197 ./Drivers/segmentlcd.o
 .debug_abbrev  0x00000e2a       0x14 ./CMSIS/efm32gg/startup_efm32gg.o
 .debug_abbrev  0x00000e3e      0x16b ./CMSIS/efm32gg/system_efm32gg.o

.debug_loc      0x00000000     0x1b12
 .debug_loc     0x00000000       0xe2 ./src/empty_project.o
 .debug_loc     0x000000e2      0x708 ./emlib/em_cmu.o
 .debug_loc     0x000007ea      0x3b4 ./emlib/em_emu.o
 .debug_loc     0x00000b9e      0x118 ./emlib/em_gpio.o
 .debug_loc     0x00000cb6      0x3b8 ./emlib/em_lcd.o
 .debug_loc     0x0000106e       0x70 ./emlib/em_system.o
 .debug_loc     0x000010de      0x460 ./emlib/em_usart.o
 .debug_loc     0x0000153e      0x3ec ./Drivers/segmentlcd.o
 .debug_loc     0x0000192a      0x1e8 ./CMSIS/efm32gg/system_efm32gg.o

.debug_aranges  0x00000000      0x4f8
 .debug_aranges
                0x00000000       0x38 ./src/empty_project.o
 .debug_aranges
                0x00000038      0x120 ./emlib/em_cmu.o
 .debug_aranges
                0x00000158       0xa8 ./emlib/em_emu.o
 .debug_aranges
                0x00000200       0x40 ./emlib/em_gpio.o
 .debug_aranges
                0x00000240       0xa0 ./emlib/em_lcd.o
 .debug_aranges
                0x000002e0       0x28 ./emlib/em_system.o
 .debug_aranges
                0x00000308       0xb8 ./emlib/em_usart.o
 .debug_aranges
                0x000003c0       0xb0 ./Drivers/segmentlcd.o
 .debug_aranges
                0x00000470       0x20 ./CMSIS/efm32gg/startup_efm32gg.o
 .debug_aranges
                0x00000490       0x68 ./CMSIS/efm32gg/system_efm32gg.o

.debug_ranges   0x00000000      0x448
 .debug_ranges  0x00000000       0x28 ./src/empty_project.o
 .debug_ranges  0x00000028      0x110 ./emlib/em_cmu.o
 .debug_ranges  0x00000138       0x98 ./emlib/em_emu.o
 .debug_ranges  0x000001d0       0x30 ./emlib/em_gpio.o
 .debug_ranges  0x00000200       0x90 ./emlib/em_lcd.o
 .debug_ranges  0x00000290       0x18 ./emlib/em_system.o
 .debug_ranges  0x000002a8       0xa8 ./emlib/em_usart.o
 .debug_ranges  0x00000350       0xa0 ./Drivers/segmentlcd.o
 .debug_ranges  0x000003f0       0x58 ./CMSIS/efm32gg/system_efm32gg.o

.debug_line     0x00000000     0x2523
 .debug_line    0x00000000      0x28e ./src/empty_project.o
 .debug_line    0x0000028e      0x7f8 ./emlib/em_cmu.o
 .debug_line    0x00000a86      0x47f ./emlib/em_emu.o
 .debug_line    0x00000f05      0x27b ./emlib/em_gpio.o
 .debug_line    0x00001180      0x440 ./emlib/em_lcd.o
 .debug_line    0x000015c0      0x24f ./emlib/em_system.o
 .debug_line    0x0000180f      0x4b0 ./emlib/em_usart.o
 .debug_line    0x00001cbf      0x4f5 ./Drivers/segmentlcd.o
 .debug_line    0x000021b4       0xbe ./CMSIS/efm32gg/startup_efm32gg.o
 .debug_line    0x00002272      0x2b1 ./CMSIS/efm32gg/system_efm32gg.o

.debug_str      0x00000000     0x2c8c
 .debug_str     0x00000000      0xdd6 ./src/empty_project.o
                                0xe3d (size before relaxing)
 .debug_str     0x00000dd6      0x6e4 ./emlib/em_cmu.o
                                0xc7e (size before relaxing)
 .debug_str     0x000014ba      0x47c ./emlib/em_emu.o
                                0x83f (size before relaxing)
 .debug_str     0x00001936      0x19d ./emlib/em_gpio.o
                                0x54d (size before relaxing)
 .debug_str     0x00001ad3      0x6da ./emlib/em_lcd.o
                                0x8c8 (size before relaxing)
 .debug_str     0x000021ad       0xb7 ./emlib/em_system.o
                                0x2a8 (size before relaxing)
 .debug_str     0x00002264      0x5a1 ./emlib/em_usart.o
                                0xdc4 (size before relaxing)
 .debug_str     0x00002805      0x33a ./Drivers/segmentlcd.o
                                0xcdc (size before relaxing)
 .debug_str     0x00002b3f      0x14d ./CMSIS/efm32gg/system_efm32gg.o
                                0x47f (size before relaxing)

.debug_frame    0x00000000      0xfd4
 .debug_frame   0x00000000       0x8c ./src/empty_project.o
 .debug_frame   0x0000008c      0x3d0 ./emlib/em_cmu.o
 .debug_frame   0x0000045c      0x210 ./emlib/em_emu.o
 .debug_frame   0x0000066c       0xa8 ./emlib/em_gpio.o
 .debug_frame   0x00000714      0x1fc ./emlib/em_lcd.o
 .debug_frame   0x00000910       0x48 ./emlib/em_system.o
 .debug_frame   0x00000958      0x25c ./emlib/em_usart.o
 .debug_frame   0x00000bb4      0x24c ./Drivers/segmentlcd.o
 .debug_frame   0x00000e00      0x120 ./CMSIS/efm32gg/system_efm32gg.o
 .debug_frame   0x00000f20       0x20 c:/siliconlabs/simplicitystudio/v3/developer/toolchains/gnu_arm/4.8_2013q4/bin/../lib/gcc/arm-none-eabi/4.8.3/../../../../arm-none-eabi/lib/armv7-m\libc_s.a(lib_a-abs.o)
 .debug_frame   0x00000f40       0x28 c:/siliconlabs/simplicitystudio/v3/developer/toolchains/gnu_arm/4.8_2013q4/bin/../lib/gcc/arm-none-eabi/4.8.3/../../../../arm-none-eabi/lib/armv7-m\libc_s.a(lib_a-exit.o)
 .debug_frame   0x00000f68       0x2c c:/siliconlabs/simplicitystudio/v3/developer/toolchains/gnu_arm/4.8_2013q4/bin/../lib/gcc/arm-none-eabi/4.8.3/../../../../arm-none-eabi/lib/armv7-m\libc_s.a(lib_a-init.o)
 .debug_frame   0x00000f94       0x20 c:/siliconlabs/simplicitystudio/v3/developer/toolchains/gnu_arm/4.8_2013q4/bin/../lib/gcc/arm-none-eabi/4.8.3/../../../../arm-none-eabi/lib/armv7-m\libc_s.a(lib_a-memset.o)
 .debug_frame   0x00000fb4       0x20 c:/siliconlabs/simplicitystudio/v3/developer/toolchains/gnu_arm/4.8_2013q4/bin/../lib/gcc/arm-none-eabi/4.8.3/../../../../arm-none-eabi/lib/armv7-m\libnosys.a(_exit.o)
