Archive member included because of file (symbol)

c:/siliconlabs/simplicitystudio/v3/developer/toolchains/gnu_arm/4.8_2013q4/bin/../lib/gcc/arm-none-eabi/4.8.3/../../../../arm-none-eabi/lib/armv7-m\libc_s.a(lib_a-abs.o)
                              ./Drivers/segmentlcd.o (abs)
c:/siliconlabs/simplicitystudio/v3/developer/toolchains/gnu_arm/4.8_2013q4/bin/../lib/gcc/arm-none-eabi/4.8.3/../../../../arm-none-eabi/lib/armv7-m\libc_s.a(lib_a-exit.o)
                              c:/siliconlabs/simplicitystudio/v3/developer/toolchains/gnu_arm/4.8_2013q4/bin/../lib/gcc/arm-none-eabi/4.8.3/../../../../arm-none-eabi/lib/armv7-m/crt0.o (exit)
c:/siliconlabs/simplicitystudio/v3/developer/toolchains/gnu_arm/4.8_2013q4/bin/../lib/gcc/arm-none-eabi/4.8.3/../../../../arm-none-eabi/lib/armv7-m\libc_s.a(lib_a-impure.o)
                              c:/siliconlabs/simplicitystudio/v3/developer/toolchains/gnu_arm/4.8_2013q4/bin/../lib/gcc/arm-none-eabi/4.8.3/../../../../arm-none-eabi/lib/armv7-m\libc_s.a(lib_a-exit.o) (_global_impure_ptr)
c:/siliconlabs/simplicitystudio/v3/developer/toolchains/gnu_arm/4.8_2013q4/bin/../lib/gcc/arm-none-eabi/4.8.3/../../../../arm-none-eabi/lib/armv7-m\libc_s.a(lib_a-init.o)
                              c:/siliconlabs/simplicitystudio/v3/developer/toolchains/gnu_arm/4.8_2013q4/bin/../lib/gcc/arm-none-eabi/4.8.3/../../../../arm-none-eabi/lib/armv7-m/crt0.o (__libc_init_array)
c:/siliconlabs/simplicitystudio/v3/developer/toolchains/gnu_arm/4.8_2013q4/bin/../lib/gcc/arm-none-eabi/4.8.3/../../../../arm-none-eabi/lib/armv7-m\libc_s.a(lib_a-memset.o)
                              c:/siliconlabs/simplicitystudio/v3/developer/toolchains/gnu_arm/4.8_2013q4/bin/../lib/gcc/arm-none-eabi/4.8.3/../../../../arm-none-eabi/lib/armv7-m/crt0.o (memset)
c:/siliconlabs/simplicitystudio/v3/developer/toolchains/gnu_arm/4.8_2013q4/bin/../lib/gcc/arm-none-eabi/4.8.3/../../../../arm-none-eabi/lib/armv7-m\libc_s.a(lib_a-strlen.o)
                              ./Drivers/segmentlcd.o (strlen)
c:/siliconlabs/simplicitystudio/v3/developer/toolchains/gnu_arm/4.8_2013q4/bin/../lib/gcc/arm-none-eabi/4.8.3/../../../../arm-none-eabi/lib/armv7-m\libnosys.a(_exit.o)
                              c:/siliconlabs/simplicitystudio/v3/developer/toolchains/gnu_arm/4.8_2013q4/bin/../lib/gcc/arm-none-eabi/4.8.3/../../../../arm-none-eabi/lib/armv7-m\libc_s.a(lib_a-exit.o) (_exit)

Allocating common symbols
Common symbol       size              file

SystemCoreClock     0x4               ./CMSIS/efm32gg/system_efm32gg.o
msTicks             0x4               ./src/leuart_test.o

Discarded input sections

 .text          0x00000000        0x0 c:/siliconlabs/simplicitystudio/v3/developer/toolchains/gnu_arm/4.8_2013q4/bin/../lib/gcc/arm-none-eabi/4.8.3/armv7-m/crti.o
 .data          0x00000000        0x0 c:/siliconlabs/simplicitystudio/v3/developer/toolchains/gnu_arm/4.8_2013q4/bin/../lib/gcc/arm-none-eabi/4.8.3/armv7-m/crti.o
 .bss           0x00000000        0x0 c:/siliconlabs/simplicitystudio/v3/developer/toolchains/gnu_arm/4.8_2013q4/bin/../lib/gcc/arm-none-eabi/4.8.3/armv7-m/crti.o
 .data          0x00000000        0x4 c:/siliconlabs/simplicitystudio/v3/developer/toolchains/gnu_arm/4.8_2013q4/bin/../lib/gcc/arm-none-eabi/4.8.3/armv7-m/crtbegin.o
 .data          0x00000000        0x0 c:/siliconlabs/simplicitystudio/v3/developer/toolchains/gnu_arm/4.8_2013q4/bin/../lib/gcc/arm-none-eabi/4.8.3/../../../../arm-none-eabi/lib/armv7-m/crt0.o
 .bss           0x00000000        0x0 c:/siliconlabs/simplicitystudio/v3/developer/toolchains/gnu_arm/4.8_2013q4/bin/../lib/gcc/arm-none-eabi/4.8.3/../../../../arm-none-eabi/lib/armv7-m/crt0.o
 .ARM.extab     0x00000000        0x0 c:/siliconlabs/simplicitystudio/v3/developer/toolchains/gnu_arm/4.8_2013q4/bin/../lib/gcc/arm-none-eabi/4.8.3/../../../../arm-none-eabi/lib/armv7-m/crt0.o
 .text          0x00000000        0x0 ./src/leuart_test.o
 .data          0x00000000        0x0 ./src/leuart_test.o
 .bss           0x00000000        0x0 ./src/leuart_test.o
 .text          0x00000000        0x0 ./emlib/em_cmu.o
 .data          0x00000000        0x0 ./emlib/em_cmu.o
 .bss           0x00000000        0x0 ./emlib/em_cmu.o
 .text.CMU_Log2ToDiv
                0x00000000       0x1c ./emlib/em_cmu.o
 .text.CMU_Calibrate
                0x00000000       0x88 ./emlib/em_cmu.o
 .text.CMU_CalibrateConfig
                0x00000000       0xd8 ./emlib/em_cmu.o
 .text.CMU_ClockDivGet
                0x00000000      0x16c ./emlib/em_cmu.o
 .text.CMU_FreezeEnable
                0x00000000       0x38 ./emlib/em_cmu.o
 .text.CMU_AUXHFRCOBandGet
                0x00000000       0x20 ./emlib/em_cmu.o
 .text.CMU_AUXHFRCOBandSet
                0x00000000       0xb0 ./emlib/em_cmu.o
 .text.CMU_HFRCOBandGet
                0x00000000       0x20 ./emlib/em_cmu.o
 .text.CMU_HFRCOBandSet
                0x00000000       0xcc ./emlib/em_cmu.o
 .text.CMU_HFRCOStartupDelayGet
                0x00000000       0x1c ./emlib/em_cmu.o
 .text.CMU_HFRCOStartupDelaySet
                0x00000000       0x30 ./emlib/em_cmu.o
 .text.CMU_LCDClkFDIVGet
                0x00000000       0x1c ./emlib/em_cmu.o
 .text.CMU_OscillatorTuningGet
                0x00000000       0x50 ./emlib/em_cmu.o
 .text.CMU_OscillatorTuningSet
                0x00000000       0x74 ./emlib/em_cmu.o
 .text.CMU_PCNTClockExternalGet
                0x00000000       0x64 ./emlib/em_cmu.o
 .text.CMU_PCNTClockExternalSet
                0x00000000       0x34 ./emlib/em_cmu.o
 .text          0x00000000        0x0 ./emlib/em_emu.o
 .data          0x00000000        0x0 ./emlib/em_emu.o
 .bss           0x00000000        0x0 ./emlib/em_emu.o
 .text.SystemCoreClockUpdate
                0x00000000        0xc ./emlib/em_emu.o
 .text.BITBAND_Peripheral
                0x00000000       0x2c ./emlib/em_emu.o
 .text.EMU_BUPinEnable
                0x00000000       0x20 ./emlib/em_emu.o
 .text.EMU_Unlock
                0x00000000       0x18 ./emlib/em_emu.o
 .text.CMU_Lock
                0x00000000       0x18 ./emlib/em_emu.o
 .text.CMU_Unlock
                0x00000000       0x1c ./emlib/em_emu.o
 .text.EMU_Restore
                0x00000000       0xf4 ./emlib/em_emu.o
 .text.getErrataFixEmuE107En
                0x00000000       0x68 ./emlib/em_emu.o
 .text.EMU_EnterEM2
                0x00000000       0x9c ./emlib/em_emu.o
 .text.EMU_EnterEM3
                0x00000000       0xbc ./emlib/em_emu.o
 .text.EMU_EnterEM4
                0x00000000       0x50 ./emlib/em_emu.o
 .text.EMU_MemPwrDown
                0x00000000       0x1c ./emlib/em_emu.o
 .text.EMU_EM23Init
                0x00000000       0x34 ./emlib/em_emu.o
 .text.EMU_EM4Init
                0x00000000       0x50 ./emlib/em_emu.o
 .text.EMU_BUPDInit
                0x00000000       0xcc ./emlib/em_emu.o
 .text.EMU_BUThresholdSet
                0x00000000       0x4c ./emlib/em_emu.o
 .text.EMU_BUThresRangeSet
                0x00000000       0x50 ./emlib/em_emu.o
 .text          0x00000000        0x0 ./emlib/em_gpio.o
 .data          0x00000000        0x0 ./emlib/em_gpio.o
 .bss           0x00000000        0x0 ./emlib/em_gpio.o
 .text.BITBAND_Peripheral
                0x00000000       0x2c ./emlib/em_gpio.o
 .text.GPIO_DbgLocationSet
                0x00000000       0x2c ./emlib/em_gpio.o
 .text.GPIO_DriveModeSet
                0x00000000       0x50 ./emlib/em_gpio.o
 .text.GPIO_IntConfig
                0x00000000       0xc0 ./emlib/em_gpio.o
 .text          0x00000000        0x0 ./emlib/em_lcd.o
 .data          0x00000000        0x0 ./emlib/em_lcd.o
 .bss           0x00000000        0x0 ./emlib/em_lcd.o
 .text.LCD_AnimEnable
                0x00000000       0x38 ./emlib/em_lcd.o
 .text.LCD_FrameCountEnable
                0x00000000       0x38 ./emlib/em_lcd.o
 .text.LCD_UpdateCtrl
                0x00000000       0x28 ./emlib/em_lcd.o
 .text.LCD_FrameCountInit
                0x00000000       0x48 ./emlib/em_lcd.o
 .text.LCD_AnimInit
                0x00000000       0x84 ./emlib/em_lcd.o
 .text.LCD_ContrastSet
                0x00000000       0x28 ./emlib/em_lcd.o
 .text.LCD_BiasSegmentSet
                0x00000000      0x104 ./emlib/em_lcd.o
 .text.LCD_BiasComSet
                0x00000000       0x40 ./emlib/em_lcd.o
 .text          0x00000000        0x0 ./emlib/em_leuart.o
 .data          0x00000000        0x0 ./emlib/em_leuart.o
 .bss           0x00000000        0x0 ./emlib/em_leuart.o
 .text.LEUART_BaudrateCalc
                0x00000000       0x5c ./emlib/em_leuart.o
 .text.LEUART_BaudrateGet
                0x00000000       0x58 ./emlib/em_leuart.o
 .text.LEUART_Enable
                0x00000000       0x58 ./emlib/em_leuart.o
 .text.LEUART_Rx
                0x00000000       0x28 ./emlib/em_leuart.o
 .text.LEUART_RxExt
                0x00000000       0x28 ./emlib/em_leuart.o
 .text.LEUART_TxExt
                0x00000000       0x30 ./emlib/em_leuart.o
 .text.LEUART_TxDmaInEM2Enable
                0x00000000       0x3c ./emlib/em_leuart.o
 .text.LEUART_RxDmaInEM2Enable
                0x00000000       0x3c ./emlib/em_leuart.o
 .text          0x00000000        0x0 ./emlib/em_system.o
 .data          0x00000000        0x0 ./emlib/em_system.o
 .bss           0x00000000        0x0 ./emlib/em_system.o
 .text.SYSTEM_GetCalibrationValue
                0x00000000       0x54 ./emlib/em_system.o
 .text          0x00000000        0x0 ./Drivers/segmentlcd.o
 .data          0x00000000        0x0 ./Drivers/segmentlcd.o
 .bss           0x00000000        0x0 ./Drivers/segmentlcd.o
 .text.LCD_Enable
                0x00000000       0x38 ./Drivers/segmentlcd.o
 .rodata.EFM_Numbers
                0x00000000       0x24 ./Drivers/segmentlcd.o
 .rodata.signIndex
                0x00000000        0x2 ./Drivers/segmentlcd.o
 .text.SegmentLCD_AllOn
                0x00000000       0xcc ./Drivers/segmentlcd.o
 .text.SegmentLCD_ARing
                0x00000000       0x54 ./Drivers/segmentlcd.o
 .text.SegmentLCD_Battery
                0x00000000       0x78 ./Drivers/segmentlcd.o
 .text.SegmentLCD_Disable
                0x00000000       0x28 ./Drivers/segmentlcd.o
 .text.SegmentLCD_EnergyMode
                0x00000000       0x50 ./Drivers/segmentlcd.o
 .text.SegmentLCD_LowerHex
                0x00000000       0x94 ./Drivers/segmentlcd.o
 .rodata        0x00000000        0x8 ./Drivers/segmentlcd.o
 .text.SegmentLCD_LowerNumber
                0x00000000       0xc0 ./Drivers/segmentlcd.o
 .text.SegmentLCD_Number
                0x00000000      0x124 ./Drivers/segmentlcd.o
 .text.SegmentLCD_NumberOff
                0x00000000       0x50 ./Drivers/segmentlcd.o
 .text.SegmentLCD_Symbol
                0x00000000      0x130 ./Drivers/segmentlcd.o
 .text.SegmentLCD_UnsignedHex
                0x00000000       0xc8 ./Drivers/segmentlcd.o
 .data          0x00000000        0x0 ./CMSIS/efm32gg/startup_efm32gg.o
 .bss           0x00000000        0x0 ./CMSIS/efm32gg/startup_efm32gg.o
 .text          0x00000000        0x0 ./CMSIS/efm32gg/system_efm32gg.o
 .data          0x00000000        0x0 ./CMSIS/efm32gg/system_efm32gg.o
 .bss           0x00000000        0x0 ./CMSIS/efm32gg/system_efm32gg.o
 .text.SystemHFXOClockSet
                0x00000000       0x2c ./CMSIS/efm32gg/system_efm32gg.o
 .text.SystemLFXOClockSet
                0x00000000       0x2c ./CMSIS/efm32gg/system_efm32gg.o
 .text          0x00000000        0x0 c:/siliconlabs/simplicitystudio/v3/developer/toolchains/gnu_arm/4.8_2013q4/bin/../lib/gcc/arm-none-eabi/4.8.3/../../../../arm-none-eabi/lib/armv7-m\libc_s.a(lib_a-abs.o)
 .data          0x00000000        0x0 c:/siliconlabs/simplicitystudio/v3/developer/toolchains/gnu_arm/4.8_2013q4/bin/../lib/gcc/arm-none-eabi/4.8.3/../../../../arm-none-eabi/lib/armv7-m\libc_s.a(lib_a-abs.o)
 .bss           0x00000000        0x0 c:/siliconlabs/simplicitystudio/v3/developer/toolchains/gnu_arm/4.8_2013q4/bin/../lib/gcc/arm-none-eabi/4.8.3/../../../../arm-none-eabi/lib/armv7-m\libc_s.a(lib_a-abs.o)
 .text.abs      0x00000000        0x8 c:/siliconlabs/simplicitystudio/v3/developer/toolchains/gnu_arm/4.8_2013q4/bin/../lib/gcc/arm-none-eabi/4.8.3/../../../../arm-none-eabi/lib/armv7-m\libc_s.a(lib_a-abs.o)
 .ARM.attributes
                0x00000000       0x2d c:/siliconlabs/simplicitystudio/v3/developer/toolchains/gnu_arm/4.8_2013q4/bin/../lib/gcc/arm-none-eabi/4.8.3/../../../../arm-none-eabi/lib/armv7-m\libc_s.a(lib_a-abs.o)
 .debug_frame   0x00000000       0x20 c:/siliconlabs/simplicitystudio/v3/developer/toolchains/gnu_arm/4.8_2013q4/bin/../lib/gcc/arm-none-eabi/4.8.3/../../../../arm-none-eabi/lib/armv7-m\libc_s.a(lib_a-abs.o)
 .text          0x00000000        0x0 c:/siliconlabs/simplicitystudio/v3/developer/toolchains/gnu_arm/4.8_2013q4/bin/../lib/gcc/arm-none-eabi/4.8.3/../../../../arm-none-eabi/lib/armv7-m\libc_s.a(lib_a-exit.o)
 .data          0x00000000        0x0 c:/siliconlabs/simplicitystudio/v3/developer/toolchains/gnu_arm/4.8_2013q4/bin/../lib/gcc/arm-none-eabi/4.8.3/../../../../arm-none-eabi/lib/armv7-m\libc_s.a(lib_a-exit.o)
 .bss           0x00000000        0x0 c:/siliconlabs/simplicitystudio/v3/developer/toolchains/gnu_arm/4.8_2013q4/bin/../lib/gcc/arm-none-eabi/4.8.3/../../../../arm-none-eabi/lib/armv7-m\libc_s.a(lib_a-exit.o)
 .text          0x00000000        0x0 c:/siliconlabs/simplicitystudio/v3/developer/toolchains/gnu_arm/4.8_2013q4/bin/../lib/gcc/arm-none-eabi/4.8.3/../../../../arm-none-eabi/lib/armv7-m\libc_s.a(lib_a-impure.o)
 .data          0x00000000        0x0 c:/siliconlabs/simplicitystudio/v3/developer/toolchains/gnu_arm/4.8_2013q4/bin/../lib/gcc/arm-none-eabi/4.8.3/../../../../arm-none-eabi/lib/armv7-m\libc_s.a(lib_a-impure.o)
 .bss           0x00000000        0x0 c:/siliconlabs/simplicitystudio/v3/developer/toolchains/gnu_arm/4.8_2013q4/bin/../lib/gcc/arm-none-eabi/4.8.3/../../../../arm-none-eabi/lib/armv7-m\libc_s.a(lib_a-impure.o)
 .data._impure_ptr
                0x00000000        0x4 c:/siliconlabs/simplicitystudio/v3/developer/toolchains/gnu_arm/4.8_2013q4/bin/../lib/gcc/arm-none-eabi/4.8.3/../../../../arm-none-eabi/lib/armv7-m\libc_s.a(lib_a-impure.o)
 .text          0x00000000        0x0 c:/siliconlabs/simplicitystudio/v3/developer/toolchains/gnu_arm/4.8_2013q4/bin/../lib/gcc/arm-none-eabi/4.8.3/../../../../arm-none-eabi/lib/armv7-m\libc_s.a(lib_a-init.o)
 .data          0x00000000        0x0 c:/siliconlabs/simplicitystudio/v3/developer/toolchains/gnu_arm/4.8_2013q4/bin/../lib/gcc/arm-none-eabi/4.8.3/../../../../arm-none-eabi/lib/armv7-m\libc_s.a(lib_a-init.o)
 .bss           0x00000000        0x0 c:/siliconlabs/simplicitystudio/v3/developer/toolchains/gnu_arm/4.8_2013q4/bin/../lib/gcc/arm-none-eabi/4.8.3/../../../../arm-none-eabi/lib/armv7-m\libc_s.a(lib_a-init.o)
 .text          0x00000000        0x0 c:/siliconlabs/simplicitystudio/v3/developer/toolchains/gnu_arm/4.8_2013q4/bin/../lib/gcc/arm-none-eabi/4.8.3/../../../../arm-none-eabi/lib/armv7-m\libc_s.a(lib_a-memset.o)
 .data          0x00000000        0x0 c:/siliconlabs/simplicitystudio/v3/developer/toolchains/gnu_arm/4.8_2013q4/bin/../lib/gcc/arm-none-eabi/4.8.3/../../../../arm-none-eabi/lib/armv7-m\libc_s.a(lib_a-memset.o)
 .bss           0x00000000        0x0 c:/siliconlabs/simplicitystudio/v3/developer/toolchains/gnu_arm/4.8_2013q4/bin/../lib/gcc/arm-none-eabi/4.8.3/../../../../arm-none-eabi/lib/armv7-m\libc_s.a(lib_a-memset.o)
 .text          0x00000000        0x0 c:/siliconlabs/simplicitystudio/v3/developer/toolchains/gnu_arm/4.8_2013q4/bin/../lib/gcc/arm-none-eabi/4.8.3/../../../../arm-none-eabi/lib/armv7-m\libc_s.a(lib_a-strlen.o)
 .data          0x00000000        0x0 c:/siliconlabs/simplicitystudio/v3/developer/toolchains/gnu_arm/4.8_2013q4/bin/../lib/gcc/arm-none-eabi/4.8.3/../../../../arm-none-eabi/lib/armv7-m\libc_s.a(lib_a-strlen.o)
 .bss           0x00000000        0x0 c:/siliconlabs/simplicitystudio/v3/developer/toolchains/gnu_arm/4.8_2013q4/bin/../lib/gcc/arm-none-eabi/4.8.3/../../../../arm-none-eabi/lib/armv7-m\libc_s.a(lib_a-strlen.o)
 .text          0x00000000        0x0 c:/siliconlabs/simplicitystudio/v3/developer/toolchains/gnu_arm/4.8_2013q4/bin/../lib/gcc/arm-none-eabi/4.8.3/../../../../arm-none-eabi/lib/armv7-m\libnosys.a(_exit.o)
 .data          0x00000000        0x0 c:/siliconlabs/simplicitystudio/v3/developer/toolchains/gnu_arm/4.8_2013q4/bin/../lib/gcc/arm-none-eabi/4.8.3/../../../../arm-none-eabi/lib/armv7-m\libnosys.a(_exit.o)
 .bss           0x00000000        0x0 c:/siliconlabs/simplicitystudio/v3/developer/toolchains/gnu_arm/4.8_2013q4/bin/../lib/gcc/arm-none-eabi/4.8.3/../../../../arm-none-eabi/lib/armv7-m\libnosys.a(_exit.o)
 .text          0x00000000        0x0 c:/siliconlabs/simplicitystudio/v3/developer/toolchains/gnu_arm/4.8_2013q4/bin/../lib/gcc/arm-none-eabi/4.8.3/armv7-m/crtend.o
 .data          0x00000000        0x0 c:/siliconlabs/simplicitystudio/v3/developer/toolchains/gnu_arm/4.8_2013q4/bin/../lib/gcc/arm-none-eabi/4.8.3/armv7-m/crtend.o
 .bss           0x00000000        0x0 c:/siliconlabs/simplicitystudio/v3/developer/toolchains/gnu_arm/4.8_2013q4/bin/../lib/gcc/arm-none-eabi/4.8.3/armv7-m/crtend.o
 .text          0x00000000        0x0 c:/siliconlabs/simplicitystudio/v3/developer/toolchains/gnu_arm/4.8_2013q4/bin/../lib/gcc/arm-none-eabi/4.8.3/armv7-m/crtn.o
 .data          0x00000000        0x0 c:/siliconlabs/simplicitystudio/v3/developer/toolchains/gnu_arm/4.8_2013q4/bin/../lib/gcc/arm-none-eabi/4.8.3/armv7-m/crtn.o
 .bss           0x00000000        0x0 c:/siliconlabs/simplicitystudio/v3/developer/toolchains/gnu_arm/4.8_2013q4/bin/../lib/gcc/arm-none-eabi/4.8.3/armv7-m/crtn.o

Memory Configuration

Name             Origin             Length             Attributes
FLASH            0x00000000         0x00100000         xr
RAM              0x20000000         0x00020000         xrw
*default*        0x00000000         0xffffffff

Linker script and memory map

LOAD c:/siliconlabs/simplicitystudio/v3/developer/toolchains/gnu_arm/4.8_2013q4/bin/../lib/gcc/arm-none-eabi/4.8.3/armv7-m/crti.o
LOAD c:/siliconlabs/simplicitystudio/v3/developer/toolchains/gnu_arm/4.8_2013q4/bin/../lib/gcc/arm-none-eabi/4.8.3/armv7-m/crtbegin.o
LOAD c:/siliconlabs/simplicitystudio/v3/developer/toolchains/gnu_arm/4.8_2013q4/bin/../lib/gcc/arm-none-eabi/4.8.3/../../../../arm-none-eabi/lib/armv7-m/crt0.o
LOAD ./src/leuart_test.o
LOAD ./emlib/em_cmu.o
LOAD ./emlib/em_emu.o
LOAD ./emlib/em_gpio.o
LOAD ./emlib/em_lcd.o
LOAD ./emlib/em_leuart.o
LOAD ./emlib/em_system.o
LOAD ./Drivers/segmentlcd.o
LOAD ./CMSIS/efm32gg/startup_efm32gg.o
LOAD ./CMSIS/efm32gg/system_efm32gg.o
START GROUP
LOAD c:/siliconlabs/simplicitystudio/v3/developer/toolchains/gnu_arm/4.8_2013q4/bin/../lib/gcc/arm-none-eabi/4.8.3/armv7-m\libgcc.a
LOAD c:/siliconlabs/simplicitystudio/v3/developer/toolchains/gnu_arm/4.8_2013q4/bin/../lib/gcc/arm-none-eabi/4.8.3/../../../../arm-none-eabi/lib/armv7-m\libc_s.a
LOAD c:/siliconlabs/simplicitystudio/v3/developer/toolchains/gnu_arm/4.8_2013q4/bin/../lib/gcc/arm-none-eabi/4.8.3/../../../../arm-none-eabi/lib/armv7-m\libnosys.a
END GROUP
START GROUP
LOAD c:/siliconlabs/simplicitystudio/v3/developer/toolchains/gnu_arm/4.8_2013q4/bin/../lib/gcc/arm-none-eabi/4.8.3/armv7-m\libgcc.a
LOAD c:/siliconlabs/simplicitystudio/v3/developer/toolchains/gnu_arm/4.8_2013q4/bin/../lib/gcc/arm-none-eabi/4.8.3/../../../../arm-none-eabi/lib/armv7-m\libg_s.a
LOAD c:/siliconlabs/simplicitystudio/v3/developer/toolchains/gnu_arm/4.8_2013q4/bin/../lib/gcc/arm-none-eabi/4.8.3/../../../../arm-none-eabi/lib/armv7-m\libc_s.a
END GROUP
START GROUP
LOAD c:/siliconlabs/simplicitystudio/v3/developer/toolchains/gnu_arm/4.8_2013q4/bin/../lib/gcc/arm-none-eabi/4.8.3/armv7-m\libgcc.a
LOAD c:/siliconlabs/simplicitystudio/v3/developer/toolchains/gnu_arm/4.8_2013q4/bin/../lib/gcc/arm-none-eabi/4.8.3/../../../../arm-none-eabi/lib/armv7-m\libc_s.a
END GROUP
LOAD c:/siliconlabs/simplicitystudio/v3/developer/toolchains/gnu_arm/4.8_2013q4/bin/../lib/gcc/arm-none-eabi/4.8.3/armv7-m/crtend.o
LOAD c:/siliconlabs/simplicitystudio/v3/developer/toolchains/gnu_arm/4.8_2013q4/bin/../lib/gcc/arm-none-eabi/4.8.3/armv7-m/crtn.o

.text           0x00000000     0x2424
 *(.vectors)
 .vectors       0x00000000       0xdc ./CMSIS/efm32gg/startup_efm32gg.o
                0x00000000                __Vectors
                0x000000dc                __Vectors_End = .
                0x000000dc                __Vectors_Size = (__Vectors_End - __Vectors)
                0x000000dc                __end__ = .
 *(.text*)
 .text          0x000000dc       0x54 c:/siliconlabs/simplicitystudio/v3/developer/toolchains/gnu_arm/4.8_2013q4/bin/../lib/gcc/arm-none-eabi/4.8.3/armv7-m/crtbegin.o
 .text          0x00000130       0x74 c:/siliconlabs/simplicitystudio/v3/developer/toolchains/gnu_arm/4.8_2013q4/bin/../lib/gcc/arm-none-eabi/4.8.3/../../../../arm-none-eabi/lib/armv7-m/crt0.o
                0x00000130                _start
                0x00000130                _mainCRTStartup
 .text.NVIC_SetPriority
                0x000001a4       0x54 ./src/leuart_test.o
 .text.SysTick_Config
                0x000001f8       0x44 ./src/leuart_test.o
 .text.CHIP_Init
                0x0000023c       0x40 ./src/leuart_test.o
 .text.SysTick_Handler
                0x0000027c       0x1c ./src/leuart_test.o
                0x0000027c                SysTick_Handler
 .text.Delay    0x00000298       0x2c ./src/leuart_test.o
                0x00000298                Delay
 .text.main     0x000002c4      0x144 ./src/leuart_test.o
                0x000002c4                main
 .text.BITBAND_Peripheral
                0x00000408       0x2c ./emlib/em_cmu.o
 .text.CMU_MaxFreqHfle
                0x00000434       0x8c ./emlib/em_cmu.o
 .text.CMU_FlashWaitStateControl
                0x000004c0       0xb8 ./emlib/em_cmu.o
 .text.CMU_FlashWaitStateMax
                0x00000578       0x1c ./emlib/em_cmu.o
 .text.CMU_DivToLog2
                0x00000594       0x3c ./emlib/em_cmu.o
 .text.CMU_USBCClkGet
                0x000005d0       0x4c ./emlib/em_cmu.o
 .text.CMU_AUXClkGet
                0x0000061c       0x8c ./emlib/em_cmu.o
 .text.CMU_DBGClkGet
                0x000006a8       0x58 ./emlib/em_cmu.o
 .text.CMU_LFClkGet
                0x00000700       0xb4 ./emlib/em_cmu.o
 .text.CMU_Sync
                0x000007b4       0x34 ./emlib/em_cmu.o
 .text.CMU_ClockDivSet
                0x000007e8      0x244 ./emlib/em_cmu.o
                0x000007e8                CMU_ClockDivSet
 .text.CMU_ClockEnable
                0x00000a2c       0xe0 ./emlib/em_cmu.o
                0x00000a2c                CMU_ClockEnable
 .text.CMU_ClockFreqGet
                0x00000b0c      0x1fc ./emlib/em_cmu.o
                0x00000b0c                CMU_ClockFreqGet
 .text.CMU_ClockSelectGet
                0x00000d08      0x164 ./emlib/em_cmu.o
                0x00000d08                CMU_ClockSelectGet
 .text.CMU_ClockSelectSet
                0x00000e6c      0x29c ./emlib/em_cmu.o
                0x00000e6c                CMU_ClockSelectSet
 .text.CMU_LCDClkFDIVSet
                0x00001108       0x3c ./emlib/em_cmu.o
                0x00001108                CMU_LCDClkFDIVSet
 .text.CMU_OscillatorEnable
                0x00001144       0xc0 ./emlib/em_cmu.o
                0x00001144                CMU_OscillatorEnable
 .text.EMU_UpdateOscConfig
                0x00001204       0x1c ./emlib/em_emu.o
                0x00001204                EMU_UpdateOscConfig
 .text.GPIO_PinModeSet
                0x00001220      0x144 ./emlib/em_gpio.o
                0x00001220                GPIO_PinModeSet
 .text.LCD_Enable
                0x00001364       0x38 ./emlib/em_lcd.o
 .text.BITBAND_Peripheral
                0x0000139c       0x2c ./emlib/em_lcd.o
 .text.LCD_Init
                0x000013c8       0x70 ./emlib/em_lcd.o
                0x000013c8                LCD_Init
 .text.LCD_VLCDSelect
                0x00001438       0x44 ./emlib/em_lcd.o
                0x00001438                LCD_VLCDSelect
 .text.LCD_SegmentRangeEnable
                0x0000147c       0x40 ./emlib/em_lcd.o
                0x0000147c                LCD_SegmentRangeEnable
 .text.LCD_SegmentSet
                0x000014bc      0x1e4 ./emlib/em_lcd.o
                0x000014bc                LCD_SegmentSet
 .text.LCD_SegmentSetLow
                0x000016a0      0x17c ./emlib/em_lcd.o
                0x000016a0                LCD_SegmentSetLow
 .text.LCD_SegmentSetHigh
                0x0000181c      0x17c ./emlib/em_lcd.o
                0x0000181c                LCD_SegmentSetHigh
 .text.LCD_VBoostSet
                0x00001998       0x28 ./emlib/em_lcd.o
                0x00001998                LCD_VBoostSet
 .text.LEUART_Sync
                0x000019c0       0x30 ./emlib/em_leuart.o
 .text.LEUART_BaudrateSet
                0x000019f0       0x80 ./emlib/em_leuart.o
                0x000019f0                LEUART_BaudrateSet
 .text.LEUART_FreezeEnable
                0x00001a70       0x34 ./emlib/em_leuart.o
                0x00001a70                LEUART_FreezeEnable
 .text.LEUART_Init
                0x00001aa4       0x84 ./emlib/em_leuart.o
                0x00001aa4                LEUART_Init
 .text.LEUART_Reset
                0x00001b28       0x70 ./emlib/em_leuart.o
                0x00001b28                LEUART_Reset
 .text.LEUART_Tx
                0x00001b98       0x30 ./emlib/em_leuart.o
                0x00001b98                LEUART_Tx
 .text.SYSTEM_ChipRevisionGet
                0x00001bc8       0x74 ./emlib/em_system.o
                0x00001bc8                SYSTEM_ChipRevisionGet
 .text.LCD_FreezeEnable
                0x00001c3c       0x2c ./Drivers/segmentlcd.o
 .text.LCD_SyncBusyDelay
                0x00001c68       0x24 ./Drivers/segmentlcd.o
 .text.LCD_IntDisable
                0x00001c8c       0x24 ./Drivers/segmentlcd.o
 .text.SegmentLCD_AllOff
                0x00001cb0       0xac ./Drivers/segmentlcd.o
                0x00001cb0                SegmentLCD_AllOff
 .text.SegmentLCD_AlphaNumberOff
                0x00001d5c       0xa8 ./Drivers/segmentlcd.o
                0x00001d5c                SegmentLCD_AlphaNumberOff
 .text.SegmentLCD_Init
                0x00001e04       0xb8 ./Drivers/segmentlcd.o
                0x00001e04                SegmentLCD_Init
 .text.SegmentLCD_Write
                0x00001ebc       0xd8 ./Drivers/segmentlcd.o
                0x00001ebc                SegmentLCD_Write
 .text          0x00001f94       0x30 ./CMSIS/efm32gg/startup_efm32gg.o
                0x00001f94                Reset_Handler
                0x00001fc0                DebugMon_Handler
                0x00001fc0                USART0_TX_IRQHandler
                0x00001fc0                I2C0_IRQHandler
                0x00001fc0                HardFault_Handler
                0x00001fc0                LEUART1_IRQHandler
                0x00001fc0                USART1_RX_IRQHandler
                0x00001fc0                PendSV_Handler
                0x00001fc0                NMI_Handler
                0x00001fc0                I2C1_IRQHandler
                0x00001fc0                TIMER3_IRQHandler
                0x00001fc0                USART1_TX_IRQHandler
                0x00001fc0                MSC_IRQHandler
                0x00001fc0                ADC0_IRQHandler
                0x00001fc0                UsageFault_Handler
                0x00001fc0                LEUART0_IRQHandler
                0x00001fc0                GPIO_EVEN_IRQHandler
                0x00001fc0                UART0_TX_IRQHandler
                0x00001fc0                UART1_TX_IRQHandler
                0x00001fc0                RTC_IRQHandler
                0x00001fc0                TIMER0_IRQHandler
                0x00001fc0                TIMER2_IRQHandler
                0x00001fc0                LCD_IRQHandler
                0x00001fc0                PCNT2_IRQHandler
                0x00001fc0                UART0_RX_IRQHandler
                0x00001fc0                LETIMER0_IRQHandler
                0x00001fc0                TIMER1_IRQHandler
                0x00001fc0                USART2_RX_IRQHandler
                0x00001fc0                Default_Handler
                0x00001fc0                EMU_IRQHandler
                0x00001fc0                PCNT0_IRQHandler
                0x00001fc0                USB_IRQHandler
                0x00001fc0                BURTC_IRQHandler
                0x00001fc0                PCNT1_IRQHandler
                0x00001fc0                ACMP0_IRQHandler
                0x00001fc0                USART0_RX_IRQHandler
                0x00001fc0                MemManage_Handler
                0x00001fc0                SVC_Handler
                0x00001fc0                DAC0_IRQHandler
                0x00001fc0                UART1_RX_IRQHandler
                0x00001fc0                CMU_IRQHandler
                0x00001fc0                EBI_IRQHandler
                0x00001fc0                LESENSE_IRQHandler
                0x00001fc0                GPIO_ODD_IRQHandler
                0x00001fc0                AES_IRQHandler
                0x00001fc0                VCMP_IRQHandler
                0x00001fc0                DMA_IRQHandler
                0x00001fc0                BusFault_Handler
                0x00001fc0                USART2_TX_IRQHandler
 .text.GetProdRev
                0x00001fc4       0x1c ./CMSIS/efm32gg/system_efm32gg.o
 .text.SystemCoreClockGet
                0x00001fe0       0x48 ./CMSIS/efm32gg/system_efm32gg.o
                0x00001fe0                SystemCoreClockGet
 .text.SystemHFClockGet
                0x00002028       0xf0 ./CMSIS/efm32gg/system_efm32gg.o
                0x00002028                SystemHFClockGet
 .text.SystemHFXOClockGet
                0x00002118       0x18 ./CMSIS/efm32gg/system_efm32gg.o
                0x00002118                SystemHFXOClockGet
 .text.SystemInit
                0x00002130        0xc ./CMSIS/efm32gg/system_efm32gg.o
                0x00002130                SystemInit
 .text.SystemLFRCOClockGet
                0x0000213c       0x14 ./CMSIS/efm32gg/system_efm32gg.o
                0x0000213c                SystemLFRCOClockGet
 .text.SystemULFRCOClockGet
                0x00002150       0x14 ./CMSIS/efm32gg/system_efm32gg.o
                0x00002150                SystemULFRCOClockGet
 .text.SystemLFXOClockGet
                0x00002164       0x18 ./CMSIS/efm32gg/system_efm32gg.o
                0x00002164                SystemLFXOClockGet
 .text.exit     0x0000217c       0x28 c:/siliconlabs/simplicitystudio/v3/developer/toolchains/gnu_arm/4.8_2013q4/bin/../lib/gcc/arm-none-eabi/4.8.3/../../../../arm-none-eabi/lib/armv7-m\libc_s.a(lib_a-exit.o)
                0x0000217c                exit
 .text.__libc_init_array
                0x000021a4       0x4c c:/siliconlabs/simplicitystudio/v3/developer/toolchains/gnu_arm/4.8_2013q4/bin/../lib/gcc/arm-none-eabi/4.8.3/../../../../arm-none-eabi/lib/armv7-m\libc_s.a(lib_a-init.o)
                0x000021a4                __libc_init_array
 .text.memset   0x000021f0       0x10 c:/siliconlabs/simplicitystudio/v3/developer/toolchains/gnu_arm/4.8_2013q4/bin/../lib/gcc/arm-none-eabi/4.8.3/../../../../arm-none-eabi/lib/armv7-m\libc_s.a(lib_a-memset.o)
                0x000021f0                memset
 .text.strlen   0x00002200       0x10 c:/siliconlabs/simplicitystudio/v3/developer/toolchains/gnu_arm/4.8_2013q4/bin/../lib/gcc/arm-none-eabi/4.8.3/../../../../arm-none-eabi/lib/armv7-m\libc_s.a(lib_a-strlen.o)
                0x00002200                strlen
 .text._exit    0x00002210        0x4 c:/siliconlabs/simplicitystudio/v3/developer/toolchains/gnu_arm/4.8_2013q4/bin/../lib/gcc/arm-none-eabi/4.8.3/../../../../arm-none-eabi/lib/armv7-m\libnosys.a(_exit.o)
                0x00002210                _exit
 *(.init)
 .init          0x00002214        0x4 c:/siliconlabs/simplicitystudio/v3/developer/toolchains/gnu_arm/4.8_2013q4/bin/../lib/gcc/arm-none-eabi/4.8.3/armv7-m/crti.o
                0x00002214                _init
 .init          0x00002218        0x8 c:/siliconlabs/simplicitystudio/v3/developer/toolchains/gnu_arm/4.8_2013q4/bin/../lib/gcc/arm-none-eabi/4.8.3/armv7-m/crtn.o
 *(.fini)
 .fini          0x00002220        0x4 c:/siliconlabs/simplicitystudio/v3/developer/toolchains/gnu_arm/4.8_2013q4/bin/../lib/gcc/arm-none-eabi/4.8.3/armv7-m/crti.o
                0x00002220                _fini
 .fini          0x00002224        0x8 c:/siliconlabs/simplicitystudio/v3/developer/toolchains/gnu_arm/4.8_2013q4/bin/../lib/gcc/arm-none-eabi/4.8.3/armv7-m/crtn.o
 *crtbegin.o(.ctors)
 *crtbegin?.o(.ctors)
 *(EXCLUDE_FILE(*crtend.o *crtend?.o) .ctors)
 *(SORT(.ctors.*))
 *(.ctors)
 *crtbegin.o(.dtors)
 *crtbegin?.o(.dtors)
 *(EXCLUDE_FILE(*crtend.o *crtend?.o) .dtors)
 *(SORT(.dtors.*))
 *(.dtors)
 *(.rodata*)
 .rodata.EFM_Display
                0x0000222c      0x120 ./Drivers/segmentlcd.o
 .rodata.EFM_Alphabet
                0x0000234c       0xb8 ./Drivers/segmentlcd.o
 .rodata.lcdInit
                0x00002404       0x14 ./Drivers/segmentlcd.o
 .rodata.str1.1
                0x00002418        0x2 c:/siliconlabs/simplicitystudio/v3/developer/toolchains/gnu_arm/4.8_2013q4/bin/../lib/gcc/arm-none-eabi/4.8.3/../../../../arm-none-eabi/lib/armv7-m\libc_s.a(lib_a-impure.o)
 *fill*         0x0000241a        0x2 
 .rodata._global_impure_ptr
                0x0000241c        0x4 c:/siliconlabs/simplicitystudio/v3/developer/toolchains/gnu_arm/4.8_2013q4/bin/../lib/gcc/arm-none-eabi/4.8.3/../../../../arm-none-eabi/lib/armv7-m\libc_s.a(lib_a-impure.o)
                0x0000241c                _global_impure_ptr
 *(.eh_frame*)
 .eh_frame      0x00002420        0x0 c:/siliconlabs/simplicitystudio/v3/developer/toolchains/gnu_arm/4.8_2013q4/bin/../lib/gcc/arm-none-eabi/4.8.3/armv7-m/crtbegin.o
 .eh_frame      0x00002420        0x4 c:/siliconlabs/simplicitystudio/v3/developer/toolchains/gnu_arm/4.8_2013q4/bin/../lib/gcc/arm-none-eabi/4.8.3/armv7-m/crtend.o

.glue_7         0x00002424        0x0
 .glue_7        0x00000000        0x0 linker stubs

.glue_7t        0x00002424        0x0
 .glue_7t       0x00000000        0x0 linker stubs

.vfp11_veneer   0x00002424        0x0
 .vfp11_veneer  0x00000000        0x0 linker stubs

.v4_bx          0x00002424        0x0
 .v4_bx         0x00000000        0x0 linker stubs

.iplt           0x00002424        0x0
 .iplt          0x00000000        0x0 c:/siliconlabs/simplicitystudio/v3/developer/toolchains/gnu_arm/4.8_2013q4/bin/../lib/gcc/arm-none-eabi/4.8.3/armv7-m/crtbegin.o

.ARM.extab
 *(.ARM.extab* .gnu.linkonce.armextab.*)
                0x00002424                __exidx_start = .

.ARM.exidx      0x00002424        0x8
 *(.ARM.exidx* .gnu.linkonce.armexidx.*)
 .ARM.exidx     0x00002424        0x8 c:/siliconlabs/simplicitystudio/v3/developer/toolchains/gnu_arm/4.8_2013q4/bin/../lib/gcc/arm-none-eabi/4.8.3/../../../../arm-none-eabi/lib/armv7-m/crt0.o
                0x0000242c                __exidx_end = .
                0x0000242c                __etext = .

.rel.dyn        0x0000242c        0x0
 .rel.iplt      0x00000000        0x0 c:/siliconlabs/simplicitystudio/v3/developer/toolchains/gnu_arm/4.8_2013q4/bin/../lib/gcc/arm-none-eabi/4.8.3/armv7-m/crtbegin.o

.data           0x20000000       0x94 load address 0x0000242c
                0x20000000                __data_start__ = .
 *(vtable)
 *(.data*)
 .data.leuart0Init
                0x20000000       0x10 ./src/leuart_test.o
                0x20000000                leuart0Init
 .data.text     0x20000010        0x8 ./src/leuart_test.o
                0x20000010                text
 .data.text2    0x20000018        0x8 ./src/leuart_test.o
                0x20000018                text2
 .data.SystemHFXOClock
                0x20000020        0x4 ./CMSIS/efm32gg/system_efm32gg.o
 .data.SystemLFXOClock
                0x20000024        0x4 ./CMSIS/efm32gg/system_efm32gg.o
 .data.impure_data
                0x20000028       0x60 c:/siliconlabs/simplicitystudio/v3/developer/toolchains/gnu_arm/4.8_2013q4/bin/../lib/gcc/arm-none-eabi/4.8.3/../../../../arm-none-eabi/lib/armv7-m\libc_s.a(lib_a-impure.o)
                0x20000088                . = ALIGN (0x4)
 *(.ram)
                0x20000088                . = ALIGN (0x4)
                0x20000088                PROVIDE (__preinit_array_start, .)
 *(.preinit_array)
                0x20000088                PROVIDE (__preinit_array_end, .)
                0x20000088                . = ALIGN (0x4)
                0x20000088                PROVIDE (__init_array_start, .)
 *(SORT(.init_array.*))
 *(.init_array)
 .init_array    0x20000088        0x4 c:/siliconlabs/simplicitystudio/v3/developer/toolchains/gnu_arm/4.8_2013q4/bin/../lib/gcc/arm-none-eabi/4.8.3/armv7-m/crtbegin.o
                0x2000008c                PROVIDE (__init_array_end, .)
                0x2000008c                . = ALIGN (0x4)
                0x2000008c                PROVIDE (__fini_array_start, .)
 *(SORT(.fini_array.*))
 *(.fini_array)
 .fini_array    0x2000008c        0x4 c:/siliconlabs/simplicitystudio/v3/developer/toolchains/gnu_arm/4.8_2013q4/bin/../lib/gcc/arm-none-eabi/4.8.3/armv7-m/crtbegin.o
                0x20000090                PROVIDE (__fini_array_end, .)
 *(.jcr*)
 .jcr           0x20000090        0x0 c:/siliconlabs/simplicitystudio/v3/developer/toolchains/gnu_arm/4.8_2013q4/bin/../lib/gcc/arm-none-eabi/4.8.3/armv7-m/crtbegin.o
 .jcr           0x20000090        0x4 c:/siliconlabs/simplicitystudio/v3/developer/toolchains/gnu_arm/4.8_2013q4/bin/../lib/gcc/arm-none-eabi/4.8.3/armv7-m/crtend.o
                0x20000094                . = ALIGN (0x4)
                0x20000094                __data_end__ = .

.igot.plt       0x20000094        0x0 load address 0x000024c0
 .igot.plt      0x00000000        0x0 c:/siliconlabs/simplicitystudio/v3/developer/toolchains/gnu_arm/4.8_2013q4/bin/../lib/gcc/arm-none-eabi/4.8.3/armv7-m/crtbegin.o

.bss            0x20000094       0x28 load address 0x000024c0
                0x20000094                . = ALIGN (0x4)
                0x20000094                __bss_start__ = .
 *(.bss*)
 .bss           0x20000094       0x1c c:/siliconlabs/simplicitystudio/v3/developer/toolchains/gnu_arm/4.8_2013q4/bin/../lib/gcc/arm-none-eabi/4.8.3/armv7-m/crtbegin.o
 .bss.cmuStatus
                0x200000b0        0x4 ./emlib/em_emu.o
 *(COMMON)
 COMMON         0x200000b4        0x4 ./src/leuart_test.o
                0x200000b4                msTicks
 COMMON         0x200000b8        0x4 ./CMSIS/efm32gg/system_efm32gg.o
                0x200000b8                SystemCoreClock
                0x200000bc                . = ALIGN (0x4)
                0x200000bc                __bss_end__ = .

.heap           0x200000c0      0xc00
                0x200000c0                __HeapBase = .
                0x200000c0                __end__ = .
                0x200000c0                end = __end__
                0x200000c0                _end = __end__
 *(.heap*)
 .heap          0x200000c0      0xc00 ./CMSIS/efm32gg/startup_efm32gg.o
                0x20000cc0                __HeapLimit = .

.stack_dummy    0x200000c0      0x400
 *(.stack*)
 .stack         0x200000c0      0x400 ./CMSIS/efm32gg/startup_efm32gg.o
                0x20020000                __StackTop = (ORIGIN (RAM) + 0x20000)
                0x2001fc00                __StackLimit = (__StackTop - SIZEOF (.stack_dummy))
                0x20020000                PROVIDE (__stack, __StackTop)
                0x00000001                ASSERT ((__StackLimit >= __HeapLimit), region RAM overflowed with stack)
                0x00000001                ASSERT ((0x100000 >= (__etext + SIZEOF (.data))), FLASH memory overflowed !)
OUTPUT(LEUART_test.axf elf32-littlearm)

.ARM.attributes
                0x00000000       0x29
 .ARM.attributes
                0x00000000       0x1d c:/siliconlabs/simplicitystudio/v3/developer/toolchains/gnu_arm/4.8_2013q4/bin/../lib/gcc/arm-none-eabi/4.8.3/armv7-m/crti.o
 .ARM.attributes
                0x0000001d       0x2d c:/siliconlabs/simplicitystudio/v3/developer/toolchains/gnu_arm/4.8_2013q4/bin/../lib/gcc/arm-none-eabi/4.8.3/armv7-m/crtbegin.o
 .ARM.attributes
                0x0000004a       0x1b c:/siliconlabs/simplicitystudio/v3/developer/toolchains/gnu_arm/4.8_2013q4/bin/../lib/gcc/arm-none-eabi/4.8.3/../../../../arm-none-eabi/lib/armv7-m/crt0.o
 .ARM.attributes
                0x00000065       0x33 ./src/leuart_test.o
 .ARM.attributes
                0x00000098       0x33 ./emlib/em_cmu.o
 .ARM.attributes
                0x000000cb       0x33 ./emlib/em_emu.o
 .ARM.attributes
                0x000000fe       0x33 ./emlib/em_gpio.o
 .ARM.attributes
                0x00000131       0x33 ./emlib/em_lcd.o
 .ARM.attributes
                0x00000164       0x33 ./emlib/em_leuart.o
 .ARM.attributes
                0x00000197       0x33 ./emlib/em_system.o
 .ARM.attributes
                0x000001ca       0x33 ./Drivers/segmentlcd.o
 .ARM.attributes
                0x000001fd       0x1b ./CMSIS/efm32gg/startup_efm32gg.o
 .ARM.attributes
                0x00000218       0x33 ./CMSIS/efm32gg/system_efm32gg.o
 .ARM.attributes
                0x0000024b       0x2d c:/siliconlabs/simplicitystudio/v3/developer/toolchains/gnu_arm/4.8_2013q4/bin/../lib/gcc/arm-none-eabi/4.8.3/../../../../arm-none-eabi/lib/armv7-m\libc_s.a(lib_a-exit.o)
 .ARM.attributes
                0x00000278       0x2d c:/siliconlabs/simplicitystudio/v3/developer/toolchains/gnu_arm/4.8_2013q4/bin/../lib/gcc/arm-none-eabi/4.8.3/../../../../arm-none-eabi/lib/armv7-m\libc_s.a(lib_a-impure.o)
 .ARM.attributes
                0x000002a5       0x2d c:/siliconlabs/simplicitystudio/v3/developer/toolchains/gnu_arm/4.8_2013q4/bin/../lib/gcc/arm-none-eabi/4.8.3/../../../../arm-none-eabi/lib/armv7-m\libc_s.a(lib_a-init.o)
 .ARM.attributes
                0x000002d2       0x2d c:/siliconlabs/simplicitystudio/v3/developer/toolchains/gnu_arm/4.8_2013q4/bin/../lib/gcc/arm-none-eabi/4.8.3/../../../../arm-none-eabi/lib/armv7-m\libc_s.a(lib_a-memset.o)
 .ARM.attributes
                0x000002ff       0x2d c:/siliconlabs/simplicitystudio/v3/developer/toolchains/gnu_arm/4.8_2013q4/bin/../lib/gcc/arm-none-eabi/4.8.3/../../../../arm-none-eabi/lib/armv7-m\libc_s.a(lib_a-strlen.o)
 .ARM.attributes
                0x0000032c       0x2d c:/siliconlabs/simplicitystudio/v3/developer/toolchains/gnu_arm/4.8_2013q4/bin/../lib/gcc/arm-none-eabi/4.8.3/../../../../arm-none-eabi/lib/armv7-m\libnosys.a(_exit.o)
 .ARM.attributes
                0x00000359       0x2d c:/siliconlabs/simplicitystudio/v3/developer/toolchains/gnu_arm/4.8_2013q4/bin/../lib/gcc/arm-none-eabi/4.8.3/armv7-m/crtend.o
 .ARM.attributes
                0x00000386       0x1d c:/siliconlabs/simplicitystudio/v3/developer/toolchains/gnu_arm/4.8_2013q4/bin/../lib/gcc/arm-none-eabi/4.8.3/armv7-m/crtn.o

.comment        0x00000000       0x70
 .comment       0x00000000       0x70 ./src/leuart_test.o
                                 0x71 (size before relaxing)
 .comment       0x00000000       0x71 ./emlib/em_cmu.o
 .comment       0x00000000       0x71 ./emlib/em_emu.o
 .comment       0x00000000       0x71 ./emlib/em_gpio.o
 .comment       0x00000000       0x71 ./emlib/em_lcd.o
 .comment       0x00000000       0x71 ./emlib/em_leuart.o
 .comment       0x00000000       0x71 ./emlib/em_system.o
 .comment       0x00000000       0x71 ./Drivers/segmentlcd.o
 .comment       0x00000000       0x71 ./CMSIS/efm32gg/system_efm32gg.o

.debug_info     0x00000000     0x59ac
 .debug_info    0x00000000      0xbd3 ./src/leuart_test.o
 .debug_info    0x00000bd3     0x10bc ./emlib/em_cmu.o
 .debug_info    0x00001c8f      0xd78 ./emlib/em_emu.o
 .debug_info    0x00002a07      0x4d0 ./emlib/em_gpio.o
 .debug_info    0x00002ed7      0xa29 ./emlib/em_lcd.o
 .debug_info    0x00003900      0x823 ./emlib/em_leuart.o
 .debug_info    0x00004123      0x241 ./emlib/em_system.o
 .debug_info    0x00004364     0x101b ./Drivers/segmentlcd.o
 .debug_info    0x0000537f       0xea ./CMSIS/efm32gg/startup_efm32gg.o
 .debug_info    0x00005469      0x543 ./CMSIS/efm32gg/system_efm32gg.o

.debug_abbrev   0x00000000      0xfeb
 .debug_abbrev  0x00000000      0x20e ./src/leuart_test.o
 .debug_abbrev  0x0000020e      0x2b7 ./emlib/em_cmu.o
 .debug_abbrev  0x000004c5      0x261 ./emlib/em_emu.o
 .debug_abbrev  0x00000726      0x138 ./emlib/em_gpio.o
 .debug_abbrev  0x0000085e      0x1cf ./emlib/em_lcd.o
 .debug_abbrev  0x00000a2d      0x1bb ./emlib/em_leuart.o
 .debug_abbrev  0x00000be8       0xed ./emlib/em_system.o
 .debug_abbrev  0x00000cd5      0x197 ./Drivers/segmentlcd.o
 .debug_abbrev  0x00000e6c       0x14 ./CMSIS/efm32gg/startup_efm32gg.o
 .debug_abbrev  0x00000e80      0x16b ./CMSIS/efm32gg/system_efm32gg.o

.debug_loc      0x00000000     0x1a24
 .debug_loc     0x00000000      0x144 ./src/leuart_test.o
 .debug_loc     0x00000144      0x708 ./emlib/em_cmu.o
 .debug_loc     0x0000084c      0x3b4 ./emlib/em_emu.o
 .debug_loc     0x00000c00      0x118 ./emlib/em_gpio.o
 .debug_loc     0x00000d18      0x3b8 ./emlib/em_lcd.o
 .debug_loc     0x000010d0      0x310 ./emlib/em_leuart.o
 .debug_loc     0x000013e0       0x70 ./emlib/em_system.o
 .debug_loc     0x00001450      0x3ec ./Drivers/segmentlcd.o
 .debug_loc     0x0000183c      0x1e8 ./CMSIS/efm32gg/system_efm32gg.o

.debug_aranges  0x00000000      0x4d8
 .debug_aranges
                0x00000000       0x48 ./src/leuart_test.o
 .debug_aranges
                0x00000048      0x120 ./emlib/em_cmu.o
 .debug_aranges
                0x00000168       0xa8 ./emlib/em_emu.o
 .debug_aranges
                0x00000210       0x40 ./emlib/em_gpio.o
 .debug_aranges
                0x00000250       0xa0 ./emlib/em_lcd.o
 .debug_aranges
                0x000002f0       0x88 ./emlib/em_leuart.o
 .debug_aranges
                0x00000378       0x28 ./emlib/em_system.o
 .debug_aranges
                0x000003a0       0xb0 ./Drivers/segmentlcd.o
 .debug_aranges
                0x00000450       0x20 ./CMSIS/efm32gg/startup_efm32gg.o
 .debug_aranges
                0x00000470       0x68 ./CMSIS/efm32gg/system_efm32gg.o

.debug_ranges   0x00000000      0x428
 .debug_ranges  0x00000000       0x38 ./src/leuart_test.o
 .debug_ranges  0x00000038      0x110 ./emlib/em_cmu.o
 .debug_ranges  0x00000148       0x98 ./emlib/em_emu.o
 .debug_ranges  0x000001e0       0x30 ./emlib/em_gpio.o
 .debug_ranges  0x00000210       0x90 ./emlib/em_lcd.o
 .debug_ranges  0x000002a0       0x78 ./emlib/em_leuart.o
 .debug_ranges  0x00000318       0x18 ./emlib/em_system.o
 .debug_ranges  0x00000330       0xa0 ./Drivers/segmentlcd.o
 .debug_ranges  0x000003d0       0x58 ./CMSIS/efm32gg/system_efm32gg.o

.debug_line     0x00000000     0x24ed
 .debug_line    0x00000000      0x2f1 ./src/leuart_test.o
 .debug_line    0x000002f1      0x834 ./emlib/em_cmu.o
 .debug_line    0x00000b25      0x4bb ./emlib/em_emu.o
 .debug_line    0x00000fe0      0x2b7 ./emlib/em_gpio.o
 .debug_line    0x00001297      0x440 ./emlib/em_lcd.o
 .debug_line    0x000016d7      0x363 ./emlib/em_leuart.o
 .debug_line    0x00001a3a      0x24f ./emlib/em_system.o
 .debug_line    0x00001c89      0x4f5 ./Drivers/segmentlcd.o
 .debug_line    0x0000217e       0xbe ./CMSIS/efm32gg/startup_efm32gg.o
 .debug_line    0x0000223c      0x2b1 ./CMSIS/efm32gg/system_efm32gg.o

.debug_str      0x00000000     0x2700
 .debug_str     0x00000000      0xbf5 ./src/leuart_test.o
                                0xc62 (size before relaxing)
 .debug_str     0x00000bf5      0x760 ./emlib/em_cmu.o
                                0xc6a (size before relaxing)
 .debug_str     0x00001355      0x464 ./emlib/em_emu.o
                                0x82b (size before relaxing)
 .debug_str     0x000017b9      0x1d9 ./emlib/em_gpio.o
                                0x539 (size before relaxing)
 .debug_str     0x00001992      0x6da ./emlib/em_lcd.o
                                0x8c8 (size before relaxing)
 .debug_str     0x0000206c      0x127 ./emlib/em_leuart.o
                                0x764 (size before relaxing)
 .debug_str     0x00002193       0xb7 ./emlib/em_system.o
                                0x2a8 (size before relaxing)
 .debug_str     0x0000224a      0x369 ./Drivers/segmentlcd.o
                                0xcdb (size before relaxing)
 .debug_str     0x000025b3      0x14d ./CMSIS/efm32gg/system_efm32gg.o
                                0x47f (size before relaxing)

.debug_frame    0x00000000      0xf68
 .debug_frame   0x00000000       0xc0 ./src/leuart_test.o
 .debug_frame   0x000000c0      0x3d0 ./emlib/em_cmu.o
 .debug_frame   0x00000490      0x210 ./emlib/em_emu.o
 .debug_frame   0x000006a0       0xa8 ./emlib/em_gpio.o
 .debug_frame   0x00000748      0x1fc ./emlib/em_lcd.o
 .debug_frame   0x00000944      0x1bc ./emlib/em_leuart.o
 .debug_frame   0x00000b00       0x48 ./emlib/em_system.o
 .debug_frame   0x00000b48      0x24c ./Drivers/segmentlcd.o
 .debug_frame   0x00000d94      0x120 ./CMSIS/efm32gg/system_efm32gg.o
 .debug_frame   0x00000eb4       0x28 c:/siliconlabs/simplicitystudio/v3/developer/toolchains/gnu_arm/4.8_2013q4/bin/../lib/gcc/arm-none-eabi/4.8.3/../../../../arm-none-eabi/lib/armv7-m\libc_s.a(lib_a-exit.o)
 .debug_frame   0x00000edc       0x2c c:/siliconlabs/simplicitystudio/v3/developer/toolchains/gnu_arm/4.8_2013q4/bin/../lib/gcc/arm-none-eabi/4.8.3/../../../../arm-none-eabi/lib/armv7-m\libc_s.a(lib_a-init.o)
 .debug_frame   0x00000f08       0x20 c:/siliconlabs/simplicitystudio/v3/developer/toolchains/gnu_arm/4.8_2013q4/bin/../lib/gcc/arm-none-eabi/4.8.3/../../../../arm-none-eabi/lib/armv7-m\libc_s.a(lib_a-memset.o)
 .debug_frame   0x00000f28       0x20 c:/siliconlabs/simplicitystudio/v3/developer/toolchains/gnu_arm/4.8_2013q4/bin/../lib/gcc/arm-none-eabi/4.8.3/../../../../arm-none-eabi/lib/armv7-m\libc_s.a(lib_a-strlen.o)
 .debug_frame   0x00000f48       0x20 c:/siliconlabs/simplicitystudio/v3/developer/toolchains/gnu_arm/4.8_2013q4/bin/../lib/gcc/arm-none-eabi/4.8.3/../../../../arm-none-eabi/lib/armv7-m\libnosys.a(_exit.o)
