Archive member included because of file (symbol)

c:/siliconlabs/simplicitystudio/v3/developer/toolchains/gnu_arm/4.8_2013q4/bin/../lib/gcc/arm-none-eabi/4.8.3/../../../../arm-none-eabi/lib/armv7-m\libc_s.a(lib_a-exit.o)
                              c:/siliconlabs/simplicitystudio/v3/developer/toolchains/gnu_arm/4.8_2013q4/bin/../lib/gcc/arm-none-eabi/4.8.3/../../../../arm-none-eabi/lib/armv7-m/crt0.o (exit)
c:/siliconlabs/simplicitystudio/v3/developer/toolchains/gnu_arm/4.8_2013q4/bin/../lib/gcc/arm-none-eabi/4.8.3/../../../../arm-none-eabi/lib/armv7-m\libc_s.a(lib_a-impure.o)
                              c:/siliconlabs/simplicitystudio/v3/developer/toolchains/gnu_arm/4.8_2013q4/bin/../lib/gcc/arm-none-eabi/4.8.3/../../../../arm-none-eabi/lib/armv7-m\libc_s.a(lib_a-exit.o) (_global_impure_ptr)
c:/siliconlabs/simplicitystudio/v3/developer/toolchains/gnu_arm/4.8_2013q4/bin/../lib/gcc/arm-none-eabi/4.8.3/../../../../arm-none-eabi/lib/armv7-m\libc_s.a(lib_a-init.o)
                              c:/siliconlabs/simplicitystudio/v3/developer/toolchains/gnu_arm/4.8_2013q4/bin/../lib/gcc/arm-none-eabi/4.8.3/../../../../arm-none-eabi/lib/armv7-m/crt0.o (__libc_init_array)
c:/siliconlabs/simplicitystudio/v3/developer/toolchains/gnu_arm/4.8_2013q4/bin/../lib/gcc/arm-none-eabi/4.8.3/../../../../arm-none-eabi/lib/armv7-m\libc_s.a(lib_a-memset.o)
                              c:/siliconlabs/simplicitystudio/v3/developer/toolchains/gnu_arm/4.8_2013q4/bin/../lib/gcc/arm-none-eabi/4.8.3/../../../../arm-none-eabi/lib/armv7-m/crt0.o (memset)
c:/siliconlabs/simplicitystudio/v3/developer/toolchains/gnu_arm/4.8_2013q4/bin/../lib/gcc/arm-none-eabi/4.8.3/../../../../arm-none-eabi/lib/armv7-m\libc_s.a(lib_a-sprintf.o)
                              ./src/empty_project.o (sprintf)
c:/siliconlabs/simplicitystudio/v3/developer/toolchains/gnu_arm/4.8_2013q4/bin/../lib/gcc/arm-none-eabi/4.8.3/../../../../arm-none-eabi/lib/armv7-m\libc_s.a(lib_a-svfprintf.o)
                              c:/siliconlabs/simplicitystudio/v3/developer/toolchains/gnu_arm/4.8_2013q4/bin/../lib/gcc/arm-none-eabi/4.8.3/../../../../arm-none-eabi/lib/armv7-m\libc_s.a(lib_a-sprintf.o) (_svfprintf_r)
c:/siliconlabs/simplicitystudio/v3/developer/toolchains/gnu_arm/4.8_2013q4/bin/../lib/gcc/arm-none-eabi/4.8.3/../../../../arm-none-eabi/lib/armv7-m\libc_s.a(lib_a-vfprintf_i.o)
                              c:/siliconlabs/simplicitystudio/v3/developer/toolchains/gnu_arm/4.8_2013q4/bin/../lib/gcc/arm-none-eabi/4.8.3/../../../../arm-none-eabi/lib/armv7-m\libc_s.a(lib_a-svfprintf.o) (_printf_i)
c:/siliconlabs/simplicitystudio/v3/developer/toolchains/gnu_arm/4.8_2013q4/bin/../lib/gcc/arm-none-eabi/4.8.3/../../../../arm-none-eabi/lib/armv7-m\libc_s.a(lib_a-memchr-stub.o)
                              c:/siliconlabs/simplicitystudio/v3/developer/toolchains/gnu_arm/4.8_2013q4/bin/../lib/gcc/arm-none-eabi/4.8.3/../../../../arm-none-eabi/lib/armv7-m\libc_s.a(lib_a-svfprintf.o) (memchr)
c:/siliconlabs/simplicitystudio/v3/developer/toolchains/gnu_arm/4.8_2013q4/bin/../lib/gcc/arm-none-eabi/4.8.3/../../../../arm-none-eabi/lib/armv7-m\libc_s.a(lib_a-memcpy-stub.o)
                              c:/siliconlabs/simplicitystudio/v3/developer/toolchains/gnu_arm/4.8_2013q4/bin/../lib/gcc/arm-none-eabi/4.8.3/../../../../arm-none-eabi/lib/armv7-m\libc_s.a(lib_a-svfprintf.o) (memcpy)
c:/siliconlabs/simplicitystudio/v3/developer/toolchains/gnu_arm/4.8_2013q4/bin/../lib/gcc/arm-none-eabi/4.8.3/../../../../arm-none-eabi/lib/armv7-m\libc_s.a(lib_a-memmove.o)
                              c:/siliconlabs/simplicitystudio/v3/developer/toolchains/gnu_arm/4.8_2013q4/bin/../lib/gcc/arm-none-eabi/4.8.3/../../../../arm-none-eabi/lib/armv7-m\libc_s.a(lib_a-svfprintf.o) (memmove)
c:/siliconlabs/simplicitystudio/v3/developer/toolchains/gnu_arm/4.8_2013q4/bin/../lib/gcc/arm-none-eabi/4.8.3/../../../../arm-none-eabi/lib/armv7-m\libc_s.a(lib_a-nano-freer.o)
                              c:/siliconlabs/simplicitystudio/v3/developer/toolchains/gnu_arm/4.8_2013q4/bin/../lib/gcc/arm-none-eabi/4.8.3/../../../../arm-none-eabi/lib/armv7-m\libc_s.a(lib_a-svfprintf.o) (_free_r)
c:/siliconlabs/simplicitystudio/v3/developer/toolchains/gnu_arm/4.8_2013q4/bin/../lib/gcc/arm-none-eabi/4.8.3/../../../../arm-none-eabi/lib/armv7-m\libc_s.a(lib_a-nano-mallocr.o)
                              c:/siliconlabs/simplicitystudio/v3/developer/toolchains/gnu_arm/4.8_2013q4/bin/../lib/gcc/arm-none-eabi/4.8.3/../../../../arm-none-eabi/lib/armv7-m\libc_s.a(lib_a-svfprintf.o) (_malloc_r)
c:/siliconlabs/simplicitystudio/v3/developer/toolchains/gnu_arm/4.8_2013q4/bin/../lib/gcc/arm-none-eabi/4.8.3/../../../../arm-none-eabi/lib/armv7-m\libc_s.a(lib_a-nano-reallocr.o)
                              c:/siliconlabs/simplicitystudio/v3/developer/toolchains/gnu_arm/4.8_2013q4/bin/../lib/gcc/arm-none-eabi/4.8.3/../../../../arm-none-eabi/lib/armv7-m\libc_s.a(lib_a-svfprintf.o) (_realloc_r)
c:/siliconlabs/simplicitystudio/v3/developer/toolchains/gnu_arm/4.8_2013q4/bin/../lib/gcc/arm-none-eabi/4.8.3/../../../../arm-none-eabi/lib/armv7-m\libc_s.a(lib_a-sbrkr.o)
                              c:/siliconlabs/simplicitystudio/v3/developer/toolchains/gnu_arm/4.8_2013q4/bin/../lib/gcc/arm-none-eabi/4.8.3/../../../../arm-none-eabi/lib/armv7-m\libc_s.a(lib_a-nano-mallocr.o) (_sbrk_r)
c:/siliconlabs/simplicitystudio/v3/developer/toolchains/gnu_arm/4.8_2013q4/bin/../lib/gcc/arm-none-eabi/4.8.3/../../../../arm-none-eabi/lib/armv7-m\libc_s.a(lib_a-strlen.o)
                              c:/siliconlabs/simplicitystudio/v3/developer/toolchains/gnu_arm/4.8_2013q4/bin/../lib/gcc/arm-none-eabi/4.8.3/../../../../arm-none-eabi/lib/armv7-m\libc_s.a(lib_a-vfprintf_i.o) (strlen)
c:/siliconlabs/simplicitystudio/v3/developer/toolchains/gnu_arm/4.8_2013q4/bin/../lib/gcc/arm-none-eabi/4.8.3/../../../../arm-none-eabi/lib/armv7-m\libc_s.a(lib_a-nano-msizer.o)
                              c:/siliconlabs/simplicitystudio/v3/developer/toolchains/gnu_arm/4.8_2013q4/bin/../lib/gcc/arm-none-eabi/4.8.3/../../../../arm-none-eabi/lib/armv7-m\libc_s.a(lib_a-nano-reallocr.o) (_malloc_usable_size_r)
c:/siliconlabs/simplicitystudio/v3/developer/toolchains/gnu_arm/4.8_2013q4/bin/../lib/gcc/arm-none-eabi/4.8.3/../../../../arm-none-eabi/lib/armv7-m\libc_s.a(lib_a-reent.o)
                              c:/siliconlabs/simplicitystudio/v3/developer/toolchains/gnu_arm/4.8_2013q4/bin/../lib/gcc/arm-none-eabi/4.8.3/../../../../arm-none-eabi/lib/armv7-m\libc_s.a(lib_a-sbrkr.o) (errno)
c:/siliconlabs/simplicitystudio/v3/developer/toolchains/gnu_arm/4.8_2013q4/bin/../lib/gcc/arm-none-eabi/4.8.3/../../../../arm-none-eabi/lib/armv7-m\libnosys.a(sbrk.o)
                              c:/siliconlabs/simplicitystudio/v3/developer/toolchains/gnu_arm/4.8_2013q4/bin/../lib/gcc/arm-none-eabi/4.8.3/../../../../arm-none-eabi/lib/armv7-m\libc_s.a(lib_a-sbrkr.o) (_sbrk)
c:/siliconlabs/simplicitystudio/v3/developer/toolchains/gnu_arm/4.8_2013q4/bin/../lib/gcc/arm-none-eabi/4.8.3/../../../../arm-none-eabi/lib/armv7-m\libnosys.a(_exit.o)
                              c:/siliconlabs/simplicitystudio/v3/developer/toolchains/gnu_arm/4.8_2013q4/bin/../lib/gcc/arm-none-eabi/4.8.3/../../../../arm-none-eabi/lib/armv7-m\libc_s.a(lib_a-exit.o) (_exit)

Allocating common symbols
Common symbol       size              file

errno               0x4               c:/siliconlabs/simplicitystudio/v3/developer/toolchains/gnu_arm/4.8_2013q4/bin/../lib/gcc/arm-none-eabi/4.8.3/../../../../arm-none-eabi/lib/armv7-m\libc_s.a(lib_a-reent.o)
SystemCoreClock     0x4               ./CMSIS/efm32gg/system_efm32gg.o

Discarded input sections

 .text          0x00000000        0x0 c:/siliconlabs/simplicitystudio/v3/developer/toolchains/gnu_arm/4.8_2013q4/bin/../lib/gcc/arm-none-eabi/4.8.3/armv7-m/crti.o
 .data          0x00000000        0x0 c:/siliconlabs/simplicitystudio/v3/developer/toolchains/gnu_arm/4.8_2013q4/bin/../lib/gcc/arm-none-eabi/4.8.3/armv7-m/crti.o
 .bss           0x00000000        0x0 c:/siliconlabs/simplicitystudio/v3/developer/toolchains/gnu_arm/4.8_2013q4/bin/../lib/gcc/arm-none-eabi/4.8.3/armv7-m/crti.o
 .data          0x00000000        0x4 c:/siliconlabs/simplicitystudio/v3/developer/toolchains/gnu_arm/4.8_2013q4/bin/../lib/gcc/arm-none-eabi/4.8.3/armv7-m/crtbegin.o
 .data          0x00000000        0x0 c:/siliconlabs/simplicitystudio/v3/developer/toolchains/gnu_arm/4.8_2013q4/bin/../lib/gcc/arm-none-eabi/4.8.3/../../../../arm-none-eabi/lib/armv7-m/crt0.o
 .bss           0x00000000        0x0 c:/siliconlabs/simplicitystudio/v3/developer/toolchains/gnu_arm/4.8_2013q4/bin/../lib/gcc/arm-none-eabi/4.8.3/../../../../arm-none-eabi/lib/armv7-m/crt0.o
 .ARM.extab     0x00000000        0x0 c:/siliconlabs/simplicitystudio/v3/developer/toolchains/gnu_arm/4.8_2013q4/bin/../lib/gcc/arm-none-eabi/4.8.3/../../../../arm-none-eabi/lib/armv7-m/crt0.o
 .text          0x00000000        0x0 ./src/empty_project.o
 .data          0x00000000        0x0 ./src/empty_project.o
 .bss           0x00000000        0x0 ./src/empty_project.o
 .text          0x00000000        0x0 ./emlib/em_cmu.o
 .data          0x00000000        0x0 ./emlib/em_cmu.o
 .bss           0x00000000        0x0 ./emlib/em_cmu.o
 .text.CMU_Log2ToDiv
                0x00000000       0x1c ./emlib/em_cmu.o
 .text.CMU_Calibrate
                0x00000000       0x88 ./emlib/em_cmu.o
 .text.CMU_CalibrateConfig
                0x00000000       0xd8 ./emlib/em_cmu.o
 .text.CMU_ClockDivGet
                0x00000000      0x16c ./emlib/em_cmu.o
 .text.CMU_ClockDivSet
                0x00000000      0x244 ./emlib/em_cmu.o
 .text.CMU_FreezeEnable
                0x00000000       0x38 ./emlib/em_cmu.o
 .text.CMU_AUXHFRCOBandGet
                0x00000000       0x20 ./emlib/em_cmu.o
 .text.CMU_AUXHFRCOBandSet
                0x00000000       0xb0 ./emlib/em_cmu.o
 .text.CMU_HFRCOBandGet
                0x00000000       0x20 ./emlib/em_cmu.o
 .text.CMU_HFRCOBandSet
                0x00000000       0xcc ./emlib/em_cmu.o
 .text.CMU_HFRCOStartupDelayGet
                0x00000000       0x1c ./emlib/em_cmu.o
 .text.CMU_HFRCOStartupDelaySet
                0x00000000       0x30 ./emlib/em_cmu.o
 .text.CMU_LCDClkFDIVGet
                0x00000000       0x1c ./emlib/em_cmu.o
 .text.CMU_LCDClkFDIVSet
                0x00000000       0x3c ./emlib/em_cmu.o
 .text.CMU_OscillatorTuningGet
                0x00000000       0x50 ./emlib/em_cmu.o
 .text.CMU_OscillatorTuningSet
                0x00000000       0x74 ./emlib/em_cmu.o
 .text.CMU_PCNTClockExternalGet
                0x00000000       0x64 ./emlib/em_cmu.o
 .text.CMU_PCNTClockExternalSet
                0x00000000       0x34 ./emlib/em_cmu.o
 .text          0x00000000        0x0 ./emlib/em_emu.o
 .data          0x00000000        0x0 ./emlib/em_emu.o
 .bss           0x00000000        0x0 ./emlib/em_emu.o
 .text.BITBAND_Peripheral
                0x00000000       0x2c ./emlib/em_emu.o
 .text.EMU_BUPinEnable
                0x00000000       0x20 ./emlib/em_emu.o
 .text.EMU_Unlock
                0x00000000       0x18 ./emlib/em_emu.o
 .text.EMU_EnterEM3
                0x00000000       0xbc ./emlib/em_emu.o
 .text.EMU_EnterEM4
                0x00000000       0x50 ./emlib/em_emu.o
 .text.EMU_MemPwrDown
                0x00000000       0x1c ./emlib/em_emu.o
 .text.EMU_EM23Init
                0x00000000       0x34 ./emlib/em_emu.o
 .text.EMU_EM4Init
                0x00000000       0x50 ./emlib/em_emu.o
 .text.EMU_BUPDInit
                0x00000000       0xcc ./emlib/em_emu.o
 .text.EMU_BUThresholdSet
                0x00000000       0x4c ./emlib/em_emu.o
 .text.EMU_BUThresRangeSet
                0x00000000       0x50 ./emlib/em_emu.o
 .text          0x00000000        0x0 ./emlib/em_gpio.o
 .data          0x00000000        0x0 ./emlib/em_gpio.o
 .bss           0x00000000        0x0 ./emlib/em_gpio.o
 .text.BITBAND_Peripheral
                0x00000000       0x2c ./emlib/em_gpio.o
 .text.GPIO_DbgLocationSet
                0x00000000       0x2c ./emlib/em_gpio.o
 .text.GPIO_DriveModeSet
                0x00000000       0x50 ./emlib/em_gpio.o
 .text.GPIO_IntConfig
                0x00000000       0xc0 ./emlib/em_gpio.o
 .text          0x00000000        0x0 ./emlib/em_leuart.o
 .data          0x00000000        0x0 ./emlib/em_leuart.o
 .bss           0x00000000        0x0 ./emlib/em_leuart.o
 .text.LEUART_BaudrateCalc
                0x00000000       0x5c ./emlib/em_leuart.o
 .text.LEUART_BaudrateGet
                0x00000000       0x58 ./emlib/em_leuart.o
 .text.LEUART_Enable
                0x00000000       0x58 ./emlib/em_leuart.o
 .text.LEUART_Rx
                0x00000000       0x28 ./emlib/em_leuart.o
 .text.LEUART_RxExt
                0x00000000       0x28 ./emlib/em_leuart.o
 .text.LEUART_TxExt
                0x00000000       0x30 ./emlib/em_leuart.o
 .text.LEUART_TxDmaInEM2Enable
                0x00000000       0x3c ./emlib/em_leuart.o
 .text.LEUART_RxDmaInEM2Enable
                0x00000000       0x3c ./emlib/em_leuart.o
 .text          0x00000000        0x0 ./emlib/em_system.o
 .data          0x00000000        0x0 ./emlib/em_system.o
 .bss           0x00000000        0x0 ./emlib/em_system.o
 .text.SYSTEM_GetCalibrationValue
                0x00000000       0x54 ./emlib/em_system.o
 .data          0x00000000        0x0 ./CMSIS/efm32gg/startup_efm32gg.o
 .bss           0x00000000        0x0 ./CMSIS/efm32gg/startup_efm32gg.o
 .text          0x00000000        0x0 ./CMSIS/efm32gg/system_efm32gg.o
 .data          0x00000000        0x0 ./CMSIS/efm32gg/system_efm32gg.o
 .bss           0x00000000        0x0 ./CMSIS/efm32gg/system_efm32gg.o
 .text.SystemHFXOClockSet
                0x00000000       0x2c ./CMSIS/efm32gg/system_efm32gg.o
 .text.SystemLFXOClockSet
                0x00000000       0x2c ./CMSIS/efm32gg/system_efm32gg.o
 .text          0x00000000        0x0 c:/siliconlabs/simplicitystudio/v3/developer/toolchains/gnu_arm/4.8_2013q4/bin/../lib/gcc/arm-none-eabi/4.8.3/../../../../arm-none-eabi/lib/armv7-m\libc_s.a(lib_a-exit.o)
 .data          0x00000000        0x0 c:/siliconlabs/simplicitystudio/v3/developer/toolchains/gnu_arm/4.8_2013q4/bin/../lib/gcc/arm-none-eabi/4.8.3/../../../../arm-none-eabi/lib/armv7-m\libc_s.a(lib_a-exit.o)
 .bss           0x00000000        0x0 c:/siliconlabs/simplicitystudio/v3/developer/toolchains/gnu_arm/4.8_2013q4/bin/../lib/gcc/arm-none-eabi/4.8.3/../../../../arm-none-eabi/lib/armv7-m\libc_s.a(lib_a-exit.o)
 .text          0x00000000        0x0 c:/siliconlabs/simplicitystudio/v3/developer/toolchains/gnu_arm/4.8_2013q4/bin/../lib/gcc/arm-none-eabi/4.8.3/../../../../arm-none-eabi/lib/armv7-m\libc_s.a(lib_a-impure.o)
 .data          0x00000000        0x0 c:/siliconlabs/simplicitystudio/v3/developer/toolchains/gnu_arm/4.8_2013q4/bin/../lib/gcc/arm-none-eabi/4.8.3/../../../../arm-none-eabi/lib/armv7-m\libc_s.a(lib_a-impure.o)
 .bss           0x00000000        0x0 c:/siliconlabs/simplicitystudio/v3/developer/toolchains/gnu_arm/4.8_2013q4/bin/../lib/gcc/arm-none-eabi/4.8.3/../../../../arm-none-eabi/lib/armv7-m\libc_s.a(lib_a-impure.o)
 .text          0x00000000        0x0 c:/siliconlabs/simplicitystudio/v3/developer/toolchains/gnu_arm/4.8_2013q4/bin/../lib/gcc/arm-none-eabi/4.8.3/../../../../arm-none-eabi/lib/armv7-m\libc_s.a(lib_a-init.o)
 .data          0x00000000        0x0 c:/siliconlabs/simplicitystudio/v3/developer/toolchains/gnu_arm/4.8_2013q4/bin/../lib/gcc/arm-none-eabi/4.8.3/../../../../arm-none-eabi/lib/armv7-m\libc_s.a(lib_a-init.o)
 .bss           0x00000000        0x0 c:/siliconlabs/simplicitystudio/v3/developer/toolchains/gnu_arm/4.8_2013q4/bin/../lib/gcc/arm-none-eabi/4.8.3/../../../../arm-none-eabi/lib/armv7-m\libc_s.a(lib_a-init.o)
 .text          0x00000000        0x0 c:/siliconlabs/simplicitystudio/v3/developer/toolchains/gnu_arm/4.8_2013q4/bin/../lib/gcc/arm-none-eabi/4.8.3/../../../../arm-none-eabi/lib/armv7-m\libc_s.a(lib_a-memset.o)
 .data          0x00000000        0x0 c:/siliconlabs/simplicitystudio/v3/developer/toolchains/gnu_arm/4.8_2013q4/bin/../lib/gcc/arm-none-eabi/4.8.3/../../../../arm-none-eabi/lib/armv7-m\libc_s.a(lib_a-memset.o)
 .bss           0x00000000        0x0 c:/siliconlabs/simplicitystudio/v3/developer/toolchains/gnu_arm/4.8_2013q4/bin/../lib/gcc/arm-none-eabi/4.8.3/../../../../arm-none-eabi/lib/armv7-m\libc_s.a(lib_a-memset.o)
 .text          0x00000000        0x0 c:/siliconlabs/simplicitystudio/v3/developer/toolchains/gnu_arm/4.8_2013q4/bin/../lib/gcc/arm-none-eabi/4.8.3/../../../../arm-none-eabi/lib/armv7-m\libc_s.a(lib_a-sprintf.o)
 .data          0x00000000        0x0 c:/siliconlabs/simplicitystudio/v3/developer/toolchains/gnu_arm/4.8_2013q4/bin/../lib/gcc/arm-none-eabi/4.8.3/../../../../arm-none-eabi/lib/armv7-m\libc_s.a(lib_a-sprintf.o)
 .bss           0x00000000        0x0 c:/siliconlabs/simplicitystudio/v3/developer/toolchains/gnu_arm/4.8_2013q4/bin/../lib/gcc/arm-none-eabi/4.8.3/../../../../arm-none-eabi/lib/armv7-m\libc_s.a(lib_a-sprintf.o)
 .text._sprintf_r
                0x00000000       0x40 c:/siliconlabs/simplicitystudio/v3/developer/toolchains/gnu_arm/4.8_2013q4/bin/../lib/gcc/arm-none-eabi/4.8.3/../../../../arm-none-eabi/lib/armv7-m\libc_s.a(lib_a-sprintf.o)
 .text          0x00000000        0x0 c:/siliconlabs/simplicitystudio/v3/developer/toolchains/gnu_arm/4.8_2013q4/bin/../lib/gcc/arm-none-eabi/4.8.3/../../../../arm-none-eabi/lib/armv7-m\libc_s.a(lib_a-svfprintf.o)
 .data          0x00000000        0x0 c:/siliconlabs/simplicitystudio/v3/developer/toolchains/gnu_arm/4.8_2013q4/bin/../lib/gcc/arm-none-eabi/4.8.3/../../../../arm-none-eabi/lib/armv7-m\libc_s.a(lib_a-svfprintf.o)
 .bss           0x00000000        0x0 c:/siliconlabs/simplicitystudio/v3/developer/toolchains/gnu_arm/4.8_2013q4/bin/../lib/gcc/arm-none-eabi/4.8.3/../../../../arm-none-eabi/lib/armv7-m\libc_s.a(lib_a-svfprintf.o)
 .text.__ssprint_r
                0x00000000       0xf2 c:/siliconlabs/simplicitystudio/v3/developer/toolchains/gnu_arm/4.8_2013q4/bin/../lib/gcc/arm-none-eabi/4.8.3/../../../../arm-none-eabi/lib/armv7-m\libc_s.a(lib_a-svfprintf.o)
 .text          0x00000000        0x0 c:/siliconlabs/simplicitystudio/v3/developer/toolchains/gnu_arm/4.8_2013q4/bin/../lib/gcc/arm-none-eabi/4.8.3/../../../../arm-none-eabi/lib/armv7-m\libc_s.a(lib_a-vfprintf_i.o)
 .data          0x00000000        0x0 c:/siliconlabs/simplicitystudio/v3/developer/toolchains/gnu_arm/4.8_2013q4/bin/../lib/gcc/arm-none-eabi/4.8.3/../../../../arm-none-eabi/lib/armv7-m\libc_s.a(lib_a-vfprintf_i.o)
 .bss           0x00000000        0x0 c:/siliconlabs/simplicitystudio/v3/developer/toolchains/gnu_arm/4.8_2013q4/bin/../lib/gcc/arm-none-eabi/4.8.3/../../../../arm-none-eabi/lib/armv7-m\libc_s.a(lib_a-vfprintf_i.o)
 .text          0x00000000        0x0 c:/siliconlabs/simplicitystudio/v3/developer/toolchains/gnu_arm/4.8_2013q4/bin/../lib/gcc/arm-none-eabi/4.8.3/../../../../arm-none-eabi/lib/armv7-m\libc_s.a(lib_a-memchr-stub.o)
 .data          0x00000000        0x0 c:/siliconlabs/simplicitystudio/v3/developer/toolchains/gnu_arm/4.8_2013q4/bin/../lib/gcc/arm-none-eabi/4.8.3/../../../../arm-none-eabi/lib/armv7-m\libc_s.a(lib_a-memchr-stub.o)
 .bss           0x00000000        0x0 c:/siliconlabs/simplicitystudio/v3/developer/toolchains/gnu_arm/4.8_2013q4/bin/../lib/gcc/arm-none-eabi/4.8.3/../../../../arm-none-eabi/lib/armv7-m\libc_s.a(lib_a-memchr-stub.o)
 .text          0x00000000        0x0 c:/siliconlabs/simplicitystudio/v3/developer/toolchains/gnu_arm/4.8_2013q4/bin/../lib/gcc/arm-none-eabi/4.8.3/../../../../arm-none-eabi/lib/armv7-m\libc_s.a(lib_a-memcpy-stub.o)
 .data          0x00000000        0x0 c:/siliconlabs/simplicitystudio/v3/developer/toolchains/gnu_arm/4.8_2013q4/bin/../lib/gcc/arm-none-eabi/4.8.3/../../../../arm-none-eabi/lib/armv7-m\libc_s.a(lib_a-memcpy-stub.o)
 .bss           0x00000000        0x0 c:/siliconlabs/simplicitystudio/v3/developer/toolchains/gnu_arm/4.8_2013q4/bin/../lib/gcc/arm-none-eabi/4.8.3/../../../../arm-none-eabi/lib/armv7-m\libc_s.a(lib_a-memcpy-stub.o)
 .text          0x00000000        0x0 c:/siliconlabs/simplicitystudio/v3/developer/toolchains/gnu_arm/4.8_2013q4/bin/../lib/gcc/arm-none-eabi/4.8.3/../../../../arm-none-eabi/lib/armv7-m\libc_s.a(lib_a-memmove.o)
 .data          0x00000000        0x0 c:/siliconlabs/simplicitystudio/v3/developer/toolchains/gnu_arm/4.8_2013q4/bin/../lib/gcc/arm-none-eabi/4.8.3/../../../../arm-none-eabi/lib/armv7-m\libc_s.a(lib_a-memmove.o)
 .bss           0x00000000        0x0 c:/siliconlabs/simplicitystudio/v3/developer/toolchains/gnu_arm/4.8_2013q4/bin/../lib/gcc/arm-none-eabi/4.8.3/../../../../arm-none-eabi/lib/armv7-m\libc_s.a(lib_a-memmove.o)
 .text          0x00000000        0x0 c:/siliconlabs/simplicitystudio/v3/developer/toolchains/gnu_arm/4.8_2013q4/bin/../lib/gcc/arm-none-eabi/4.8.3/../../../../arm-none-eabi/lib/armv7-m\libc_s.a(lib_a-nano-freer.o)
 .data          0x00000000        0x0 c:/siliconlabs/simplicitystudio/v3/developer/toolchains/gnu_arm/4.8_2013q4/bin/../lib/gcc/arm-none-eabi/4.8.3/../../../../arm-none-eabi/lib/armv7-m\libc_s.a(lib_a-nano-freer.o)
 .bss           0x00000000        0x0 c:/siliconlabs/simplicitystudio/v3/developer/toolchains/gnu_arm/4.8_2013q4/bin/../lib/gcc/arm-none-eabi/4.8.3/../../../../arm-none-eabi/lib/armv7-m\libc_s.a(lib_a-nano-freer.o)
 .text          0x00000000        0x0 c:/siliconlabs/simplicitystudio/v3/developer/toolchains/gnu_arm/4.8_2013q4/bin/../lib/gcc/arm-none-eabi/4.8.3/../../../../arm-none-eabi/lib/armv7-m\libc_s.a(lib_a-nano-mallocr.o)
 .data          0x00000000        0x0 c:/siliconlabs/simplicitystudio/v3/developer/toolchains/gnu_arm/4.8_2013q4/bin/../lib/gcc/arm-none-eabi/4.8.3/../../../../arm-none-eabi/lib/armv7-m\libc_s.a(lib_a-nano-mallocr.o)
 .bss           0x00000000        0x0 c:/siliconlabs/simplicitystudio/v3/developer/toolchains/gnu_arm/4.8_2013q4/bin/../lib/gcc/arm-none-eabi/4.8.3/../../../../arm-none-eabi/lib/armv7-m\libc_s.a(lib_a-nano-mallocr.o)
 .text          0x00000000        0x0 c:/siliconlabs/simplicitystudio/v3/developer/toolchains/gnu_arm/4.8_2013q4/bin/../lib/gcc/arm-none-eabi/4.8.3/../../../../arm-none-eabi/lib/armv7-m\libc_s.a(lib_a-nano-reallocr.o)
 .data          0x00000000        0x0 c:/siliconlabs/simplicitystudio/v3/developer/toolchains/gnu_arm/4.8_2013q4/bin/../lib/gcc/arm-none-eabi/4.8.3/../../../../arm-none-eabi/lib/armv7-m\libc_s.a(lib_a-nano-reallocr.o)
 .bss           0x00000000        0x0 c:/siliconlabs/simplicitystudio/v3/developer/toolchains/gnu_arm/4.8_2013q4/bin/../lib/gcc/arm-none-eabi/4.8.3/../../../../arm-none-eabi/lib/armv7-m\libc_s.a(lib_a-nano-reallocr.o)
 .text          0x00000000        0x0 c:/siliconlabs/simplicitystudio/v3/developer/toolchains/gnu_arm/4.8_2013q4/bin/../lib/gcc/arm-none-eabi/4.8.3/../../../../arm-none-eabi/lib/armv7-m\libc_s.a(lib_a-sbrkr.o)
 .data          0x00000000        0x0 c:/siliconlabs/simplicitystudio/v3/developer/toolchains/gnu_arm/4.8_2013q4/bin/../lib/gcc/arm-none-eabi/4.8.3/../../../../arm-none-eabi/lib/armv7-m\libc_s.a(lib_a-sbrkr.o)
 .bss           0x00000000        0x0 c:/siliconlabs/simplicitystudio/v3/developer/toolchains/gnu_arm/4.8_2013q4/bin/../lib/gcc/arm-none-eabi/4.8.3/../../../../arm-none-eabi/lib/armv7-m\libc_s.a(lib_a-sbrkr.o)
 .text          0x00000000        0x0 c:/siliconlabs/simplicitystudio/v3/developer/toolchains/gnu_arm/4.8_2013q4/bin/../lib/gcc/arm-none-eabi/4.8.3/../../../../arm-none-eabi/lib/armv7-m\libc_s.a(lib_a-strlen.o)
 .data          0x00000000        0x0 c:/siliconlabs/simplicitystudio/v3/developer/toolchains/gnu_arm/4.8_2013q4/bin/../lib/gcc/arm-none-eabi/4.8.3/../../../../arm-none-eabi/lib/armv7-m\libc_s.a(lib_a-strlen.o)
 .bss           0x00000000        0x0 c:/siliconlabs/simplicitystudio/v3/developer/toolchains/gnu_arm/4.8_2013q4/bin/../lib/gcc/arm-none-eabi/4.8.3/../../../../arm-none-eabi/lib/armv7-m\libc_s.a(lib_a-strlen.o)
 .text          0x00000000        0x0 c:/siliconlabs/simplicitystudio/v3/developer/toolchains/gnu_arm/4.8_2013q4/bin/../lib/gcc/arm-none-eabi/4.8.3/../../../../arm-none-eabi/lib/armv7-m\libc_s.a(lib_a-nano-msizer.o)
 .data          0x00000000        0x0 c:/siliconlabs/simplicitystudio/v3/developer/toolchains/gnu_arm/4.8_2013q4/bin/../lib/gcc/arm-none-eabi/4.8.3/../../../../arm-none-eabi/lib/armv7-m\libc_s.a(lib_a-nano-msizer.o)
 .bss           0x00000000        0x0 c:/siliconlabs/simplicitystudio/v3/developer/toolchains/gnu_arm/4.8_2013q4/bin/../lib/gcc/arm-none-eabi/4.8.3/../../../../arm-none-eabi/lib/armv7-m\libc_s.a(lib_a-nano-msizer.o)
 .text          0x00000000        0x0 c:/siliconlabs/simplicitystudio/v3/developer/toolchains/gnu_arm/4.8_2013q4/bin/../lib/gcc/arm-none-eabi/4.8.3/../../../../arm-none-eabi/lib/armv7-m\libc_s.a(lib_a-reent.o)
 .data          0x00000000        0x0 c:/siliconlabs/simplicitystudio/v3/developer/toolchains/gnu_arm/4.8_2013q4/bin/../lib/gcc/arm-none-eabi/4.8.3/../../../../arm-none-eabi/lib/armv7-m\libc_s.a(lib_a-reent.o)
 .bss           0x00000000        0x0 c:/siliconlabs/simplicitystudio/v3/developer/toolchains/gnu_arm/4.8_2013q4/bin/../lib/gcc/arm-none-eabi/4.8.3/../../../../arm-none-eabi/lib/armv7-m\libc_s.a(lib_a-reent.o)
 .text.cleanup_glue
                0x00000000       0x1a c:/siliconlabs/simplicitystudio/v3/developer/toolchains/gnu_arm/4.8_2013q4/bin/../lib/gcc/arm-none-eabi/4.8.3/../../../../arm-none-eabi/lib/armv7-m\libc_s.a(lib_a-reent.o)
 .text._reclaim_reent
                0x00000000       0xbc c:/siliconlabs/simplicitystudio/v3/developer/toolchains/gnu_arm/4.8_2013q4/bin/../lib/gcc/arm-none-eabi/4.8.3/../../../../arm-none-eabi/lib/armv7-m\libc_s.a(lib_a-reent.o)
 .text          0x00000000        0x0 c:/siliconlabs/simplicitystudio/v3/developer/toolchains/gnu_arm/4.8_2013q4/bin/../lib/gcc/arm-none-eabi/4.8.3/../../../../arm-none-eabi/lib/armv7-m\libnosys.a(sbrk.o)
 .data          0x00000000        0x0 c:/siliconlabs/simplicitystudio/v3/developer/toolchains/gnu_arm/4.8_2013q4/bin/../lib/gcc/arm-none-eabi/4.8.3/../../../../arm-none-eabi/lib/armv7-m\libnosys.a(sbrk.o)
 .bss           0x00000000        0x0 c:/siliconlabs/simplicitystudio/v3/developer/toolchains/gnu_arm/4.8_2013q4/bin/../lib/gcc/arm-none-eabi/4.8.3/../../../../arm-none-eabi/lib/armv7-m\libnosys.a(sbrk.o)
 .text          0x00000000        0x0 c:/siliconlabs/simplicitystudio/v3/developer/toolchains/gnu_arm/4.8_2013q4/bin/../lib/gcc/arm-none-eabi/4.8.3/../../../../arm-none-eabi/lib/armv7-m\libnosys.a(_exit.o)
 .data          0x00000000        0x0 c:/siliconlabs/simplicitystudio/v3/developer/toolchains/gnu_arm/4.8_2013q4/bin/../lib/gcc/arm-none-eabi/4.8.3/../../../../arm-none-eabi/lib/armv7-m\libnosys.a(_exit.o)
 .bss           0x00000000        0x0 c:/siliconlabs/simplicitystudio/v3/developer/toolchains/gnu_arm/4.8_2013q4/bin/../lib/gcc/arm-none-eabi/4.8.3/../../../../arm-none-eabi/lib/armv7-m\libnosys.a(_exit.o)
 .text          0x00000000        0x0 c:/siliconlabs/simplicitystudio/v3/developer/toolchains/gnu_arm/4.8_2013q4/bin/../lib/gcc/arm-none-eabi/4.8.3/armv7-m/crtend.o
 .data          0x00000000        0x0 c:/siliconlabs/simplicitystudio/v3/developer/toolchains/gnu_arm/4.8_2013q4/bin/../lib/gcc/arm-none-eabi/4.8.3/armv7-m/crtend.o
 .bss           0x00000000        0x0 c:/siliconlabs/simplicitystudio/v3/developer/toolchains/gnu_arm/4.8_2013q4/bin/../lib/gcc/arm-none-eabi/4.8.3/armv7-m/crtend.o
 .jcr           0x00000000        0x4 c:/siliconlabs/simplicitystudio/v3/developer/toolchains/gnu_arm/4.8_2013q4/bin/../lib/gcc/arm-none-eabi/4.8.3/armv7-m/crtend.o
 .text          0x00000000        0x0 c:/siliconlabs/simplicitystudio/v3/developer/toolchains/gnu_arm/4.8_2013q4/bin/../lib/gcc/arm-none-eabi/4.8.3/armv7-m/crtn.o
 .data          0x00000000        0x0 c:/siliconlabs/simplicitystudio/v3/developer/toolchains/gnu_arm/4.8_2013q4/bin/../lib/gcc/arm-none-eabi/4.8.3/armv7-m/crtn.o
 .bss           0x00000000        0x0 c:/siliconlabs/simplicitystudio/v3/developer/toolchains/gnu_arm/4.8_2013q4/bin/../lib/gcc/arm-none-eabi/4.8.3/armv7-m/crtn.o

Memory Configuration

Name             Origin             Length             Attributes
FLASH            0x00000000         0x00100000         xr
RAM              0x20000000         0x00020000         xrw
*default*        0x00000000         0xffffffff

Linker script and memory map

LOAD c:/siliconlabs/simplicitystudio/v3/developer/toolchains/gnu_arm/4.8_2013q4/bin/../lib/gcc/arm-none-eabi/4.8.3/armv7-m/crti.o
LOAD c:/siliconlabs/simplicitystudio/v3/developer/toolchains/gnu_arm/4.8_2013q4/bin/../lib/gcc/arm-none-eabi/4.8.3/armv7-m/crtbegin.o
LOAD c:/siliconlabs/simplicitystudio/v3/developer/toolchains/gnu_arm/4.8_2013q4/bin/../lib/gcc/arm-none-eabi/4.8.3/../../../../arm-none-eabi/lib/armv7-m/crt0.o
LOAD ./src/empty_project.o
LOAD ./emlib/em_cmu.o
LOAD ./emlib/em_emu.o
LOAD ./emlib/em_gpio.o
LOAD ./emlib/em_leuart.o
LOAD ./emlib/em_system.o
LOAD ./CMSIS/efm32gg/startup_efm32gg.o
LOAD ./CMSIS/efm32gg/system_efm32gg.o
START GROUP
LOAD c:/siliconlabs/simplicitystudio/v3/developer/toolchains/gnu_arm/4.8_2013q4/bin/../lib/gcc/arm-none-eabi/4.8.3/armv7-m\libgcc.a
LOAD c:/siliconlabs/simplicitystudio/v3/developer/toolchains/gnu_arm/4.8_2013q4/bin/../lib/gcc/arm-none-eabi/4.8.3/../../../../arm-none-eabi/lib/armv7-m\libc_s.a
LOAD c:/siliconlabs/simplicitystudio/v3/developer/toolchains/gnu_arm/4.8_2013q4/bin/../lib/gcc/arm-none-eabi/4.8.3/../../../../arm-none-eabi/lib/armv7-m\libnosys.a
END GROUP
START GROUP
LOAD c:/siliconlabs/simplicitystudio/v3/developer/toolchains/gnu_arm/4.8_2013q4/bin/../lib/gcc/arm-none-eabi/4.8.3/armv7-m\libgcc.a
LOAD c:/siliconlabs/simplicitystudio/v3/developer/toolchains/gnu_arm/4.8_2013q4/bin/../lib/gcc/arm-none-eabi/4.8.3/../../../../arm-none-eabi/lib/armv7-m\libg_s.a
LOAD c:/siliconlabs/simplicitystudio/v3/developer/toolchains/gnu_arm/4.8_2013q4/bin/../lib/gcc/arm-none-eabi/4.8.3/../../../../arm-none-eabi/lib/armv7-m\libc_s.a
END GROUP
START GROUP
LOAD c:/siliconlabs/simplicitystudio/v3/developer/toolchains/gnu_arm/4.8_2013q4/bin/../lib/gcc/arm-none-eabi/4.8.3/armv7-m\libgcc.a
LOAD c:/siliconlabs/simplicitystudio/v3/developer/toolchains/gnu_arm/4.8_2013q4/bin/../lib/gcc/arm-none-eabi/4.8.3/../../../../arm-none-eabi/lib/armv7-m\libc_s.a
END GROUP
LOAD c:/siliconlabs/simplicitystudio/v3/developer/toolchains/gnu_arm/4.8_2013q4/bin/../lib/gcc/arm-none-eabi/4.8.3/armv7-m/crtend.o
LOAD c:/siliconlabs/simplicitystudio/v3/developer/toolchains/gnu_arm/4.8_2013q4/bin/../lib/gcc/arm-none-eabi/4.8.3/armv7-m/crtn.o

.text           0x00000000     0x20e4
 *(.isr_vector)
 .isr_vector    0x00000000      0x100 ./CMSIS/efm32gg/startup_efm32gg.o
                0x00000000                __isr_vector
 *(.text*)
 .text          0x00000100       0x54 c:/siliconlabs/simplicitystudio/v3/developer/toolchains/gnu_arm/4.8_2013q4/bin/../lib/gcc/arm-none-eabi/4.8.3/armv7-m/crtbegin.o
 .text          0x00000154       0x74 c:/siliconlabs/simplicitystudio/v3/developer/toolchains/gnu_arm/4.8_2013q4/bin/../lib/gcc/arm-none-eabi/4.8.3/../../../../arm-none-eabi/lib/armv7-m/crt0.o
                0x00000154                _start
                0x00000154                _mainCRTStartup
 .text.CHIP_Init
                0x000001c8       0x40 ./src/empty_project.o
 .text.GPIO_EVEN_IRQHandler
                0x00000208        0xc ./src/empty_project.o
                0x00000208                GPIO_EVEN_IRQHandler
 .text.GPIO_ODD_IRQHandler
                0x00000214        0xc ./src/empty_project.o
                0x00000214                GPIO_ODD_IRQHandler
 .text.main     0x00000220       0xec ./src/empty_project.o
                0x00000220                main
 .text.handleGPIO
                0x0000030c       0xd8 ./src/empty_project.o
                0x0000030c                handleGPIO
 .text.BITBAND_Peripheral
                0x000003e4       0x2c ./emlib/em_cmu.o
 .text.CMU_MaxFreqHfle
                0x00000410       0x8c ./emlib/em_cmu.o
 .text.CMU_FlashWaitStateControl
                0x0000049c       0xb8 ./emlib/em_cmu.o
 .text.CMU_FlashWaitStateMax
                0x00000554       0x1c ./emlib/em_cmu.o
 .text.CMU_DivToLog2
                0x00000570       0x3c ./emlib/em_cmu.o
 .text.CMU_USBCClkGet
                0x000005ac       0x4c ./emlib/em_cmu.o
 .text.CMU_AUXClkGet
                0x000005f8       0x8c ./emlib/em_cmu.o
 .text.CMU_DBGClkGet
                0x00000684       0x58 ./emlib/em_cmu.o
 .text.CMU_LFClkGet
                0x000006dc       0xb4 ./emlib/em_cmu.o
 .text.CMU_Sync
                0x00000790       0x34 ./emlib/em_cmu.o
 .text.CMU_ClockEnable
                0x000007c4       0xe0 ./emlib/em_cmu.o
                0x000007c4                CMU_ClockEnable
 .text.CMU_ClockFreqGet
                0x000008a4      0x1fc ./emlib/em_cmu.o
                0x000008a4                CMU_ClockFreqGet
 .text.CMU_ClockSelectGet
                0x00000aa0      0x164 ./emlib/em_cmu.o
                0x00000aa0                CMU_ClockSelectGet
 .text.CMU_ClockSelectSet
                0x00000c04      0x29c ./emlib/em_cmu.o
                0x00000c04                CMU_ClockSelectSet
 .text.CMU_OscillatorEnable
                0x00000ea0       0xc0 ./emlib/em_cmu.o
                0x00000ea0                CMU_OscillatorEnable
 .text.SystemCoreClockUpdate
                0x00000f60        0xc ./emlib/em_emu.o
 .text.CMU_Lock
                0x00000f6c       0x18 ./emlib/em_emu.o
 .text.CMU_Unlock
                0x00000f84       0x1c ./emlib/em_emu.o
 .text.EMU_Restore
                0x00000fa0       0xf4 ./emlib/em_emu.o
 .text.getErrataFixEmuE107En
                0x00001094       0x68 ./emlib/em_emu.o
 .text.EMU_EnterEM2
                0x000010fc       0x9c ./emlib/em_emu.o
                0x000010fc                EMU_EnterEM2
 .text.EMU_UpdateOscConfig
                0x00001198       0x1c ./emlib/em_emu.o
                0x00001198                EMU_UpdateOscConfig
 .text.GPIO_PinModeSet
                0x000011b4      0x144 ./emlib/em_gpio.o
                0x000011b4                GPIO_PinModeSet
 .text.LEUART_Sync
                0x000012f8       0x30 ./emlib/em_leuart.o
 .text.LEUART_BaudrateSet
                0x00001328       0x80 ./emlib/em_leuart.o
                0x00001328                LEUART_BaudrateSet
 .text.LEUART_FreezeEnable
                0x000013a8       0x34 ./emlib/em_leuart.o
                0x000013a8                LEUART_FreezeEnable
 .text.LEUART_Init
                0x000013dc       0x84 ./emlib/em_leuart.o
                0x000013dc                LEUART_Init
 .text.LEUART_Reset
                0x00001460       0x70 ./emlib/em_leuart.o
                0x00001460                LEUART_Reset
 .text.LEUART_Tx
                0x000014d0       0x30 ./emlib/em_leuart.o
                0x000014d0                LEUART_Tx
 .text.SYSTEM_ChipRevisionGet
                0x00001500       0x74 ./emlib/em_system.o
                0x00001500                SYSTEM_ChipRevisionGet
 .text          0x00001574       0x98 ./CMSIS/efm32gg/startup_efm32gg.o
                0x00001574                Reset_Handler
                0x000015a8                Default_Handler
                0x000015aa                NMI_Handler
                0x000015ac                HardFault_Handler
                0x000015ae                MemManage_Handler
                0x000015b0                BusFault_Handler
                0x000015b2                UsageFault_Handler
                0x000015b4                SVC_Handler
                0x000015b6                DebugMon_Handler
                0x000015b8                PendSV_Handler
                0x000015ba                SysTick_Handler
                0x000015bc                DMA_IRQHandler
                0x000015c0                TIMER0_IRQHandler
                0x000015c2                USART0_RX_IRQHandler
                0x000015c4                USART0_TX_IRQHandler
                0x000015c6                USB_IRQHandler
                0x000015c8                ACMP0_IRQHandler
                0x000015ca                ADC0_IRQHandler
                0x000015cc                DAC0_IRQHandler
                0x000015ce                I2C0_IRQHandler
                0x000015d0                I2C1_IRQHandler
                0x000015d4                TIMER1_IRQHandler
                0x000015d6                TIMER2_IRQHandler
                0x000015d8                TIMER3_IRQHandler
                0x000015da                USART1_RX_IRQHandler
                0x000015dc                USART1_TX_IRQHandler
                0x000015de                LESENSE_IRQHandler
                0x000015e0                USART2_RX_IRQHandler
                0x000015e2                USART2_TX_IRQHandler
                0x000015e4                UART0_RX_IRQHandler
                0x000015e6                UART0_TX_IRQHandler
                0x000015e8                UART1_RX_IRQHandler
                0x000015ea                UART1_TX_IRQHandler
                0x000015ec                LEUART0_IRQHandler
                0x000015ee                LEUART1_IRQHandler
                0x000015f0                LETIMER0_IRQHandler
                0x000015f2                PCNT0_IRQHandler
                0x000015f4                PCNT1_IRQHandler
                0x000015f6                PCNT2_IRQHandler
                0x000015f8                RTC_IRQHandler
                0x000015fa                BURTC_IRQHandler
                0x000015fc                CMU_IRQHandler
                0x000015fe                VCMP_IRQHandler
                0x00001600                LCD_IRQHandler
                0x00001602                MSC_IRQHandler
                0x00001604                AES_IRQHandler
                0x00001606                EBI_IRQHandler
                0x00001608                EMU_IRQHandler
 .text.GetProdRev
                0x0000160c       0x1c ./CMSIS/efm32gg/system_efm32gg.o
 .text.SystemCoreClockGet
                0x00001628       0x48 ./CMSIS/efm32gg/system_efm32gg.o
                0x00001628                SystemCoreClockGet
 .text.SystemHFClockGet
                0x00001670       0xf0 ./CMSIS/efm32gg/system_efm32gg.o
                0x00001670                SystemHFClockGet
 .text.SystemHFXOClockGet
                0x00001760       0x18 ./CMSIS/efm32gg/system_efm32gg.o
                0x00001760                SystemHFXOClockGet
 .text.SystemInit
                0x00001778        0xc ./CMSIS/efm32gg/system_efm32gg.o
                0x00001778                SystemInit
 .text.SystemLFRCOClockGet
                0x00001784       0x14 ./CMSIS/efm32gg/system_efm32gg.o
                0x00001784                SystemLFRCOClockGet
 .text.SystemULFRCOClockGet
                0x00001798       0x14 ./CMSIS/efm32gg/system_efm32gg.o
                0x00001798                SystemULFRCOClockGet
 .text.SystemLFXOClockGet
                0x000017ac       0x18 ./CMSIS/efm32gg/system_efm32gg.o
                0x000017ac                SystemLFXOClockGet
 .text.exit     0x000017c4       0x28 c:/siliconlabs/simplicitystudio/v3/developer/toolchains/gnu_arm/4.8_2013q4/bin/../lib/gcc/arm-none-eabi/4.8.3/../../../../arm-none-eabi/lib/armv7-m\libc_s.a(lib_a-exit.o)
                0x000017c4                exit
 .text.__libc_init_array
                0x000017ec       0x4c c:/siliconlabs/simplicitystudio/v3/developer/toolchains/gnu_arm/4.8_2013q4/bin/../lib/gcc/arm-none-eabi/4.8.3/../../../../arm-none-eabi/lib/armv7-m\libc_s.a(lib_a-init.o)
                0x000017ec                __libc_init_array
 .text.memset   0x00001838       0x10 c:/siliconlabs/simplicitystudio/v3/developer/toolchains/gnu_arm/4.8_2013q4/bin/../lib/gcc/arm-none-eabi/4.8.3/../../../../arm-none-eabi/lib/armv7-m\libc_s.a(lib_a-memset.o)
                0x00001838                memset
 .text.sprintf  0x00001848       0x48 c:/siliconlabs/simplicitystudio/v3/developer/toolchains/gnu_arm/4.8_2013q4/bin/../lib/gcc/arm-none-eabi/4.8.3/../../../../arm-none-eabi/lib/armv7-m\libc_s.a(lib_a-sprintf.o)
                0x00001848                siprintf
                0x00001848                sprintf
 .text.__ssputs_r
                0x00001890       0xb8 c:/siliconlabs/simplicitystudio/v3/developer/toolchains/gnu_arm/4.8_2013q4/bin/../lib/gcc/arm-none-eabi/4.8.3/../../../../arm-none-eabi/lib/armv7-m\libc_s.a(lib_a-svfprintf.o)
                0x00001890                __ssputs_r
 .text._svfprintf_r
                0x00001948      0x1d8 c:/siliconlabs/simplicitystudio/v3/developer/toolchains/gnu_arm/4.8_2013q4/bin/../lib/gcc/arm-none-eabi/4.8.3/../../../../arm-none-eabi/lib/armv7-m\libc_s.a(lib_a-svfprintf.o)
                0x00001948                _svfiprintf_r
                0x00001948                _svfprintf_r
 .text._printf_common
                0x00001b20       0xe4 c:/siliconlabs/simplicitystudio/v3/developer/toolchains/gnu_arm/4.8_2013q4/bin/../lib/gcc/arm-none-eabi/4.8.3/../../../../arm-none-eabi/lib/armv7-m\libc_s.a(lib_a-vfprintf_i.o)
                0x00001b20                _printf_common
 .text._printf_i
                0x00001c04      0x228 c:/siliconlabs/simplicitystudio/v3/developer/toolchains/gnu_arm/4.8_2013q4/bin/../lib/gcc/arm-none-eabi/4.8.3/../../../../arm-none-eabi/lib/armv7-m\libc_s.a(lib_a-vfprintf_i.o)
                0x00001c04                _printf_i
 .text.memchr   0x00001e2c       0x1c c:/siliconlabs/simplicitystudio/v3/developer/toolchains/gnu_arm/4.8_2013q4/bin/../lib/gcc/arm-none-eabi/4.8.3/../../../../arm-none-eabi/lib/armv7-m\libc_s.a(lib_a-memchr-stub.o)
                0x00001e2c                memchr
 .text.memcpy   0x00001e48       0x12 c:/siliconlabs/simplicitystudio/v3/developer/toolchains/gnu_arm/4.8_2013q4/bin/../lib/gcc/arm-none-eabi/4.8.3/../../../../arm-none-eabi/lib/armv7-m\libc_s.a(lib_a-memcpy-stub.o)
                0x00001e48                memcpy
 .text.memmove  0x00001e5a       0x36 c:/siliconlabs/simplicitystudio/v3/developer/toolchains/gnu_arm/4.8_2013q4/bin/../lib/gcc/arm-none-eabi/4.8.3/../../../../arm-none-eabi/lib/armv7-m\libc_s.a(lib_a-memmove.o)
                0x00001e5a                memmove
 .text._free_r  0x00001e90       0x88 c:/siliconlabs/simplicitystudio/v3/developer/toolchains/gnu_arm/4.8_2013q4/bin/../lib/gcc/arm-none-eabi/4.8.3/../../../../arm-none-eabi/lib/armv7-m\libc_s.a(lib_a-nano-freer.o)
                0x00001e90                _free_r
 .text._malloc_r
                0x00001f18       0xa8 c:/siliconlabs/simplicitystudio/v3/developer/toolchains/gnu_arm/4.8_2013q4/bin/../lib/gcc/arm-none-eabi/4.8.3/../../../../arm-none-eabi/lib/armv7-m\libc_s.a(lib_a-nano-mallocr.o)
                0x00001f18                _malloc_r
 .text._realloc_r
                0x00001fc0       0x4c c:/siliconlabs/simplicitystudio/v3/developer/toolchains/gnu_arm/4.8_2013q4/bin/../lib/gcc/arm-none-eabi/4.8.3/../../../../arm-none-eabi/lib/armv7-m\libc_s.a(lib_a-nano-reallocr.o)
                0x00001fc0                _realloc_r
 .text._sbrk_r  0x0000200c       0x20 c:/siliconlabs/simplicitystudio/v3/developer/toolchains/gnu_arm/4.8_2013q4/bin/../lib/gcc/arm-none-eabi/4.8.3/../../../../arm-none-eabi/lib/armv7-m\libc_s.a(lib_a-sbrkr.o)
                0x0000200c                _sbrk_r
 .text.strlen   0x0000202c       0x10 c:/siliconlabs/simplicitystudio/v3/developer/toolchains/gnu_arm/4.8_2013q4/bin/../lib/gcc/arm-none-eabi/4.8.3/../../../../arm-none-eabi/lib/armv7-m\libc_s.a(lib_a-strlen.o)
                0x0000202c                strlen
 .text._malloc_usable_size_r
                0x0000203c       0x12 c:/siliconlabs/simplicitystudio/v3/developer/toolchains/gnu_arm/4.8_2013q4/bin/../lib/gcc/arm-none-eabi/4.8.3/../../../../arm-none-eabi/lib/armv7-m\libc_s.a(lib_a-nano-msizer.o)
                0x0000203c                _malloc_usable_size_r
 *fill*         0x0000204e        0x2 
 .text._sbrk    0x00002050       0x34 c:/siliconlabs/simplicitystudio/v3/developer/toolchains/gnu_arm/4.8_2013q4/bin/../lib/gcc/arm-none-eabi/4.8.3/../../../../arm-none-eabi/lib/armv7-m\libnosys.a(sbrk.o)
                0x00002050                _sbrk
 .text._exit    0x00002084        0x4 c:/siliconlabs/simplicitystudio/v3/developer/toolchains/gnu_arm/4.8_2013q4/bin/../lib/gcc/arm-none-eabi/4.8.3/../../../../arm-none-eabi/lib/armv7-m\libnosys.a(_exit.o)
                0x00002084                _exit
 *(.init)
 .init          0x00002088        0x4 c:/siliconlabs/simplicitystudio/v3/developer/toolchains/gnu_arm/4.8_2013q4/bin/../lib/gcc/arm-none-eabi/4.8.3/armv7-m/crti.o
                0x00002088                _init
 .init          0x0000208c        0x8 c:/siliconlabs/simplicitystudio/v3/developer/toolchains/gnu_arm/4.8_2013q4/bin/../lib/gcc/arm-none-eabi/4.8.3/armv7-m/crtn.o
 *(.fini)
 .fini          0x00002094        0x4 c:/siliconlabs/simplicitystudio/v3/developer/toolchains/gnu_arm/4.8_2013q4/bin/../lib/gcc/arm-none-eabi/4.8.3/armv7-m/crti.o
                0x00002094                _fini
 .fini          0x00002098        0x8 c:/siliconlabs/simplicitystudio/v3/developer/toolchains/gnu_arm/4.8_2013q4/bin/../lib/gcc/arm-none-eabi/4.8.3/armv7-m/crtn.o
 *crtbegin.o(.ctors)
 *crtbegin?.o(.ctors)
 *(EXCLUDE_FILE(*crtend.o *crtend?.o) .ctors)
 *(SORT(.ctors.*))
 *(.ctors)
 *crtbegin.o(.dtors)
 *crtbegin?.o(.dtors)
 *(EXCLUDE_FILE(*crtend.o *crtend?.o) .dtors)
 *(SORT(.dtors.*))
 *(.dtors)
 *(.rodata*)
 .rodata        0x000020a0        0x4 ./src/empty_project.o
 .rodata.str1.1
                0x000020a4        0x2 c:/siliconlabs/simplicitystudio/v3/developer/toolchains/gnu_arm/4.8_2013q4/bin/../lib/gcc/arm-none-eabi/4.8.3/../../../../arm-none-eabi/lib/armv7-m\libc_s.a(lib_a-impure.o)
 *fill*         0x000020a6        0x2 
 .rodata._global_impure_ptr
                0x000020a8        0x4 c:/siliconlabs/simplicitystudio/v3/developer/toolchains/gnu_arm/4.8_2013q4/bin/../lib/gcc/arm-none-eabi/4.8.3/../../../../arm-none-eabi/lib/armv7-m\libc_s.a(lib_a-impure.o)
                0x000020a8                _global_impure_ptr
 .rodata.str1.1
                0x000020ac       0x11 c:/siliconlabs/simplicitystudio/v3/developer/toolchains/gnu_arm/4.8_2013q4/bin/../lib/gcc/arm-none-eabi/4.8.3/../../../../arm-none-eabi/lib/armv7-m\libc_s.a(lib_a-svfprintf.o)
 .rodata.str1.1
                0x000020bd       0x22 c:/siliconlabs/simplicitystudio/v3/developer/toolchains/gnu_arm/4.8_2013q4/bin/../lib/gcc/arm-none-eabi/4.8.3/../../../../arm-none-eabi/lib/armv7-m\libc_s.a(lib_a-vfprintf_i.o)
 *(.eh_frame*)
 *fill*         0x000020df        0x1 
 .eh_frame      0x000020e0        0x0 c:/siliconlabs/simplicitystudio/v3/developer/toolchains/gnu_arm/4.8_2013q4/bin/../lib/gcc/arm-none-eabi/4.8.3/armv7-m/crtbegin.o
 .eh_frame      0x000020e0        0x4 c:/siliconlabs/simplicitystudio/v3/developer/toolchains/gnu_arm/4.8_2013q4/bin/../lib/gcc/arm-none-eabi/4.8.3/armv7-m/crtend.o

.glue_7         0x000020e4        0x0
 .glue_7        0x00000000        0x0 linker stubs

.glue_7t        0x000020e4        0x0
 .glue_7t       0x00000000        0x0 linker stubs

.vfp11_veneer   0x000020e4        0x0
 .vfp11_veneer  0x00000000        0x0 linker stubs

.v4_bx          0x000020e4        0x0
 .v4_bx         0x00000000        0x0 linker stubs

.iplt           0x000020e4        0x0
 .iplt          0x00000000        0x0 c:/siliconlabs/simplicitystudio/v3/developer/toolchains/gnu_arm/4.8_2013q4/bin/../lib/gcc/arm-none-eabi/4.8.3/armv7-m/crtbegin.o

.ARM.extab
 *(.ARM.extab* .gnu.linkonce.armextab.*)
                0x000020e4                __exidx_start = .

.ARM.exidx      0x000020e4        0x8
 *(.ARM.exidx* .gnu.linkonce.armexidx.*)
 .ARM.exidx     0x000020e4        0x8 c:/siliconlabs/simplicitystudio/v3/developer/toolchains/gnu_arm/4.8_2013q4/bin/../lib/gcc/arm-none-eabi/4.8.3/../../../../arm-none-eabi/lib/armv7-m/crt0.o
                0x000020ec                __exidx_end = .
                0x000020ec                __etext = .

.rel.dyn        0x000020ec        0x0
 .rel.iplt      0x00000000        0x0 c:/siliconlabs/simplicitystudio/v3/developer/toolchains/gnu_arm/4.8_2013q4/bin/../lib/gcc/arm-none-eabi/4.8.3/armv7-m/crtbegin.o

.data           0x20000000       0x84 load address 0x000020ec
                0x20000000                __data_start__ = .
 *(vtable)
 *(.data*)
 .data.leuart0Init
                0x20000000       0x10 ./src/empty_project.o
                0x20000000                leuart0Init
 .data.SystemHFXOClock
                0x20000010        0x4 ./CMSIS/efm32gg/system_efm32gg.o
 .data.SystemLFXOClock
                0x20000014        0x4 ./CMSIS/efm32gg/system_efm32gg.o
 .data.impure_data
                0x20000018       0x60 c:/siliconlabs/simplicitystudio/v3/developer/toolchains/gnu_arm/4.8_2013q4/bin/../lib/gcc/arm-none-eabi/4.8.3/../../../../arm-none-eabi/lib/armv7-m\libc_s.a(lib_a-impure.o)
 .data._impure_ptr
                0x20000078        0x4 c:/siliconlabs/simplicitystudio/v3/developer/toolchains/gnu_arm/4.8_2013q4/bin/../lib/gcc/arm-none-eabi/4.8.3/../../../../arm-none-eabi/lib/armv7-m\libc_s.a(lib_a-impure.o)
                0x20000078                _impure_ptr
                0x2000007c                . = ALIGN (0x4)
 *(.ram)
                0x2000007c                . = ALIGN (0x4)
                0x2000007c                PROVIDE (__preinit_array_start, .)
 *(.preinit_array)
                0x2000007c                PROVIDE (__preinit_array_end, .)
                0x2000007c                . = ALIGN (0x4)
                0x2000007c                PROVIDE (__init_array_start, .)
 *(SORT(.init_array.*))
 *(.init_array)
 .init_array    0x2000007c        0x4 c:/siliconlabs/simplicitystudio/v3/developer/toolchains/gnu_arm/4.8_2013q4/bin/../lib/gcc/arm-none-eabi/4.8.3/armv7-m/crtbegin.o
                0x20000080                PROVIDE (__init_array_end, .)
                0x20000080                . = ALIGN (0x4)
                0x20000080                PROVIDE (__fini_array_start, .)
 *(SORT(.fini_array.*))
 *(.fini_array)
 .fini_array    0x20000080        0x4 c:/siliconlabs/simplicitystudio/v3/developer/toolchains/gnu_arm/4.8_2013q4/bin/../lib/gcc/arm-none-eabi/4.8.3/armv7-m/crtbegin.o
                0x20000084                PROVIDE (__fini_array_end, .)
                0x20000084                . = ALIGN (0x4)
                0x20000084                __data_end__ = .

.jcr            0x20000084        0x0 load address 0x00002170
 .jcr           0x20000084        0x0 c:/siliconlabs/simplicitystudio/v3/developer/toolchains/gnu_arm/4.8_2013q4/bin/../lib/gcc/arm-none-eabi/4.8.3/armv7-m/crtbegin.o

.igot.plt       0x20000084        0x0 load address 0x00002170
 .igot.plt      0x00000000        0x0 c:/siliconlabs/simplicitystudio/v3/developer/toolchains/gnu_arm/4.8_2013q4/bin/../lib/gcc/arm-none-eabi/4.8.3/armv7-m/crtbegin.o

.bss            0x20000084       0x38 load address 0x00002170
                0x20000084                __bss_start__ = .
 *(.bss*)
 .bss           0x20000084       0x1c c:/siliconlabs/simplicitystudio/v3/developer/toolchains/gnu_arm/4.8_2013q4/bin/../lib/gcc/arm-none-eabi/4.8.3/armv7-m/crtbegin.o
 .bss.counter.6390
                0x200000a0        0x1 ./src/empty_project.o
 *fill*         0x200000a1        0x3 
 .bss.cmuStatus
                0x200000a4        0x4 ./emlib/em_emu.o
 .bss.__malloc_sbrk_start
                0x200000a8        0x4 c:/siliconlabs/simplicitystudio/v3/developer/toolchains/gnu_arm/4.8_2013q4/bin/../lib/gcc/arm-none-eabi/4.8.3/../../../../arm-none-eabi/lib/armv7-m\libc_s.a(lib_a-nano-mallocr.o)
                0x200000a8                __malloc_sbrk_start
 .bss.__malloc_free_list
                0x200000ac        0x4 c:/siliconlabs/simplicitystudio/v3/developer/toolchains/gnu_arm/4.8_2013q4/bin/../lib/gcc/arm-none-eabi/4.8.3/../../../../arm-none-eabi/lib/armv7-m\libc_s.a(lib_a-nano-mallocr.o)
                0x200000ac                __malloc_free_list
 .bss.heap_end.4237
                0x200000b0        0x4 c:/siliconlabs/simplicitystudio/v3/developer/toolchains/gnu_arm/4.8_2013q4/bin/../lib/gcc/arm-none-eabi/4.8.3/../../../../arm-none-eabi/lib/armv7-m\libnosys.a(sbrk.o)
 *(COMMON)
 COMMON         0x200000b4        0x4 ./CMSIS/efm32gg/system_efm32gg.o
                0x200000b4                SystemCoreClock
 COMMON         0x200000b8        0x4 c:/siliconlabs/simplicitystudio/v3/developer/toolchains/gnu_arm/4.8_2013q4/bin/../lib/gcc/arm-none-eabi/4.8.3/../../../../arm-none-eabi/lib/armv7-m\libc_s.a(lib_a-reent.o)
                0x200000b8                errno
                0x200000bc                __bss_end__ = .

.heap           0x200000c0      0xc00
                0x200000c0                __end__ = .
                0x200000c0                end = __end__
                0x200000c0                _end = __end__
 *(.heap*)
 .heap          0x200000c0      0xc00 ./CMSIS/efm32gg/startup_efm32gg.o
                0x200000c0                __HeapBase
                0x20000cc0                __HeapLimit = .

.stack_dummy    0x200000c0      0x400
 *(.stack)
 .stack         0x200000c0      0x400 ./CMSIS/efm32gg/startup_efm32gg.o
                0x20020000                __StackTop = (ORIGIN (RAM) + 0x20000)
                0x2001fc00                __StackLimit = (__StackTop - SIZEOF (.stack_dummy))
                0x20020000                PROVIDE (__stack, __StackTop)
                0x00000001                ASSERT ((__StackLimit >= __HeapLimit), region RAM overflowed with stack)
                0x00000001                ASSERT ((0x100000 >= (__etext + SIZEOF (.data))), FLASH memory overflowed !)
OUTPUT(LEUART_EM.axf elf32-littlearm)

.ARM.attributes
                0x00000000       0x29
 .ARM.attributes
                0x00000000       0x1d c:/siliconlabs/simplicitystudio/v3/developer/toolchains/gnu_arm/4.8_2013q4/bin/../lib/gcc/arm-none-eabi/4.8.3/armv7-m/crti.o
 .ARM.attributes
                0x0000001d       0x2d c:/siliconlabs/simplicitystudio/v3/developer/toolchains/gnu_arm/4.8_2013q4/bin/../lib/gcc/arm-none-eabi/4.8.3/armv7-m/crtbegin.o
 .ARM.attributes
                0x0000004a       0x1b c:/siliconlabs/simplicitystudio/v3/developer/toolchains/gnu_arm/4.8_2013q4/bin/../lib/gcc/arm-none-eabi/4.8.3/../../../../arm-none-eabi/lib/armv7-m/crt0.o
 .ARM.attributes
                0x00000065       0x33 ./src/empty_project.o
 .ARM.attributes
                0x00000098       0x33 ./emlib/em_cmu.o
 .ARM.attributes
                0x000000cb       0x33 ./emlib/em_emu.o
 .ARM.attributes
                0x000000fe       0x33 ./emlib/em_gpio.o
 .ARM.attributes
                0x00000131       0x33 ./emlib/em_leuart.o
 .ARM.attributes
                0x00000164       0x33 ./emlib/em_system.o
 .ARM.attributes
                0x00000197       0x1b ./CMSIS/efm32gg/startup_efm32gg.o
 .ARM.attributes
                0x000001b2       0x33 ./CMSIS/efm32gg/system_efm32gg.o
 .ARM.attributes
                0x000001e5       0x2d c:/siliconlabs/simplicitystudio/v3/developer/toolchains/gnu_arm/4.8_2013q4/bin/../lib/gcc/arm-none-eabi/4.8.3/../../../../arm-none-eabi/lib/armv7-m\libc_s.a(lib_a-exit.o)
 .ARM.attributes
                0x00000212       0x2d c:/siliconlabs/simplicitystudio/v3/developer/toolchains/gnu_arm/4.8_2013q4/bin/../lib/gcc/arm-none-eabi/4.8.3/../../../../arm-none-eabi/lib/armv7-m\libc_s.a(lib_a-impure.o)
 .ARM.attributes
                0x0000023f       0x2d c:/siliconlabs/simplicitystudio/v3/developer/toolchains/gnu_arm/4.8_2013q4/bin/../lib/gcc/arm-none-eabi/4.8.3/../../../../arm-none-eabi/lib/armv7-m\libc_s.a(lib_a-init.o)
 .ARM.attributes
                0x0000026c       0x2d c:/siliconlabs/simplicitystudio/v3/developer/toolchains/gnu_arm/4.8_2013q4/bin/../lib/gcc/arm-none-eabi/4.8.3/../../../../arm-none-eabi/lib/armv7-m\libc_s.a(lib_a-memset.o)
 .ARM.attributes
                0x00000299       0x2d c:/siliconlabs/simplicitystudio/v3/developer/toolchains/gnu_arm/4.8_2013q4/bin/../lib/gcc/arm-none-eabi/4.8.3/../../../../arm-none-eabi/lib/armv7-m\libc_s.a(lib_a-sprintf.o)
 .ARM.attributes
                0x000002c6       0x2d c:/siliconlabs/simplicitystudio/v3/developer/toolchains/gnu_arm/4.8_2013q4/bin/../lib/gcc/arm-none-eabi/4.8.3/../../../../arm-none-eabi/lib/armv7-m\libc_s.a(lib_a-svfprintf.o)
 .ARM.attributes
                0x000002f3       0x2d c:/siliconlabs/simplicitystudio/v3/developer/toolchains/gnu_arm/4.8_2013q4/bin/../lib/gcc/arm-none-eabi/4.8.3/../../../../arm-none-eabi/lib/armv7-m\libc_s.a(lib_a-vfprintf_i.o)
 .ARM.attributes
                0x00000320       0x2d c:/siliconlabs/simplicitystudio/v3/developer/toolchains/gnu_arm/4.8_2013q4/bin/../lib/gcc/arm-none-eabi/4.8.3/../../../../arm-none-eabi/lib/armv7-m\libc_s.a(lib_a-memchr-stub.o)
 .ARM.attributes
                0x0000034d       0x2d c:/siliconlabs/simplicitystudio/v3/developer/toolchains/gnu_arm/4.8_2013q4/bin/../lib/gcc/arm-none-eabi/4.8.3/../../../../arm-none-eabi/lib/armv7-m\libc_s.a(lib_a-memcpy-stub.o)
 .ARM.attributes
                0x0000037a       0x2d c:/siliconlabs/simplicitystudio/v3/developer/toolchains/gnu_arm/4.8_2013q4/bin/../lib/gcc/arm-none-eabi/4.8.3/../../../../arm-none-eabi/lib/armv7-m\libc_s.a(lib_a-memmove.o)
 .ARM.attributes
                0x000003a7       0x2d c:/siliconlabs/simplicitystudio/v3/developer/toolchains/gnu_arm/4.8_2013q4/bin/../lib/gcc/arm-none-eabi/4.8.3/../../../../arm-none-eabi/lib/armv7-m\libc_s.a(lib_a-nano-freer.o)
 .ARM.attributes
                0x000003d4       0x2d c:/siliconlabs/simplicitystudio/v3/developer/toolchains/gnu_arm/4.8_2013q4/bin/../lib/gcc/arm-none-eabi/4.8.3/../../../../arm-none-eabi/lib/armv7-m\libc_s.a(lib_a-nano-mallocr.o)
 .ARM.attributes
                0x00000401       0x2d c:/siliconlabs/simplicitystudio/v3/developer/toolchains/gnu_arm/4.8_2013q4/bin/../lib/gcc/arm-none-eabi/4.8.3/../../../../arm-none-eabi/lib/armv7-m\libc_s.a(lib_a-nano-reallocr.o)
 .ARM.attributes
                0x0000042e       0x2d c:/siliconlabs/simplicitystudio/v3/developer/toolchains/gnu_arm/4.8_2013q4/bin/../lib/gcc/arm-none-eabi/4.8.3/../../../../arm-none-eabi/lib/armv7-m\libc_s.a(lib_a-sbrkr.o)
 .ARM.attributes
                0x0000045b       0x2d c:/siliconlabs/simplicitystudio/v3/developer/toolchains/gnu_arm/4.8_2013q4/bin/../lib/gcc/arm-none-eabi/4.8.3/../../../../arm-none-eabi/lib/armv7-m\libc_s.a(lib_a-strlen.o)
 .ARM.attributes
                0x00000488       0x2d c:/siliconlabs/simplicitystudio/v3/developer/toolchains/gnu_arm/4.8_2013q4/bin/../lib/gcc/arm-none-eabi/4.8.3/../../../../arm-none-eabi/lib/armv7-m\libc_s.a(lib_a-nano-msizer.o)
 .ARM.attributes
                0x000004b5       0x2d c:/siliconlabs/simplicitystudio/v3/developer/toolchains/gnu_arm/4.8_2013q4/bin/../lib/gcc/arm-none-eabi/4.8.3/../../../../arm-none-eabi/lib/armv7-m\libc_s.a(lib_a-reent.o)
 .ARM.attributes
                0x000004e2       0x2d c:/siliconlabs/simplicitystudio/v3/developer/toolchains/gnu_arm/4.8_2013q4/bin/../lib/gcc/arm-none-eabi/4.8.3/../../../../arm-none-eabi/lib/armv7-m\libnosys.a(sbrk.o)
 .ARM.attributes
                0x0000050f       0x2d c:/siliconlabs/simplicitystudio/v3/developer/toolchains/gnu_arm/4.8_2013q4/bin/../lib/gcc/arm-none-eabi/4.8.3/../../../../arm-none-eabi/lib/armv7-m\libnosys.a(_exit.o)
 .ARM.attributes
                0x0000053c       0x2d c:/siliconlabs/simplicitystudio/v3/developer/toolchains/gnu_arm/4.8_2013q4/bin/../lib/gcc/arm-none-eabi/4.8.3/armv7-m/crtend.o
 .ARM.attributes
                0x00000569       0x1d c:/siliconlabs/simplicitystudio/v3/developer/toolchains/gnu_arm/4.8_2013q4/bin/../lib/gcc/arm-none-eabi/4.8.3/armv7-m/crtn.o

.comment        0x00000000       0x70
 .comment       0x00000000       0x70 ./src/empty_project.o
                                 0x71 (size before relaxing)
 .comment       0x00000000       0x71 ./emlib/em_cmu.o
 .comment       0x00000000       0x71 ./emlib/em_emu.o
 .comment       0x00000000       0x71 ./emlib/em_gpio.o
 .comment       0x00000000       0x71 ./emlib/em_leuart.o
 .comment       0x00000000       0x71 ./emlib/em_system.o
 .comment       0x00000000       0x71 ./CMSIS/efm32gg/system_efm32gg.o

.debug_info     0x00000000     0x3da4
 .debug_info    0x00000000      0xa05 ./src/empty_project.o
 .debug_info    0x00000a05     0x10c0 ./emlib/em_cmu.o
 .debug_info    0x00001ac5      0xd7c ./emlib/em_emu.o
 .debug_info    0x00002841      0x4d4 ./emlib/em_gpio.o
 .debug_info    0x00002d15      0x823 ./emlib/em_leuart.o
 .debug_info    0x00003538      0x241 ./emlib/em_system.o
 .debug_info    0x00003779       0xe8 ./CMSIS/efm32gg/startup_efm32gg.o
 .debug_info    0x00003861      0x543 ./CMSIS/efm32gg/system_efm32gg.o

.debug_abbrev   0x00000000      0xc35
 .debug_abbrev  0x00000000      0x1b8 ./src/empty_project.o
 .debug_abbrev  0x000001b8      0x2b9 ./emlib/em_cmu.o
 .debug_abbrev  0x00000471      0x263 ./emlib/em_emu.o
 .debug_abbrev  0x000006d4      0x13a ./emlib/em_gpio.o
 .debug_abbrev  0x0000080e      0x1bb ./emlib/em_leuart.o
 .debug_abbrev  0x000009c9       0xed ./emlib/em_system.o
 .debug_abbrev  0x00000ab6       0x14 ./CMSIS/efm32gg/startup_efm32gg.o
 .debug_abbrev  0x00000aca      0x16b ./CMSIS/efm32gg/system_efm32gg.o

.debug_loc      0x00000000     0x123c
 .debug_loc     0x00000000      0x100 ./src/empty_project.o
 .debug_loc     0x00000100      0x708 ./emlib/em_cmu.o
 .debug_loc     0x00000808      0x3b4 ./emlib/em_emu.o
 .debug_loc     0x00000bbc      0x118 ./emlib/em_gpio.o
 .debug_loc     0x00000cd4      0x310 ./emlib/em_leuart.o
 .debug_loc     0x00000fe4       0x70 ./emlib/em_system.o
 .debug_loc     0x00001054      0x1e8 ./CMSIS/efm32gg/system_efm32gg.o

.debug_aranges  0x00000000      0x380
 .debug_aranges
                0x00000000       0x40 ./src/empty_project.o
 .debug_aranges
                0x00000040      0x120 ./emlib/em_cmu.o
 .debug_aranges
                0x00000160       0xa8 ./emlib/em_emu.o
 .debug_aranges
                0x00000208       0x40 ./emlib/em_gpio.o
 .debug_aranges
                0x00000248       0x88 ./emlib/em_leuart.o
 .debug_aranges
                0x000002d0       0x28 ./emlib/em_system.o
 .debug_aranges
                0x000002f8       0x20 ./CMSIS/efm32gg/startup_efm32gg.o
 .debug_aranges
                0x00000318       0x68 ./CMSIS/efm32gg/system_efm32gg.o

.debug_ranges   0x00000000      0x2f0
 .debug_ranges  0x00000000       0x30 ./src/empty_project.o
 .debug_ranges  0x00000030      0x110 ./emlib/em_cmu.o
 .debug_ranges  0x00000140       0x98 ./emlib/em_emu.o
 .debug_ranges  0x000001d8       0x30 ./emlib/em_gpio.o
 .debug_ranges  0x00000208       0x78 ./emlib/em_leuart.o
 .debug_ranges  0x00000280       0x18 ./emlib/em_system.o
 .debug_ranges  0x00000298       0x58 ./CMSIS/efm32gg/system_efm32gg.o

.debug_line     0x00000000     0x1b1f
 .debug_line    0x00000000      0x2df ./src/empty_project.o
 .debug_line    0x000002df      0x7f8 ./emlib/em_cmu.o
 .debug_line    0x00000ad7      0x47f ./emlib/em_emu.o
 .debug_line    0x00000f56      0x27b ./emlib/em_gpio.o
 .debug_line    0x000011d1      0x363 ./emlib/em_leuart.o
 .debug_line    0x00001534      0x24f ./emlib/em_system.o
 .debug_line    0x00001783       0xeb ./CMSIS/efm32gg/startup_efm32gg.o
 .debug_line    0x0000186e      0x2b1 ./CMSIS/efm32gg/system_efm32gg.o

.debug_str      0x00000000     0x1978
 .debug_str     0x00000000      0x9a8 ./src/empty_project.o
                                0xa01 (size before relaxing)
 .debug_str     0x000009a8      0x724 ./emlib/em_cmu.o
                                0xc7b (size before relaxing)
 .debug_str     0x000010cc      0x47c ./emlib/em_emu.o
                                0x83c (size before relaxing)
 .debug_str     0x00001548      0x105 ./emlib/em_gpio.o
                                0x54a (size before relaxing)
 .debug_str     0x0000164d      0x127 ./emlib/em_leuart.o
                                0x762 (size before relaxing)
 .debug_str     0x00001774       0xb7 ./emlib/em_system.o
                                0x2a8 (size before relaxing)
 .debug_str     0x0000182b      0x14d ./CMSIS/efm32gg/system_efm32gg.o
                                0x47f (size before relaxing)

.debug_frame    0x00000000      0xe00
 .debug_frame   0x00000000       0xa8 ./src/empty_project.o
 .debug_frame   0x000000a8      0x3d0 ./emlib/em_cmu.o
 .debug_frame   0x00000478      0x210 ./emlib/em_emu.o
 .debug_frame   0x00000688       0xa8 ./emlib/em_gpio.o
 .debug_frame   0x00000730      0x1bc ./emlib/em_leuart.o
 .debug_frame   0x000008ec       0x48 ./emlib/em_system.o
 .debug_frame   0x00000934      0x120 ./CMSIS/efm32gg/system_efm32gg.o
 .debug_frame   0x00000a54       0x28 c:/siliconlabs/simplicitystudio/v3/developer/toolchains/gnu_arm/4.8_2013q4/bin/../lib/gcc/arm-none-eabi/4.8.3/../../../../arm-none-eabi/lib/armv7-m\libc_s.a(lib_a-exit.o)
 .debug_frame   0x00000a7c       0x2c c:/siliconlabs/simplicitystudio/v3/developer/toolchains/gnu_arm/4.8_2013q4/bin/../lib/gcc/arm-none-eabi/4.8.3/../../../../arm-none-eabi/lib/armv7-m\libc_s.a(lib_a-init.o)
 .debug_frame   0x00000aa8       0x20 c:/siliconlabs/simplicitystudio/v3/developer/toolchains/gnu_arm/4.8_2013q4/bin/../lib/gcc/arm-none-eabi/4.8.3/../../../../arm-none-eabi/lib/armv7-m\libc_s.a(lib_a-memset.o)
 .debug_frame   0x00000ac8       0x58 c:/siliconlabs/simplicitystudio/v3/developer/toolchains/gnu_arm/4.8_2013q4/bin/../lib/gcc/arm-none-eabi/4.8.3/../../../../arm-none-eabi/lib/armv7-m\libc_s.a(lib_a-sprintf.o)
 .debug_frame   0x00000b20       0x88 c:/siliconlabs/simplicitystudio/v3/developer/toolchains/gnu_arm/4.8_2013q4/bin/../lib/gcc/arm-none-eabi/4.8.3/../../../../arm-none-eabi/lib/armv7-m\libc_s.a(lib_a-svfprintf.o)
 .debug_frame   0x00000ba8       0x60 c:/siliconlabs/simplicitystudio/v3/developer/toolchains/gnu_arm/4.8_2013q4/bin/../lib/gcc/arm-none-eabi/4.8.3/../../../../arm-none-eabi/lib/armv7-m\libc_s.a(lib_a-vfprintf_i.o)
 .debug_frame   0x00000c08       0x28 c:/siliconlabs/simplicitystudio/v3/developer/toolchains/gnu_arm/4.8_2013q4/bin/../lib/gcc/arm-none-eabi/4.8.3/../../../../arm-none-eabi/lib/armv7-m\libc_s.a(lib_a-memchr-stub.o)
 .debug_frame   0x00000c30       0x28 c:/siliconlabs/simplicitystudio/v3/developer/toolchains/gnu_arm/4.8_2013q4/bin/../lib/gcc/arm-none-eabi/4.8.3/../../../../arm-none-eabi/lib/armv7-m\libc_s.a(lib_a-memcpy-stub.o)
 .debug_frame   0x00000c58       0x2c c:/siliconlabs/simplicitystudio/v3/developer/toolchains/gnu_arm/4.8_2013q4/bin/../lib/gcc/arm-none-eabi/4.8.3/../../../../arm-none-eabi/lib/armv7-m\libc_s.a(lib_a-memmove.o)
 .debug_frame   0x00000c84       0x2c c:/siliconlabs/simplicitystudio/v3/developer/toolchains/gnu_arm/4.8_2013q4/bin/../lib/gcc/arm-none-eabi/4.8.3/../../../../arm-none-eabi/lib/armv7-m\libc_s.a(lib_a-nano-freer.o)
 .debug_frame   0x00000cb0       0x2c c:/siliconlabs/simplicitystudio/v3/developer/toolchains/gnu_arm/4.8_2013q4/bin/../lib/gcc/arm-none-eabi/4.8.3/../../../../arm-none-eabi/lib/armv7-m\libc_s.a(lib_a-nano-mallocr.o)
 .debug_frame   0x00000cdc       0x30 c:/siliconlabs/simplicitystudio/v3/developer/toolchains/gnu_arm/4.8_2013q4/bin/../lib/gcc/arm-none-eabi/4.8.3/../../../../arm-none-eabi/lib/armv7-m\libc_s.a(lib_a-nano-reallocr.o)
 .debug_frame   0x00000d0c       0x2c c:/siliconlabs/simplicitystudio/v3/developer/toolchains/gnu_arm/4.8_2013q4/bin/../lib/gcc/arm-none-eabi/4.8.3/../../../../arm-none-eabi/lib/armv7-m\libc_s.a(lib_a-sbrkr.o)
 .debug_frame   0x00000d38       0x20 c:/siliconlabs/simplicitystudio/v3/developer/toolchains/gnu_arm/4.8_2013q4/bin/../lib/gcc/arm-none-eabi/4.8.3/../../../../arm-none-eabi/lib/armv7-m\libc_s.a(lib_a-strlen.o)
 .debug_frame   0x00000d58       0x20 c:/siliconlabs/simplicitystudio/v3/developer/toolchains/gnu_arm/4.8_2013q4/bin/../lib/gcc/arm-none-eabi/4.8.3/../../../../arm-none-eabi/lib/armv7-m\libc_s.a(lib_a-nano-msizer.o)
 .debug_frame   0x00000d78       0x48 c:/siliconlabs/simplicitystudio/v3/developer/toolchains/gnu_arm/4.8_2013q4/bin/../lib/gcc/arm-none-eabi/4.8.3/../../../../arm-none-eabi/lib/armv7-m\libc_s.a(lib_a-reent.o)
 .debug_frame   0x00000dc0       0x20 c:/siliconlabs/simplicitystudio/v3/developer/toolchains/gnu_arm/4.8_2013q4/bin/../lib/gcc/arm-none-eabi/4.8.3/../../../../arm-none-eabi/lib/armv7-m\libnosys.a(sbrk.o)
 .debug_frame   0x00000de0       0x20 c:/siliconlabs/simplicitystudio/v3/developer/toolchains/gnu_arm/4.8_2013q4/bin/../lib/gcc/arm-none-eabi/4.8.3/../../../../arm-none-eabi/lib/armv7-m\libnosys.a(_exit.o)
