Component: ARM Compiler 5.06 (build 20) Tool: armlink [4d35a3]

==============================================================================

Section Cross References

    main.o(i.assert_nrf_callback) refers to app_error.o(i.app_error_handler) for app_error_handler
    main.o(i.ble_evt_dispatch) refers to device_manager_peripheral.o(i.dm_ble_evt_handler) for dm_ble_evt_handler
    main.o(i.ble_evt_dispatch) refers to ble_conn_params.o(i.ble_conn_params_on_ble_evt) for ble_conn_params_on_ble_evt
    main.o(i.ble_evt_dispatch) refers to bsp_btn_ble.o(i.bsp_btn_ble_on_ble_evt) for bsp_btn_ble_on_ble_evt
    main.o(i.ble_evt_dispatch) refers to main.o(i.on_ble_evt) for on_ble_evt
    main.o(i.ble_evt_dispatch) refers to ble_advertising.o(i.ble_advertising_on_ble_evt) for ble_advertising_on_ble_evt
    main.o(i.ble_evt_dispatch) refers to ble_gpio_test_service.o(i.ble_gpio_test_service_on_ble_evt) for ble_gpio_test_service_on_ble_evt
    main.o(i.ble_evt_dispatch) refers to main.o(.bss) for .bss
    main.o(i.ble_stack_init) refers to softdevice_handler.o(i.softdevice_handler_init) for softdevice_handler_init
    main.o(i.ble_stack_init) refers to app_error.o(i.app_error_handler_bare) for app_error_handler_bare
    main.o(i.ble_stack_init) refers to softdevice_handler.o(i.softdevice_enable_get_default_config) for softdevice_enable_get_default_config
    main.o(i.ble_stack_init) refers to softdevice_handler.o(i.sd_check_ram_start) for sd_check_ram_start
    main.o(i.ble_stack_init) refers to softdevice_handler.o(i.softdevice_enable) for softdevice_enable
    main.o(i.ble_stack_init) refers to softdevice_handler.o(i.softdevice_ble_evt_handler_set) for softdevice_ble_evt_handler_set
    main.o(i.ble_stack_init) refers to softdevice_handler.o(i.softdevice_sys_evt_handler_set) for softdevice_sys_evt_handler_set
    main.o(i.ble_stack_init) refers to main.o(.bss) for .bss
    main.o(i.ble_stack_init) refers to main.o(i.ble_evt_dispatch) for ble_evt_dispatch
    main.o(i.ble_stack_init) refers to main.o(i.sys_evt_dispatch) for sys_evt_dispatch
    main.o(i.bsp_event_handler) refers to main.o(i.uart_print_string) for uart_print_string
    main.o(i.bsp_event_handler) refers to ble_gpio_test_service.o(i.ble_gpio_test_service_button_set) for ble_gpio_test_service_button_set
    main.o(i.bsp_event_handler) refers to ble_gpio_test_service.o(i.ble_gpio_test_service_button_send) for ble_gpio_test_service_button_send
    main.o(i.bsp_event_handler) refers to printfa.o(i.__0sprintf) for __2sprintf
    main.o(i.bsp_event_handler) refers to main.o(i.sleep_mode_enter) for sleep_mode_enter
    main.o(i.bsp_event_handler) refers to app_error.o(i.app_error_handler_bare) for app_error_handler_bare
    main.o(i.bsp_event_handler) refers to ble_advertising.o(i.ble_advertising_restart_without_whitelist) for ble_advertising_restart_without_whitelist
    main.o(i.bsp_event_handler) refers to main.o(.data) for .data
    main.o(i.bsp_event_handler) refers to main.o(.bss) for .bss
    main.o(i.conn_params_error_handler) refers to app_error.o(i.app_error_handler_bare) for app_error_handler_bare
    main.o(i.device_manager_evt_handler) refers to app_error.o(i.app_error_handler_bare) for app_error_handler_bare
    main.o(i.device_manager_init) refers to pstorage.o(i.pstorage_init) for pstorage_init
    main.o(i.device_manager_init) refers to app_error.o(i.app_error_handler_bare) for app_error_handler_bare
    main.o(i.device_manager_init) refers to device_manager_peripheral.o(i.dm_init) for dm_init
    main.o(i.device_manager_init) refers to memseta.o(.text) for __aeabi_memclr
    main.o(i.device_manager_init) refers to device_manager_peripheral.o(i.dm_register) for dm_register
    main.o(i.device_manager_init) refers to main.o(i.device_manager_evt_handler) for device_manager_evt_handler
    main.o(i.device_manager_init) refers to main.o(.data) for .data
    main.o(i.main) refers to app_timer.o(i.app_timer_init) for app_timer_init
    main.o(i.main) refers to app_error.o(i.app_error_handler_bare) for app_error_handler_bare
    main.o(i.main) refers to app_uart_fifo.o(i.app_uart_init) for app_uart_init
    main.o(i.main) refers to bsp.o(i.bsp_init) for bsp_init
    main.o(i.main) refers to bsp_btn_ble.o(i.bsp_btn_ble_init) for bsp_btn_ble_init
    main.o(i.main) refers to main.o(i.ble_stack_init) for ble_stack_init
    main.o(i.main) refers to main.o(i.device_manager_init) for device_manager_init
    main.o(i.main) refers to memseta.o(.text) for __aeabi_memclr4
    main.o(i.main) refers to ble_advertising.o(i.ble_advertising_init) for ble_advertising_init
    main.o(i.main) refers to ble_gpio_test_service.o(i.ble_gpio_test_service_init) for ble_gpio_test_service_init
    main.o(i.main) refers to ble_conn_params.o(i.ble_conn_params_init) for ble_conn_params_init
    main.o(i.main) refers to ble_advertising.o(i.ble_advertising_start) for ble_advertising_start
    main.o(i.main) refers to main.o(.bss) for .bss
[...]
    flash_operation_success_run              0x0001e665   Thumb Code   114  pstorage.o(i.flash_operation_success_run)
    i.flash_page_erase                       0x0001e6e4   Section        0  pstorage.o(i.flash_page_erase)
    flash_page_erase                         0x0001e6e5   Thumb Code    10  pstorage.o(i.flash_page_erase)
    i.flash_write                            0x0001e6ee   Section        0  pstorage.o(i.flash_write)
    flash_write                              0x0001e6ef   Thumb Code    10  pstorage.o(i.flash_write)
    i.gattc_context_apply                    0x0001e6f8   Section        0  device_manager_peripheral.o(i.gattc_context_apply)
    gattc_context_apply                      0x0001e6f9   Thumb Code     4  device_manager_peripheral.o(i.gattc_context_apply)
    i.gattc_context_load                     0x0001e6fc   Section        0  device_manager_peripheral.o(i.gattc_context_load)
    gattc_context_load                       0x0001e6fd   Thumb Code     4  device_manager_peripheral.o(i.gattc_context_load)
    i.gattc_context_store                    0x0001e700   Section        0  device_manager_peripheral.o(i.gattc_context_store)
    gattc_context_store                      0x0001e701   Thumb Code     4  device_manager_peripheral.o(i.gattc_context_store)
    i.gatts_context_apply                    0x0001e704   Section        0  device_manager_peripheral.o(i.gatts_context_apply)
    gatts_context_apply                      0x0001e705   Thumb Code   160  device_manager_peripheral.o(i.gatts_context_apply)
    i.gatts_context_load                     0x0001e7b4   Section        0  device_manager_peripheral.o(i.gatts_context_load)
    gatts_context_load                       0x0001e7b5   Thumb Code    44  device_manager_peripheral.o(i.gatts_context_load)
    i.gatts_context_store                    0x0001e7e4   Section        0  device_manager_peripheral.o(i.gatts_context_store)
    gatts_context_store                      0x0001e7e5   Thumb Code   158  device_manager_peripheral.o(i.gatts_context_store)
    i.gattsc_context_apply                   0x0001e890   Section        0  device_manager_peripheral.o(i.gattsc_context_apply)
    gattsc_context_apply                     0x0001e891   Thumb Code     8  device_manager_peripheral.o(i.gattsc_context_apply)
    i.gattsc_context_load                    0x0001e898   Section        0  device_manager_peripheral.o(i.gattsc_context_load)
    gattsc_context_load                      0x0001e899   Thumb Code     8  device_manager_peripheral.o(i.gattsc_context_load)
    i.gattsc_context_store                   0x0001e8a0   Section        0  device_manager_peripheral.o(i.gattsc_context_store)
    gattsc_context_store                     0x0001e8a1   Thumb Code     8  device_manager_peripheral.o(i.gattsc_context_store)
    i.gpiote_event_handler                   0x0001e8a8   Section        0  app_button.o(i.gpiote_event_handler)
    gpiote_event_handler                     0x0001e8a9   Thumb Code    72  app_button.o(i.gpiote_event_handler)
    i.head_restore_state_run                 0x0001e8f8   Section        0  pstorage.o(i.head_restore_state_run)
    head_restore_state_run                   0x0001e8f9   Thumb Code   110  pstorage.o(i.head_restore_state_run)
    i.intern_softdevice_events_execute       0x0001e970   Section        0  softdevice_handler.o(i.intern_softdevice_events_execute)
    i.is_conn_params_ok                      0x0001e9e8   Section        0  ble_conn_params.o(i.is_conn_params_ok)
    is_conn_params_ok                        0x0001e9e9   Thumb Code    24  ble_conn_params.o(i.is_conn_params_ok)
    i.is_manual_peripheral_setup_needed      0x0001ea04   Section        0  system_nrf51.o(i.is_manual_peripheral_setup_needed)
    is_manual_peripheral_setup_needed        0x0001ea05   Thumb Code    66  system_nrf51.o(i.is_manual_peripheral_setup_needed)
    i.is_page_erase_required                 0x0001ea4c   Section        0  pstorage.o(i.is_page_erase_required)
    is_page_erase_required                   0x0001ea4d   Thumb Code    60  pstorage.o(i.is_page_erase_required)
    i.is_word_aligned                        0x0001ea90   Section        0  pstorage.o(i.is_word_aligned)
    is_word_aligned                          0x0001ea91   Thumb Code    12  pstorage.o(i.is_word_aligned)
    i.le_role_encode                         0x0001ea9c   Section        0  ble_advdata.o(i.le_role_encode)
    le_role_encode                           0x0001ea9d   Thumb Code    84  ble_advdata.o(i.le_role_encode)
    i.leds_timer_handler                     0x0001eaf0   Section        0  bsp.o(i.leds_timer_handler)
    leds_timer_handler                       0x0001eaf1   Thumb Code    18  bsp.o(i.leds_timer_handler)
    i.list_deletions_handler                 0x0001eb08   Section        0  app_timer.o(i.list_deletions_handler)
    list_deletions_handler                   0x0001eb09   Thumb Code   180  app_timer.o(i.list_deletions_handler)
    i.list_insertions_handler                0x0001ebc4   Section        0  app_timer.o(i.list_insertions_handler)
    list_insertions_handler                  0x0001ebc5   Thumb Code   202  app_timer.o(i.list_insertions_handler)
    i.main                                   0x0001ec98   Section        0  main.o(i.main)
    i.main_state_err_busy_process            0x0001ee4c   Section        0  pstorage.o(i.main_state_err_busy_process)
    main_state_err_busy_process              0x0001ee4d   Thumb Code    20  pstorage.o(i.main_state_err_busy_process)
    i.manuf_specific_data_encode             0x0001ee64   Section        0  ble_advdata.o(i.manuf_specific_data_encode)
    manuf_specific_data_encode               0x0001ee65   Thumb Code   104  ble_advdata.o(i.manuf_specific_data_encode)
    i.name_encode                            0x0001eecc   Section        0  ble_advdata.o(i.name_encode)
    name_encode                              0x0001eecd   Thumb Code   158  ble_advdata.o(i.name_encode)
    i.no_service_context_apply               0x0001ef6a   Section        0  device_manager_peripheral.o(i.no_service_context_apply)
    no_service_context_apply                 0x0001ef6b   Thumb Code     4  device_manager_peripheral.o(i.no_service_context_apply)
    i.no_service_context_load                0x0001ef6e   Section        0  device_manager_peripheral.o(i.no_service_context_load)
    no_service_context_load                  0x0001ef6f   Thumb Code     4  device_manager_peripheral.o(i.no_service_context_load)
    i.no_service_context_store               0x0001ef72   Section        0  device_manager_peripheral.o(i.no_service_context_store)
    no_service_context_store                 0x0001ef73   Thumb Code     4  device_manager_peripheral.o(i.no_service_context_store)
    i.nrf_drv_common_irq_enable              0x0001ef78   Section        0  nrf_drv_common.o(i.nrf_drv_common_irq_enable)
    i.nrf_drv_gpiote_in_event_enable         0x0001efd8   Section        0  nrf_drv_gpiote.o(i.nrf_drv_gpiote_in_event_enable)
    i.nrf_drv_gpiote_in_init                 0x0001f078   Section        0  nrf_drv_gpiote.o(i.nrf_drv_gpiote_in_init)
    i.nrf_drv_gpiote_in_is_set               0x0001f11c   Section        0  nrf_drv_gpiote.o(i.nrf_drv_gpiote_in_is_set)
    i.nrf_drv_gpiote_init                    0x0001f130   Section        0  nrf_drv_gpiote.o(i.nrf_drv_gpiote_init)
    i.nrf_drv_gpiote_is_init                 0x0001f184   Section        0  nrf_drv_gpiote.o(i.nrf_drv_gpiote_is_init)
    i.nrf_drv_uart_init                      0x0001f194   Section        0  nrf_drv_uart.o(i.nrf_drv_uart_init)
    i.nrf_drv_uart_rx                        0x0001f25c   Section        0  nrf_drv_uart.o(i.nrf_drv_uart_rx)
    i.nrf_drv_uart_rx_enable                 0x0001f2a8   Section        0  nrf_drv_uart.o(i.nrf_drv_uart_rx_enable)
    i.nrf_drv_uart_rx_for_uart               0x0001f2c0   Section        0  nrf_drv_uart.o(i.nrf_drv_uart_rx_for_uart)
    nrf_drv_uart_rx_for_uart                 0x0001f2c1   Thumb Code   144  nrf_drv_uart.o(i.nrf_drv_uart_rx_for_uart)
    i.nrf_drv_uart_tx                        0x0001f35c   Section        0  nrf_drv_uart.o(i.nrf_drv_uart_tx)
    i.nrf_drv_uart_tx_for_uart               0x0001f37c   Section        0  nrf_drv_uart.o(i.nrf_drv_uart_tx_for_uart)
    nrf_drv_uart_tx_for_uart                 0x0001f37d   Thumb Code   108  nrf_drv_uart.o(i.nrf_drv_uart_tx_for_uart)
    i.nrf_gpio_cfg                           0x0001f3f0   Section        0  nrf_drv_gpiote.o(i.nrf_gpio_cfg)
    nrf_gpio_cfg                             0x0001f3f1   Thumb Code    32  nrf_drv_gpiote.o(i.nrf_gpio_cfg)
    i.nrf_gpio_cfg                           0x0001f414   Section        0  nrf_drv_uart.o(i.nrf_gpio_cfg)
    nrf_gpio_cfg                             0x0001f415   Thumb Code    32  nrf_drv_uart.o(i.nrf_gpio_cfg)
    i.nrf_gpio_cfg_input                     0x0001f438   Section        0  nrf_drv_uart.o(i.nrf_gpio_cfg_input)
    nrf_gpio_cfg_input                       0x0001f439   Thumb Code    18  nrf_drv_uart.o(i.nrf_gpio_cfg_input)
    i.nrf_gpio_cfg_output                    0x0001f44a   Section        0  nrf_drv_uart.o(i.nrf_gpio_cfg_output)
    nrf_gpio_cfg_output                      0x0001f44b   Thumb Code    20  nrf_drv_uart.o(i.nrf_gpio_cfg_output)
    i.nrf_gpio_cfg_sense_set                 0x0001f460   Section        0  nrf_drv_gpiote.o(i.nrf_gpio_cfg_sense_set)
    nrf_gpio_cfg_sense_set                   0x0001f461   Thumb Code    26  nrf_drv_gpiote.o(i.nrf_gpio_cfg_sense_set)
    i.nrf_gpiote_event_is_set                0x0001f480   Section        0  nrf_drv_gpiote.o(i.nrf_gpiote_event_is_set)
    nrf_gpiote_event_is_set                  0x0001f481   Thumb Code    14  nrf_drv_gpiote.o(i.nrf_gpiote_event_is_set)
    i.nrf_uart_event_check                   0x0001f494   Section        0  nrf_drv_uart.o(i.nrf_uart_event_check)
    nrf_uart_event_check                     0x0001f495   Thumb Code    10  nrf_drv_uart.o(i.nrf_uart_event_check)
    i.nrf_uart_int_enable_check              0x0001f49e   Section        0  nrf_drv_uart.o(i.nrf_uart_int_enable_check)
    nrf_uart_int_enable_check                0x0001f49f   Thumb Code    16  nrf_drv_uart.o(i.nrf_uart_int_enable_check)
    i.on_adv_evt                             0x0001f4b0   Section        0  main.o(i.on_adv_evt)
    on_adv_evt                               0x0001f4b1   Thumb Code    44  main.o(i.on_adv_evt)
    i.on_ble_evt                             0x0001f504   Section        0  main.o(i.on_ble_evt)
    on_ble_evt                               0x0001f505   Thumb Code    82  main.o(i.on_ble_evt)
    i.on_conn_params_evt                     0x0001f59c   Section        0  main.o(i.on_conn_params_evt)
    on_conn_params_evt                       0x0001f59d   Thumb Code    26  main.o(i.on_conn_params_evt)
    i.on_gpio_test_service_evt               0x0001f5bc   Section        0  main.o(i.on_gpio_test_service_evt)
    on_gpio_test_service_evt                 0x0001f5bd   Thumb Code    74  main.o(i.on_gpio_test_service_evt)
    i.on_write                               0x0001f658   Section        0  ble_gpio_test_service.o(i.on_write)
    on_write                                 0x0001f659   Thumb Code    78  ble_gpio_test_service.o(i.on_write)
    i.peer_address_exists                    0x0001f6a6   Section        0  ble_advertising.o(i.peer_address_exists)
    peer_address_exists                      0x0001f6a7   Thumb Code    22  ble_advertising.o(i.peer_address_exists)
    i.peer_instance_init                     0x0001f6bc   Section        0  device_manager_peripheral.o(i.peer_instance_init)
    peer_instance_init                       0x0001f6bd   Thumb Code    60  device_manager_peripheral.o(i.peer_instance_init)
    i.pin_in_use_by_port                     0x0001f6fc   Section        0  nrf_drv_gpiote.o(i.pin_in_use_by_port)
    pin_in_use_by_port                       0x0001f6fd   Thumb Code    20  nrf_drv_gpiote.o(i.pin_in_use_by_port)
    i.pin_in_use_by_te                       0x0001f714   Section        0  nrf_drv_gpiote.o(i.pin_in_use_by_te)
    pin_in_use_by_te                         0x0001f715   Thumb Code    20  nrf_drv_gpiote.o(i.pin_in_use_by_te)
    i.pstorage_access_status_get             0x0001f72c   Section        0  pstorage.o(i.pstorage_access_status_get)
    i.pstorage_block_identifier_get          0x0001f754   Section        0  pstorage.o(i.pstorage_block_identifier_get)
    i.pstorage_clear                         0x0001f7ac   Section        0  pstorage.o(i.pstorage_clear)
    i.pstorage_flash_page_end                0x0001f854   Section        0  pstorage.o(i.pstorage_flash_page_end)
    pstorage_flash_page_end                  0x0001f855   Thumb Code    32  pstorage.o(i.pstorage_flash_page_end)
    i.pstorage_flash_page_size               0x0001f878   Section        0  pstorage.o(i.pstorage_flash_page_size)
    pstorage_flash_page_size                 0x0001f879   Thumb Code    10  pstorage.o(i.pstorage_flash_page_size)
    i.pstorage_init                          0x0001f884   Section        0  pstorage.o(i.pstorage_init)
    i.pstorage_load                          0x0001f8e0   Section        0  pstorage.o(i.pstorage_load)
    i.pstorage_register                      0x0001f98c   Section        0  pstorage.o(i.pstorage_register)
    i.pstorage_store                         0x0001fa48   Section        0  pstorage.o(i.pstorage_store)
    i.pstorage_sys_event_handler             0x0001fadc   Section        0  pstorage.o(i.pstorage_sys_event_handler)
    i.pstorage_update                        0x0001fb28   Section        0  pstorage.o(i.pstorage_update)
    i.rtc1_stop                              0x0001fbbc   Section        0  app_timer.o(i.rtc1_stop)
    rtc1_stop                                0x0001fbbd   Thumb Code    50  app_timer.o(i.rtc1_stop)
    i.rx_byte                                0x0001fc00   Section        0  nrf_drv_uart.o(i.rx_byte)
    rx_byte                                  0x0001fc01   Thumb Code    42  nrf_drv_uart.o(i.rx_byte)
    i.rx_done_event                          0x0001fc38   Section        0  nrf_drv_uart.o(i.rx_done_event)
    rx_done_event                            0x0001fc39   Thumb Code    22  nrf_drv_uart.o(i.rx_done_event)
    i.rx_enable                              0x0001fc54   Section        0  nrf_drv_uart.o(i.rx_enable)
    rx_enable                                0x0001fc55   Thumb Code    22  nrf_drv_uart.o(i.rx_enable)
    i.sd_check_ram_start                     0x0001fc70   Section        0  softdevice_handler.o(i.sd_check_ram_start)
    i.service_data_encode                    0x0001fc80   Section        0  ble_advdata.o(i.service_data_encode)
    service_data_encode                      0x0001fc81   Thumb Code   142  ble_advdata.o(i.service_data_encode)
    i.set_security_req                       0x0001fd0e   Section        0  ble_srv_common.o(i.set_security_req)
    set_security_req                         0x0001fd0f   Thumb Code    46  ble_srv_common.o(i.set_security_req)
    i.sleep_mode_enter                       0x0001fd3c   Section        0  main.o(i.sleep_mode_enter)
    sleep_mode_enter                         0x0001fd3d   Thumb Code    40  main.o(i.sleep_mode_enter)
    i.sm_state_change                        0x0001fd64   Section        0  pstorage.o(i.sm_state_change)
    sm_state_change                          0x0001fd65   Thumb Code    62  pstorage.o(i.sm_state_change)
    i.softdevice_ble_evt_handler_set         0x0001fdac   Section        0  softdevice_handler.o(i.softdevice_ble_evt_handler_set)
    i.softdevice_enable                      0x0001fdc0   Section        0  softdevice_handler.o(i.softdevice_enable)
    i.softdevice_enable_get_default_config   0x0001fdd4   Section        0  softdevice_handler.o(i.softdevice_enable_get_default_config)
    i.softdevice_fault_handler               0x0001fdfc   Section        0  softdevice_handler.o(i.softdevice_fault_handler)
    i.softdevice_handler_init                0x0001fe04   Section        0  softdevice_handler.o(i.softdevice_handler_init)
    i.softdevice_sys_evt_handler_set         0x0001fe34   Section        0  softdevice_handler.o(i.softdevice_sys_evt_handler_set)
    i.state_data_erase_swap_entry_run        0x0001fe48   Section        0  pstorage.o(i.state_data_erase_swap_entry_run)
    state_data_erase_swap_entry_run          0x0001fe49   Thumb Code    92  pstorage.o(i.state_data_erase_swap_entry_run)
    i.state_erase_data_page_entry_run        0x0001feac   Section        0  pstorage.o(i.state_erase_data_page_entry_run)
    state_erase_data_page_entry_run          0x0001fead   Thumb Code    12  pstorage.o(i.state_erase_data_page_entry_run)
    i.state_restore_head_entry_run           0x0001febc   Section        0  pstorage.o(i.state_restore_head_entry_run)
    state_restore_head_entry_run             0x0001febd   Thumb Code    36  pstorage.o(i.state_restore_head_entry_run)
    i.state_restore_tail_entry_run           0x0001fee4   Section        0  pstorage.o(i.state_restore_tail_entry_run)
    state_restore_tail_entry_run             0x0001fee5   Thumb Code    66  pstorage.o(i.state_restore_tail_entry_run)
    i.state_swap_erase_entry_run             0x0001ff30   Section        0  pstorage.o(i.state_swap_erase_entry_run)
    state_swap_erase_entry_run               0x0001ff31   Thumb Code    32  pstorage.o(i.state_swap_erase_entry_run)
    i.state_write_data_swap_entry_run        0x0001ff50   Section        0  pstorage.o(i.state_write_data_swap_entry_run)
    state_write_data_swap_entry_run          0x0001ff51   Thumb Code    42  pstorage.o(i.state_write_data_swap_entry_run)
    i.storage_operation_dummy_handler        0x0001ff80   Section        0  device_manager_peripheral.o(i.storage_operation_dummy_handler)
    storage_operation_dummy_handler          0x0001ff81   Thumb Code     4  device_manager_peripheral.o(i.storage_operation_dummy_handler)
    i.store_cmd_flash_write_execute          0x0001ff84   Section        0  pstorage.o(i.store_cmd_flash_write_execute)
    store_cmd_flash_write_execute            0x0001ff85   Thumb Code    82  pstorage.o(i.store_cmd_flash_write_execute)
    i.swap_erase_state_run                   0x0001ffe0   Section        0  pstorage.o(i.swap_erase_state_run)
    swap_erase_state_run                     0x0001ffe1   Thumb Code    24  pstorage.o(i.swap_erase_state_run)
    i.swap_sub_state_err_busy_process        0x0001fffc   Section        0  pstorage.o(i.swap_sub_state_err_busy_process)
    swap_sub_state_err_busy_process          0x0001fffd   Thumb Code    20  pstorage.o(i.swap_sub_state_err_busy_process)
    i.swap_sub_state_state_change            0x00020014   Section        0  pstorage.o(i.swap_sub_state_state_change)
    swap_sub_state_state_change              0x00020015   Thumb Code    12  pstorage.o(i.swap_sub_state_state_change)
    i.sys_evt_dispatch                       0x00020028   Section        0  main.o(i.sys_evt_dispatch)
    sys_evt_dispatch                         0x00020029   Thumb Code    16  main.o(i.sys_evt_dispatch)
    i.tail_restore_state_run                 0x00020038   Section        0  pstorage.o(i.tail_restore_state_run)
    tail_restore_state_run                   0x00020039   Thumb Code    22  pstorage.o(i.tail_restore_state_run)
    i.timer_list_handler                     0x00020054   Section        0  app_timer.o(i.timer_list_handler)
    timer_list_handler                       0x00020055   Thumb Code   128  app_timer.o(i.timer_list_handler)
    i.timer_list_handler_sched               0x000200d8   Section        0  app_timer.o(i.timer_list_handler_sched)
    timer_list_handler_sched                 0x000200d9   Thumb Code    10  app_timer.o(i.timer_list_handler_sched)
    i.timer_list_insert                      0x000200e8   Section        0  app_timer.o(i.timer_list_insert)
    timer_list_insert                        0x000200e9   Thumb Code    60  app_timer.o(i.timer_list_insert)
    i.timer_timeouts_check                   0x00020128   Section        0  app_timer.o(i.timer_timeouts_check)
    timer_timeouts_check                     0x00020129   Thumb Code   118  app_timer.o(i.timer_timeouts_check)
    i.tx_byte                                0x000201a8   Section        0  nrf_drv_uart.o(i.tx_byte)
    tx_byte                                  0x000201a9   Thumb Code    30  nrf_drv_uart.o(i.tx_byte)
    i.tx_done_event                          0x000201d4   Section        0  nrf_drv_uart.o(i.tx_done_event)
    tx_done_event                            0x000201d5   Thumb Code    26  nrf_drv_uart.o(i.tx_done_event)
    i.uart_event_handle                      0x000201f4   Section        0  main.o(i.uart_event_handle)
    i.uart_event_handler                     0x0002020c   Section        0  app_uart_fifo.o(i.uart_event_handler)
    uart_event_handler                       0x0002020d   Thumb Code   166  app_uart_fifo.o(i.uart_event_handler)
    i.uart_irq_handler                       0x000202bc   Section        0  nrf_drv_uart.o(i.uart_irq_handler)
    uart_irq_handler                         0x000202bd   Thumb Code   278  nrf_drv_uart.o(i.uart_irq_handler)
    i.uart_print_string                      0x000203e4   Section        0  main.o(i.uart_print_string)
    i.uint16_encode                          0x00020404   Section        0  ble_advdata.o(i.uint16_encode)
    uint16_encode                            0x00020405   Thumb Code    10  ble_advdata.o(i.uint16_encode)
    i.update_status_bit_reset                0x00020410   Section        0  device_manager_peripheral.o(i.update_status_bit_reset)
    update_status_bit_reset                  0x00020411   Thumb Code    14  device_manager_peripheral.o(i.update_status_bit_reset)
    i.update_timeout_handler                 0x00020424   Section        0  ble_conn_params.o(i.update_timeout_handler)
    update_timeout_handler                   0x00020425   Thumb Code    86  ble_conn_params.o(i.update_timeout_handler)
    i.user_id_get                            0x00020488   Section        0  app_timer.o(i.user_id_get)
    user_id_get                              0x00020489   Thumb Code    74  app_timer.o(i.user_id_get)
    i.user_op_alloc                          0x000204dc   Section        0  app_timer.o(i.user_op_alloc)
    user_op_alloc                            0x000204dd   Thumb Code    38  app_timer.o(i.user_op_alloc)
    i.uuid_list_encode                       0x00020502   Section        0  ble_advdata.o(i.uuid_list_encode)
    uuid_list_encode                         0x00020503   Thumb Code    48  ble_advdata.o(i.uuid_list_encode)
    i.uuid_list_sized_encode                 0x00020532   Section        0  ble_advdata.o(i.uuid_list_sized_encode)
    uuid_list_sized_encode                   0x00020533   Thumb Code   174  ble_advdata.o(i.uuid_list_sized_encode)
    i.whitelist_has_entries                  0x000205e0   Section        0  ble_advertising.o(i.whitelist_has_entries)
    whitelist_has_entries                    0x000205e1   Thumb Code    16  ble_advertising.o(i.whitelist_has_entries)
    .constdata                               0x000205f0   Section       12  main.o(.constdata)
    .constdata                               0x000205fc   Section       60  bsp.o(.constdata)
    m_leds_timer_id                          0x000205fc   Data           4  bsp.o(.constdata)
    m_alert_timer_id                         0x00020600   Data           4  bsp.o(.constdata)
    m_button_timer_id                        0x00020604   Data           4  bsp.o(.constdata)
    m_buttons_list                           0x00020608   Data          16  bsp.o(.constdata)
    app_buttons                              0x00020618   Data          32  bsp.o(.constdata)
    .constdata                               0x00020638   Section        4  ble_conn_params.o(.constdata)
    m_conn_params_timer_id                   0x00020638   Data           4  ble_conn_params.o(.constdata)
    .constdata                               0x0002063c   Section       52  device_manager_peripheral.o(.constdata)
    .constdata                               0x00020670   Section       16  ble_gpio_test_service.o(.constdata)
    .constdata                               0x00020680   Section       32  nrf_drv_uart.o(.constdata)
    m_default_config                         0x00020680   Data          32  nrf_drv_uart.o(.constdata)
    .constdata                               0x000206a0   Section       40  pstorage.o(.constdata)
    swap_sub_state_sm_lut                    0x000206a0   Data          20  pstorage.o(.constdata)
    swap_sub_state_sm_lut                    0x000206b4   Data          20  pstorage.o(.constdata)
    .constdata                               0x000206c8   Section       32  app_uart_fifo.o(.constdata)
    .constdata                               0x000206e8   Section        8  app_button.o(.constdata)
    m_detection_delay_timer_id               0x000206e8   Data           4  app_button.o(.constdata)
    .data                                    0x20001f00   Section        8  main.o(.data)
    m_app_handle                             0x20001f00   Data           1  main.o(.data)
    button                                   0x20001f01   Data           1  main.o(.data)
    m_conn_handle                            0x20001f02   Data           2  main.o(.data)
    m_adv_uuids                              0x20001f04   Data           4  main.o(.data)
    .data                                    0x20001f08   Section       24  bsp.o(.data)
    m_stable_state                           0x20001f08   Data           1  bsp.o(.data)
    current_long_push_pin_no                 0x20001f09   Data           1  bsp.o(.data)
    m_app_ticks_per_100ms                    0x20001f0c   Data           4  bsp.o(.data)
    m_indication_type                        0x20001f10   Data           4  bsp.o(.data)
    m_alert_mask                             0x20001f14   Data           4  bsp.o(.data)
    m_registered_callback                    0x20001f18   Data           4  bsp.o(.data)
    release_event_at_push                    0x20001f1c   Data           4  bsp.o(.data)
    .data                                    0x20001f20   Section        8  bsp_btn_ble.o(.data)
    m_error_handler                          0x20001f20   Data           4  bsp_btn_ble.o(.data)
    m_num_connections                        0x20001f24   Data           4  bsp_btn_ble.o(.data)
    .data                                    0x20001f28   Section       31  ble_advertising.o(.data)
    m_advertising_start_pending              0x20001f28   Data           1  ble_advertising.o(.data)
    m_whitelist_temporarily_disabled         0x20001f29   Data           1  ble_advertising.o(.data)
    m_whitelist_reply_expected               0x20001f2a   Data           1  ble_advertising.o(.data)
    m_peer_addr_reply_expected               0x20001f2b   Data           1  ble_advertising.o(.data)
    m_adv_evt                                0x20001f2c   Data           1  ble_advertising.o(.data)
    m_adv_mode_current                       0x20001f2d   Data           1  ble_advertising.o(.data)
    m_tx_power_level                         0x20001f2e   Data           1  ble_advertising.o(.data)
    current_slave_link_conn_handle           0x20001f30   Data           2  ble_advertising.o(.data)
    m_evt_handler                            0x20001f34   Data           4  ble_advertising.o(.data)
    m_error_handler                          0x20001f38   Data           4  ble_advertising.o(.data)
    m_slave_conn_int                         0x20001f3c   Data           4  ble_advertising.o(.data)
    m_peer_address                           0x20001f40   Data           7  ble_advertising.o(.data)
    .data                                    0x20001f48   Section       20  ble_conn_params.o(.data)
    m_change_param                           0x20001f48   Data           1  ble_conn_params.o(.data)
    m_update_count                           0x20001f49   Data           1  ble_conn_params.o(.data)
    m_conn_handle                            0x20001f4a   Data           2  ble_conn_params.o(.data)
    m_preferred_conn_params                  0x20001f4c   Data           8  ble_conn_params.o(.data)
    m_current_conn_params                    0x20001f54   Data           8  ble_conn_params.o(.data)
    .data                                    0x20001f5c   Section       24  device_manager_peripheral.o(.data)
    m_module_initialized                     0x20001f5c   Data           1  device_manager_peripheral.o(.data)
    m_peer_addr_update                       0x20001f60   Data           4  device_manager_peripheral.o(.data)
    m_irk_index_table                        0x20001f64   Data           7  device_manager_peripheral.o(.data)
    m_storage_handle                         0x20001f6c   Data           8  device_manager_peripheral.o(.data)
    .data                                    0x20001f74   Section       36  pstorage.o(.data)
    m_state                                  0x20001f74   Data           1  pstorage.o(.data)
    m_swap_sub_state                         0x20001f75   Data           1  pstorage.o(.data)
    m_next_app_instance                      0x20001f76   Data           2  pstorage.o(.data)
    m_flags                                  0x20001f78   Data           4  pstorage.o(.data)
    m_next_page_addr                         0x20001f7c   Data           4  pstorage.o(.data)
    m_head_word_size                         0x20001f80   Data           4  pstorage.o(.data)
    m_tail_word_size                         0x20001f84   Data           4  pstorage.o(.data)
    m_current_page_id                        0x20001f88   Data           4  pstorage.o(.data)
    m_num_of_command_retries                 0x20001f8c   Data           4  pstorage.o(.data)
    m_num_of_bytes_written                   0x20001f90   Data           4  pstorage.o(.data)
    m_app_data_size                          0x20001f94   Data           4  pstorage.o(.data)
    .data                                    0x20001f98   Section        8  app_uart_fifo.o(.data)
    tx_buffer                                0x20001f98   Data           1  app_uart_fifo.o(.data)
    tx_tmp                                   0x20001f99   Data           1  app_uart_fifo.o(.data)
    rx_buffer                                0x20001f9a   Data           1  app_uart_fifo.o(.data)
    m_event_handler                          0x20001f9c   Data           4  app_uart_fifo.o(.data)
    .data                                    0x20001fa0   Section       20  app_button.o(.data)
    m_button_count                           0x20001fa0   Data           1  app_button.o(.data)
    mp_buttons                               0x20001fa4   Data           4  app_button.o(.data)
    m_detection_delay                        0x20001fa8   Data           4  app_button.o(.data)
    m_pin_state                              0x20001fac   Data           4  app_button.o(.data)
    m_pin_transition                         0x20001fb0   Data           4  app_button.o(.data)
    .data                                    0x20001fb4   Section       32  app_timer.o(.data)
    m_user_array_size                        0x20001fb4   Data           1  app_timer.o(.data)
    m_ticks_elapsed_q_read_ind               0x20001fb5   Data           1  app_timer.o(.data)
    m_ticks_elapsed_q_write_ind              0x20001fb6   Data           1  app_timer.o(.data)
    m_rtc1_running                           0x20001fb7   Data           1  app_timer.o(.data)
    m_rtc1_reset                             0x20001fb8   Data           1  app_timer.o(.data)
    mp_users                                 0x20001fbc   Data           4  app_timer.o(.data)
    mp_timer_id_head                         0x20001fc0   Data           4  app_timer.o(.data)
    m_ticks_latest                           0x20001fc4   Data           4  app_timer.o(.data)
    m_evt_schedule_func                      0x20001fc8   Data           4  app_timer.o(.data)
    m_ticks_elapsed                          0x20001fcc   Data           8  app_timer.o(.data)
    .data                                    0x20001fd4   Section       20  softdevice_handler.o(.data)
    m_softdevice_enabled                     0x20001fd4   Data           1  softdevice_handler.o(.data)
    m_ble_evt_buffer_size                    0x20001fd6   Data           2  softdevice_handler.o(.data)
    m_evt_schedule_func                      0x20001fd8   Data           4  softdevice_handler.o(.data)
    mp_ble_evt_buffer                        0x20001fdc   Data           4  softdevice_handler.o(.data)
    m_ble_evt_handler                        0x20001fe0   Data           4  softdevice_handler.o(.data)
    m_sys_evt_handler                        0x20001fe4   Data           4  softdevice_handler.o(.data)
    .data                                    0x20001fe8   Section        4  system_nrf51.o(.data)
    __tagsym$$used                           0x20001fe8   Number         0  system_nrf51.o(.data)
    .bss                                     0x20001fec   Section     1064  main.o(.bss)
    APP_TIMER_BUF                            0x20001fec   Data         456  main.o(.bss)
    BLE_EVT_BUFFER                           0x200021b4   Data          72  main.o(.bss)
    rx_buf                                   0x200021fc   Data         256  main.o(.bss)
    tx_buf                                   0x200022fc   Data         256  main.o(.bss)
    m_gpio_test_service                      0x200023fc   Data          24  main.o(.bss)
    .bss                                     0x20002414   Section       32  bsp.o(.bss)
    m_leds_timer_id_data                     0x20002414   Data          32  bsp.o(.bss)
    .bss                                     0x20002434   Section       32  bsp.o(.bss)
    m_alert_timer_id_data                    0x20002434   Data          32  bsp.o(.bss)
    .bss                                     0x20002454   Section       12  bsp.o(.bss)
    m_events_list                            0x20002454   Data          12  bsp.o(.bss)
    .bss                                     0x20002460   Section       32  bsp.o(.bss)
    m_button_timer_id_data                   0x20002460   Data          32  bsp.o(.bss)
    .bss                                     0x20002480   Section      259  ble_advertising.o(.bss)
    m_advdata                                0x20002480   Data          56  ble_advertising.o(.bss)
    m_adv_modes_config                       0x200024b8   Data          36  ble_advertising.o(.bss)
    m_whitelist                              0x200024dc   Data          16  ble_advertising.o(.bss)
    mp_whitelist_addr                        0x200024ec   Data          32  ble_advertising.o(.bss)
    mp_whitelist_irk                         0x2000250c   Data          32  ble_advertising.o(.bss)
    m_manuf_specific_data                    0x2000252c   Data          12  ble_advertising.o(.bss)
    m_manuf_data_array                       0x20002538   Data          31  ble_advertising.o(.bss)
    m_service_data                           0x20002558   Data          12  ble_advertising.o(.bss)
    m_service_data_array                     0x20002564   Data          31  ble_advertising.o(.bss)
    .bss                                     0x20002584   Section       32  ble_conn_params.o(.bss)
    m_conn_params_timer_id_data              0x20002584   Data          32  ble_conn_params.o(.bss)
    .bss                                     0x200025a4   Section       28  ble_conn_params.o(.bss)
    m_conn_params_config                     0x200025a4   Data          28  ble_conn_params.o(.bss)
    .bss                                     0x200025c0   Section      335  device_manager_peripheral.o(.bss)
    m_app_context_table                      0x200025c0   Data          28  device_manager_peripheral.o(.bss)
    m_peer_table                             0x200025dc   Data         196  device_manager_peripheral.o(.bss)
    m_bond_table                             0x200026a0   Data          28  device_manager_peripheral.o(.bss)
    m_gatts_table                            0x200026bc   Data          36  device_manager_peripheral.o(.bss)
    m_connection_table                       0x200026e0   Data          12  device_manager_peripheral.o(.bss)
    m_application_table                      0x200026ec   Data          12  device_manager_peripheral.o(.bss)
    m_local_id_info                          0x200026f8   Data          23  device_manager_peripheral.o(.bss)
    .bss                                     0x20002710   Section       72  nrf_drv_gpiote.o(.bss)
    m_cb                                     0x20002710   Data          72  nrf_drv_gpiote.o(.bss)
    .bss                                     0x20002758   Section       28  nrf_drv_uart.o(.bss)
    m_cb                                     0x20002758   Data          28  nrf_drv_uart.o(.bss)
    .bss                                     0x20002774   Section      228  pstorage.o(.bss)
    m_cmd_queue                              0x20002774   Data         204  pstorage.o(.bss)
    m_app_table                              0x20002840   Data          24  pstorage.o(.bss)
    .bss                                     0x20002858   Section       32  app_uart_fifo.o(.bss)
    m_rx_fifo                                0x20002858   Data          16  app_uart_fifo.o(.bss)
    m_tx_fifo                                0x20002868   Data          16  app_uart_fifo.o(.bss)
    .bss                                     0x20002878   Section       32  app_button.o(.bss)
    m_detection_delay_timer_id_data          0x20002878   Data          32  app_button.o(.bss)
    STACK                                    0x20002898   Section     2048  arm_startup_nrf51.o(STACK)

    Global Symbols

    Symbol Name                              Value     Ov Type        Size  Object(Section)

    BuildAttributes$$THM_ISAv3M$S$PE$A:L22$X:L11$S22$IEEE1$IW$USESV6$~STKCKD$USESV7$~SHL$OSPACE$ROPI$EBA8$MICROLIB$REQ8$PRES8$EABIv2 0x00000000   Number         0  anon$$obj.o ABSOLUTE
    __ARM_use_no_argv                        0x00000000   Number         0  main.o ABSOLUTE
    _printf_a                                0x00000000   Number         0  stubs.o ABSOLUTE
    _printf_c                                0x00000000   Number         0  stubs.o ABSOLUTE
    _printf_charcount                        0x00000000   Number         0  stubs.o ABSOLUTE
    _printf_d                                0x00000000   Number         0  stubs.o ABSOLUTE
    _printf_e                                0x00000000   Number         0  stubs.o ABSOLUTE
    _printf_f                                0x00000000   Number         0  stubs.o ABSOLUTE
    _printf_flags                            0x00000000   Number         0  stubs.o ABSOLUTE
    _printf_fp_dec                           0x00000000   Number         0  stubs.o ABSOLUTE
    _printf_fp_hex                           0x00000000   Number         0  stubs.o ABSOLUTE
    _printf_g                                0x00000000   Number         0  stubs.o ABSOLUTE
    _printf_i                                0x00000000   Number         0  stubs.o ABSOLUTE
    _printf_int_dec                          0x00000000   Number         0  stubs.o ABSOLUTE
    _printf_l                                0x00000000   Number         0  stubs.o ABSOLUTE
    _printf_lc                               0x00000000   Number         0  stubs.o ABSOLUTE
    _printf_ll                               0x00000000   Number         0  stubs.o ABSOLUTE
    _printf_lld                              0x00000000   Number         0  stubs.o ABSOLUTE
    _printf_lli                              0x00000000   Number         0  stubs.o ABSOLUTE
    _printf_llo                              0x00000000   Number         0  stubs.o ABSOLUTE
    _printf_llu                              0x00000000   Number         0  stubs.o ABSOLUTE
    _printf_llx                              0x00000000   Number         0  stubs.o ABSOLUTE
    _printf_longlong_dec                     0x00000000   Number         0  stubs.o ABSOLUTE
    _printf_longlong_hex                     0x00000000   Number         0  stubs.o ABSOLUTE
    _printf_longlong_oct                     0x00000000   Number         0  stubs.o ABSOLUTE
    _printf_ls                               0x00000000   Number         0  stubs.o ABSOLUTE
    _printf_mbtowc                           0x00000000   Number         0  stubs.o ABSOLUTE
    _printf_n                                0x00000000   Number         0  stubs.o ABSOLUTE
    _printf_o                                0x00000000   Number         0  stubs.o ABSOLUTE
    _printf_p                                0x00000000   Number         0  stubs.o ABSOLUTE
    _printf_percent                          0x00000000   Number         0  stubs.o ABSOLUTE
    _printf_pre_padding                      0x00000000   Number         0  stubs.o ABSOLUTE
    _printf_return_value                     0x00000000   Number         0  stubs.o ABSOLUTE
    _printf_s                                0x00000000   Number         0  stubs.o ABSOLUTE
    _printf_sizespec                         0x00000000   Number         0  stubs.o ABSOLUTE
    _printf_str                              0x00000000   Number         0  stubs.o ABSOLUTE
    _printf_truncate_signed                  0x00000000   Number         0  stubs.o ABSOLUTE
    _printf_truncate_unsigned                0x00000000   Number         0  stubs.o ABSOLUTE
    _printf_u                                0x00000000   Number         0  stubs.o ABSOLUTE
    _printf_wc                               0x00000000   Number         0  stubs.o ABSOLUTE
    _printf_wctomb                           0x00000000   Number         0  stubs.o ABSOLUTE
    _printf_widthprec                        0x00000000   Number         0  stubs.o ABSOLUTE
    _printf_x                                0x00000000   Number         0  stubs.o ABSOLUTE
    __cpp_initialize__aeabi_                  - Undefined Weak Reference
    __cxa_finalize                            - Undefined Weak Reference
    __decompress                              - Undefined Weak Reference
    _clock_init                               - Undefined Weak Reference
    _microlib_exit                            - Undefined Weak Reference
    __Vectors_Size                           0x000000c0   Number         0  arm_startup_nrf51.o ABSOLUTE
    __Vectors                                0x0001b000   Data           4  arm_startup_nrf51.o(RESET)
    __Vectors_End                            0x0001b0c0   Data           0  arm_startup_nrf51.o(RESET)
    __main                                   0x0001b0c1   Thumb Code     0  entry.o(.ARM.Collect$$$$00000000)
    _main_stk                                0x0001b0c1   Thumb Code     0  entry2.o(.ARM.Collect$$$$00000001)
    _main_scatterload                        0x0001b0c5   Thumb Code     0  entry5.o(.ARM.Collect$$$$00000004)
    __main_after_scatterload                 0x0001b0c9   Thumb Code     0  entry5.o(.ARM.Collect$$$$00000004)
    _main_clock                              0x0001b0c9   Thumb Code     0  entry7b.o(.ARM.Collect$$$$00000008)
    _main_cpp_init                           0x0001b0c9   Thumb Code     0  entry8b.o(.ARM.Collect$$$$0000000A)
    _main_init                               0x0001b0c9   Thumb Code     0  entry9a.o(.ARM.Collect$$$$0000000B)
    __rt_final_cpp                           0x0001b0d1   Thumb Code     0  entry10a.o(.ARM.Collect$$$$0000000D)
    __rt_final_exit                          0x0001b0d1   Thumb Code     0  entry11a.o(.ARM.Collect$$$$0000000F)
    __asm___11_app_timer_c_cd27f9c3__nrf_delay_us 0x0001b0d5   Thumb Code    30  app_timer.o(.emb_text)
    Reset_Handler                            0x0001b0f5   Thumb Code    26  arm_startup_nrf51.o(.text)
    NMI_Handler                              0x0001b10f   Thumb Code     2  arm_startup_nrf51.o(.text)
    HardFault_Handler                        0x0001b111   Thumb Code     2  arm_startup_nrf51.o(.text)
    SVC_Handler                              0x0001b113   Thumb Code     2  arm_startup_nrf51.o(.text)
    PendSV_Handler                           0x0001b115   Thumb Code     2  arm_startup_nrf51.o(.text)
    SysTick_Handler                          0x0001b117   Thumb Code     2  arm_startup_nrf51.o(.text)
    ADC_IRQHandler                           0x0001b119   Thumb Code     0  arm_startup_nrf51.o(.text)
    CCM_AAR_IRQHandler                       0x0001b119   Thumb Code     0  arm_startup_nrf51.o(.text)
    ECB_IRQHandler                           0x0001b119   Thumb Code     0  arm_startup_nrf51.o(.text)
    LPCOMP_IRQHandler                        0x0001b119   Thumb Code     0  arm_startup_nrf51.o(.text)
    POWER_CLOCK_IRQHandler                   0x0001b119   Thumb Code     0  arm_startup_nrf51.o(.text)
    QDEC_IRQHandler                          0x0001b119   Thumb Code     0  arm_startup_nrf51.o(.text)
    RADIO_IRQHandler                         0x0001b119   Thumb Code     0  arm_startup_nrf51.o(.text)
    RNG_IRQHandler                           0x0001b119   Thumb Code     0  arm_startup_nrf51.o(.text)
    RTC0_IRQHandler                          0x0001b119   Thumb Code     0  arm_startup_nrf51.o(.text)
    SPI0_TWI0_IRQHandler                     0x0001b119   Thumb Code     0  arm_startup_nrf51.o(.text)
    SPI1_TWI1_IRQHandler                     0x0001b119   Thumb Code     0  arm_startup_nrf51.o(.text)
    SWI1_IRQHandler                          0x0001b119   Thumb Code     0  arm_startup_nrf51.o(.text)
    SWI3_IRQHandler                          0x0001b119   Thumb Code     0  arm_startup_nrf51.o(.text)
    SWI4_IRQHandler                          0x0001b119   Thumb Code     0  arm_startup_nrf51.o(.text)
    SWI5_IRQHandler                          0x0001b119   Thumb Code     0  arm_startup_nrf51.o(.text)
    TEMP_IRQHandler                          0x0001b119   Thumb Code     0  arm_startup_nrf51.o(.text)
    TIMER0_IRQHandler                        0x0001b119   Thumb Code     0  arm_startup_nrf51.o(.text)
    TIMER1_IRQHandler                        0x0001b119   Thumb Code     0  arm_startup_nrf51.o(.text)
    TIMER2_IRQHandler                        0x0001b119   Thumb Code     0  arm_startup_nrf51.o(.text)
    WDT_IRQHandler                           0x0001b119   Thumb Code     0  arm_startup_nrf51.o(.text)
    __aeabi_uidiv                            0x0001b12d   Thumb Code     0  uidiv.o(.text)
    __aeabi_uidivmod                         0x0001b12d   Thumb Code    44  uidiv.o(.text)
    __aeabi_idiv                             0x0001b159   Thumb Code     0  idiv.o(.text)
    __aeabi_idivmod                          0x0001b159   Thumb Code    40  idiv.o(.text)
    __aeabi_memcpy                           0x0001b181   Thumb Code    36  memcpya.o(.text)
    __aeabi_memcpy4                          0x0001b181   Thumb Code     0  memcpya.o(.text)
    __aeabi_memcpy8                          0x0001b181   Thumb Code     0  memcpya.o(.text)
    __aeabi_memset                           0x0001b1a5   Thumb Code    14  memseta.o(.text)
    __aeabi_memset4                          0x0001b1a5   Thumb Code     0  memseta.o(.text)
    __aeabi_memset8                          0x0001b1a5   Thumb Code     0  memseta.o(.text)
    __aeabi_memclr                           0x0001b1b3   Thumb Code     4  memseta.o(.text)
    __aeabi_memclr4                          0x0001b1b3   Thumb Code     0  memseta.o(.text)
    __aeabi_memclr8                          0x0001b1b3   Thumb Code     0  memseta.o(.text)
    _memset$wrapper                          0x0001b1b7   Thumb Code    18  memseta.o(.text)
    strlen                                   0x0001b1c9   Thumb Code    14  strlen.o(.text)
    memcmp                                   0x0001b1d7   Thumb Code    26  memcmp.o(.text)
    __aeabi_uldivmod                         0x0001b1f1   Thumb Code    96  uldiv.o(.text)
    __I$use$fp                               0x0001b251   Thumb Code     0  iusefp.o(.text)
    __aeabi_dadd                             0x0001b251   Thumb Code   328  dadd.o(.text)
    __aeabi_dsub                             0x0001b399   Thumb Code    12  dadd.o(.text)
    __aeabi_drsub                            0x0001b3a5   Thumb Code    12  dadd.o(.text)
    __aeabi_dmul                             0x0001b3b5   Thumb Code   202  dmul.o(.text)
    __aeabi_ddiv                             0x0001b485   Thumb Code   234  ddiv.o(.text)
    __aeabi_d2ulz                            0x0001b575   Thumb Code    54  dfixul.o(.text)
    __aeabi_cdrcmple                         0x0001b5b5   Thumb Code    38  cdrcmple.o(.text)
    __scatterload                            0x0001b5dd   Thumb Code    28  init.o(.text)
    __scatterload_rt2                        0x0001b5dd   Thumb Code     0  init.o(.text)
    __aeabi_llsl                             0x0001b601   Thumb Code    32  llshl.o(.text)
    _ll_shift_l                              0x0001b601   Thumb Code     0  llshl.o(.text)
    __aeabi_llsr                             0x0001b621   Thumb Code    34  llushr.o(.text)
    _ll_ushift_r                             0x0001b621   Thumb Code     0  llushr.o(.text)
    __aeabi_lasr                             0x0001b643   Thumb Code    38  llsshr.o(.text)
    _ll_sshift_r                             0x0001b643   Thumb Code     0  llsshr.o(.text)
    _double_round                            0x0001b669   Thumb Code    26  depilogue.o(.text)
    _double_epilogue                         0x0001b683   Thumb Code   164  depilogue.o(.text)
    GPIOTE_IRQHandler                        0x0001b729   Thumb Code   234  nrf_drv_gpiote.o(i.GPIOTE_IRQHandler)
    RTC1_IRQHandler                          0x0001b875   Thumb Code    28  app_timer.o(i.RTC1_IRQHandler)
    SWI0_IRQHandler                          0x0001b895   Thumb Code     8  app_timer.o(i.SWI0_IRQHandler)
    SWI2_IRQHandler                          0x0001b89d   Thumb Code    28  softdevice_handler.o(i.SWI2_IRQHandler)
    SystemInit                               0x0001b8bd   Thumb Code    64  system_nrf51.o(i.SystemInit)
    UART0_IRQHandler                         0x0001b911   Thumb Code     8  nrf_drv_uart.o(i.UART0_IRQHandler)
    __0sprintf                               0x0001b919   Thumb Code    36  printfa.o(i.__0sprintf)
    __1sprintf                               0x0001b919   Thumb Code     0  printfa.o(i.__0sprintf)
    __2sprintf                               0x0001b919   Thumb Code     0  printfa.o(i.__0sprintf)
    __c89sprintf                             0x0001b919   Thumb Code     0  printfa.o(i.__0sprintf)
    sprintf                                  0x0001b919   Thumb Code     0  printfa.o(i.__0sprintf)
    __ARM_clz                                0x0001b941   Thumb Code    46  depilogue.o(i.__ARM_clz)
    __ARM_common_switch8                     0x0001b96f   Thumb Code    26  bsp.o(i.__ARM_common_switch8)
    __scatterload_copy                       0x0001b989   Thumb Code    14  handlers.o(i.__scatterload_copy)
    __scatterload_null                       0x0001b997   Thumb Code     2  handlers.o(i.__scatterload_null)
    __scatterload_zeroinit                   0x0001b999   Thumb Code    14  handlers.o(i.__scatterload_zeroinit)
    adv_data_encode                          0x0001c243   Thumb Code   534  ble_advdata.o(i.adv_data_encode)
    app_button_enable                        0x0001c4ad   Thumb Code    32  app_button.o(i.app_button_enable)
    app_button_init                          0x0001c4d1   Thumb Code   100  app_button.o(i.app_button_init)
    app_error_fault_handler                  0x0001c545   Thumb Code    18  app_error.o(i.app_error_fault_handler)
    app_error_handler_bare                   0x0001c561   Thumb Code    18  app_error.o(i.app_error_handler_bare)
    app_fifo_get                             0x0001c585   Thumb Code    22  app_fifo.o(i.app_fifo_get)
    app_fifo_init                            0x0001c59b   Thumb Code    36  app_fifo.o(i.app_fifo_init)
    app_fifo_put                             0x0001c5bf   Thumb Code    26  app_fifo.o(i.app_fifo_put)
    app_timer_create                         0x0001c625   Thumb Code    40  app_timer.o(i.app_timer_create)
    app_timer_init                           0x0001c651   Thumb Code   126  app_timer.o(i.app_timer_init)
    app_timer_start                          0x0001c6e1   Thumb Code   114  app_timer.o(i.app_timer_start)
    app_timer_stop                           0x0001c75d   Thumb Code    78  app_timer.o(i.app_timer_stop)
    app_uart_init                            0x0001c7b1   Thumb Code   144  app_uart_fifo.o(i.app_uart_init)
    app_uart_put                             0x0001c851   Thumb Code    30  app_uart_fifo.o(i.app_uart_put)
    ble_advdata_set                          0x0001c879   Thumb Code   104  ble_advdata.o(i.ble_advdata_set)
    ble_advertising_init                     0x0001c8e1   Thumb Code   284  ble_advertising.o(i.ble_advertising_init)
    ble_advertising_on_ble_evt               0x0001ca05   Thumb Code   118  ble_advertising.o(i.ble_advertising_on_ble_evt)
    ble_advertising_on_sys_evt               0x0001ca81   Thumb Code    42  ble_advertising.o(i.ble_advertising_on_sys_evt)
    ble_advertising_restart_without_whitelist 0x0001cac1   Thumb Code    56  ble_advertising.o(i.ble_advertising_restart_without_whitelist)
    ble_advertising_start                    0x0001cb01   Thumb Code   470  ble_advertising.o(i.ble_advertising_start)
    ble_conn_params_init                     0x0001cce1   Thumb Code    68  ble_conn_params.o(i.ble_conn_params_init)
    ble_conn_params_on_ble_evt               0x0001cd35   Thumb Code   132  ble_conn_params.o(i.ble_conn_params_on_ble_evt)
    ble_gpio_test_service_button_send        0x0001ce55   Thumb Code    74  ble_gpio_test_service.o(i.ble_gpio_test_service_button_send)
    ble_gpio_test_service_button_set         0x0001cea5   Thumb Code    44  ble_gpio_test_service.o(i.ble_gpio_test_service_button_set)
    ble_gpio_test_service_init               0x0001ced1   Thumb Code   222  ble_gpio_test_service.o(i.ble_gpio_test_service_init)
    ble_gpio_test_service_on_ble_evt         0x0001cfbd   Thumb Code    76  ble_gpio_test_service.o(i.ble_gpio_test_service_on_ble_evt)
    bond_data_load                           0x0001d081   Thumb Code    58  device_manager_peripheral.o(i.bond_data_load)
    bsp_btn_ble_init                         0x0001d0c9   Thumb Code    80  bsp_btn_ble.o(i.bsp_btn_ble_init)
    bsp_btn_ble_on_ble_evt                   0x0001d11d   Thumb Code   114  bsp_btn_ble.o(i.bsp_btn_ble_on_ble_evt)
    bsp_btn_ble_sleep_mode_prepare           0x0001d195   Thumb Code    20  bsp_btn_ble.o(i.bsp_btn_ble_sleep_mode_prepare)
    bsp_button_is_pressed                    0x0001d249   Thumb Code    34  bsp.o(i.bsp_button_is_pressed)
    bsp_event_handler                        0x0001d275   Thumb Code   112  main.o(i.bsp_event_handler)
    bsp_event_to_button_action_assign        0x0001d311   Thumb Code    66  bsp.o(i.bsp_event_to_button_action_assign)
    bsp_indication_set                       0x0001d359   Thumb Code    22  bsp.o(i.bsp_indication_set)
    bsp_init                                 0x0001d375   Thumb Code   134  bsp.o(i.bsp_init)
    bsp_wakeup_buttons_set                   0x0001d60d   Thumb Code    50  bsp.o(i.bsp_wakeup_buttons_set)
    characteristic_add                       0x0001d6d1   Thumb Code   400  ble_srv_common.o(i.characteristic_add)
    dm_ble_evt_handler                       0x0001df2d   Thumb Code   958  device_manager_peripheral.o(i.dm_ble_evt_handler)
    dm_handle_initialize                     0x0001e301   Thumb Code    22  device_manager_peripheral.o(i.dm_handle_initialize)
    dm_init                                  0x0001e31d   Thumb Code   174  device_manager_peripheral.o(i.dm_init)
    dm_register                              0x0001e569   Thumb Code   104  device_manager_peripheral.o(i.dm_register)
    intern_softdevice_events_execute         0x0001e971   Thumb Code   116  softdevice_handler.o(i.intern_softdevice_events_execute)
    main                                     0x0001ec99   Thumb Code   366  main.o(i.main)
    nrf_drv_common_irq_enable                0x0001ef79   Thumb Code    78  nrf_drv_common.o(i.nrf_drv_common_irq_enable)
    nrf_drv_gpiote_in_event_enable           0x0001efd9   Thumb Code   138  nrf_drv_gpiote.o(i.nrf_drv_gpiote_in_event_enable)
    nrf_drv_gpiote_in_init                   0x0001f079   Thumb Code   146  nrf_drv_gpiote.o(i.nrf_drv_gpiote_in_init)
    nrf_drv_gpiote_in_is_set                 0x0001f11d   Thumb Code    16  nrf_drv_gpiote.o(i.nrf_drv_gpiote_in_is_set)
    nrf_drv_gpiote_init                      0x0001f131   Thumb Code    76  nrf_drv_gpiote.o(i.nrf_drv_gpiote_init)
    nrf_drv_gpiote_is_init                   0x0001f185   Thumb Code    12  nrf_drv_gpiote.o(i.nrf_drv_gpiote_is_init)
    nrf_drv_uart_init                        0x0001f195   Thumb Code   170  nrf_drv_uart.o(i.nrf_drv_uart_init)
    nrf_drv_uart_rx                          0x0001f25d   Thumb Code    66  nrf_drv_uart.o(i.nrf_drv_uart_rx)
    nrf_drv_uart_rx_enable                   0x0001f2a9   Thumb Code    20  nrf_drv_uart.o(i.nrf_drv_uart_rx_enable)
    nrf_drv_uart_tx                          0x0001f35d   Thumb Code    28  nrf_drv_uart.o(i.nrf_drv_uart_tx)
    pstorage_access_status_get               0x0001f72d   Thumb Code    30  pstorage.o(i.pstorage_access_status_get)
    pstorage_block_identifier_get            0x0001f755   Thumb Code    78  pstorage.o(i.pstorage_block_identifier_get)
    pstorage_clear                           0x0001f7ad   Thumb Code   160  pstorage.o(i.pstorage_clear)
    pstorage_init                            0x0001f885   Thumb Code    82  pstorage.o(i.pstorage_init)
    pstorage_load                            0x0001f8e1   Thumb Code   162  pstorage.o(i.pstorage_load)
    pstorage_register                        0x0001f98d   Thumb Code   180  pstorage.o(i.pstorage_register)
    pstorage_store                           0x0001fa49   Thumb Code   138  pstorage.o(i.pstorage_store)
    pstorage_sys_event_handler               0x0001fadd   Thumb Code    72  pstorage.o(i.pstorage_sys_event_handler)
    pstorage_update                          0x0001fb29   Thumb Code   138  pstorage.o(i.pstorage_update)
    sd_check_ram_start                       0x0001fc71   Thumb Code    10  softdevice_handler.o(i.sd_check_ram_start)
    softdevice_ble_evt_handler_set           0x0001fdad   Thumb Code    16  softdevice_handler.o(i.softdevice_ble_evt_handler_set)
    softdevice_enable                        0x0001fdc1   Thumb Code    14  softdevice_handler.o(i.softdevice_enable)
    softdevice_enable_get_default_config     0x0001fdd5   Thumb Code    40  softdevice_handler.o(i.softdevice_enable_get_default_config)
    softdevice_fault_handler                 0x0001fdfd   Thumb Code     8  softdevice_handler.o(i.softdevice_fault_handler)
    softdevice_handler_init                  0x0001fe05   Thumb Code    40  softdevice_handler.o(i.softdevice_handler_init)
    softdevice_sys_evt_handler_set           0x0001fe35   Thumb Code    16  softdevice_handler.o(i.softdevice_sys_evt_handler_set)
    uart_event_handle                        0x000201f5   Thumb Code    24  main.o(i.uart_event_handle)
    uart_print_string                        0x000203e5   Thumb Code    32  main.o(i.uart_print_string)
    m_context_init_len                       0x0002063c   Data           4  device_manager_peripheral.o(.constdata)
    m_service_context_store                  0x00020640   Data          16  device_manager_peripheral.o(.constdata)
    m_service_context_load                   0x00020650   Data          16  device_manager_peripheral.o(.constdata)
    m_service_context_apply                  0x00020660   Data          16  device_manager_peripheral.o(.constdata)
    Region$$Table$$Base                      0x000206f0   Number         0  anon$$obj.o(Region$$Table)
    Region$$Table$$Limit                     0x00020710   Number         0  anon$$obj.o(Region$$Table)
    Image$$RW_IRAM1$$Base                    0x20001f00   Number         0  anon$$obj.o ABSOLUTE
    SystemCoreClock                          0x20001fe8   Data           4  system_nrf51.o(.data)
    __initial_sp                             0x20003098   Data           0  arm_startup_nrf51.o(STACK)



==============================================================================

Memory Map of the image

  Image Entry point : 0x0001b0c1

  Load Region LR_IROM1 (Base: 0x0001b000, Size: 0x000057fc, Max: 0x00025000, ABSOLUTE)

    Execution Region ER_IROM1 (Base: 0x0001b000, Size: 0x00005710, Max: 0x00025000, ABSOLUTE)

    Base Addr    Size         Type   Attr      Idx    E Section Name        Object

    0x0001b000   0x000000c0   Data   RO         2552    RESET               arm_startup_nrf51.o
    0x0001b0c0   0x00000000   Code   RO         2594  * .ARM.Collect$$$$00000000  mc_p.l(entry.o)
    0x0001b0c0   0x00000004   Code   RO         2874    .ARM.Collect$$$$00000001  mc_p.l(entry2.o)
    0x0001b0c4   0x00000004   Code   RO         2877    .ARM.Collect$$$$00000004  mc_p.l(entry5.o)
    0x0001b0c8   0x00000000   Code   RO         2879    .ARM.Collect$$$$00000008  mc_p.l(entry7b.o)
    0x0001b0c8   0x00000000   Code   RO         2881    .ARM.Collect$$$$0000000A  mc_p.l(entry8b.o)
    0x0001b0c8   0x00000008   Code   RO         2882    .ARM.Collect$$$$0000000B  mc_p.l(entry9a.o)
    0x0001b0d0   0x00000000   Code   RO         2884    .ARM.Collect$$$$0000000D  mc_p.l(entry10a.o)
    0x0001b0d0   0x00000000   Code   RO         2886    .ARM.Collect$$$$0000000F  mc_p.l(entry11a.o)
    0x0001b0d0   0x00000004   Code   RO         2875    .ARM.Collect$$$$00002712  mc_p.l(entry2.o)
    0x0001b0d4   0x0000001e   Code   RO         2107    .emb_text           app_timer.o
    0x0001b0f2   0x00000002   PAD
    0x0001b0f4   0x00000038   Code   RO         2553    .text               arm_startup_nrf51.o
    0x0001b12c   0x0000002c   Code   RO         2597    .text               mc_p.l(uidiv.o)
    0x0001b158   0x00000028   Code   RO         2599    .text               mc_p.l(idiv.o)
    0x0001b180   0x00000024   Code   RO         2601    .text               mc_p.l(memcpya.o)
    0x0001b1a4   0x00000024   Code   RO         2603    .text               mc_p.l(memseta.o)
    0x0001b1c8   0x0000000e   Code   RO         2605    .text               mc_p.l(strlen.o)
    0x0001b1d6   0x0000001a   Code   RO         2607    .text               mc_p.l(memcmp.o)
    0x0001b1f0   0x00000060   Code   RO         2888    .text               mc_p.l(uldiv.o)
    0x0001b250   0x00000000   Code   RO         2890    .text               mc_p.l(iusefp.o)
    0x0001b250   0x00000164   Code   RO         2891    .text               mf_p.l(dadd.o)
    0x0001b3b4   0x000000d0   Code   RO         2893    .text               mf_p.l(dmul.o)
    0x0001b484   0x000000f0   Code   RO         2895    .text               mf_p.l(ddiv.o)
    0x0001b574   0x00000040   Code   RO         2897    .text               mf_p.l(dfixul.o)
    0x0001b5b4   0x00000028   Code   RO         2899    .text               mf_p.l(cdrcmple.o)
    0x0001b5dc   0x00000024   Code   RO         2901    .text               mc_p.l(init.o)
    0x0001b600   0x00000020   Code   RO         2903    .text               mc_p.l(llshl.o)
    0x0001b620   0x00000022   Code   RO         2905    .text               mc_p.l(llushr.o)
    0x0001b642   0x00000026   Code   RO         2907    .text               mc_p.l(llsshr.o)
    0x0001b668   0x000000be   Code   RO         2909    .text               mf_p.l(depilogue.o)
    0x0001b726   0x00000002   PAD
    0x0001b728   0x00000108   Code   RO         1176    i.GPIOTE_IRQHandler  nrf_drv_gpiote.o
    0x0001b830   0x00000044   Code   RO         2108    i.NVIC_SetPriority  app_timer.o
    0x0001b874   0x00000020   Code   RO         2109    i.RTC1_IRQHandler   app_timer.o
    0x0001b894   0x00000008   Code   RO         2110    i.SWI0_IRQHandler   app_timer.o
    0x0001b89c   0x00000020   Code   RO         2456    i.SWI2_IRQHandler   softdevice_handler.o
    0x0001b8bc   0x00000054   Code   RO         2560    i.SystemInit        system_nrf51.o
    0x0001b910   0x00000008   Code   RO         1366    i.UART0_IRQHandler  nrf_drv_uart.o
    0x0001b918   0x00000028   Code   RO         2848    i.__0sprintf        mc_p.l(printfa.o)
    0x0001b940   0x0000002e   Code   RO         2911    i.__ARM_clz         mf_p.l(depilogue.o)
    0x0001b96e   0x0000001a   Code   RO          396    i.__ARM_common_switch8  bsp.o
    0x0001b988   0x0000000e   Code   RO         2915    i.__scatterload_copy  mc_p.l(handlers.o)
    0x0001b996   0x00000002   Code   RO         2916    i.__scatterload_null  mc_p.l(handlers.o)
    0x0001b998   0x0000000e   Code   RO         2917    i.__scatterload_zeroinit  mc_p.l(handlers.o)
    0x0001b9a6   0x00000002   PAD
    0x0001b9a8   0x00000158   Code   RO         2853    i._fp_digits        mc_p.l(printfa.o)
    0x0001bb00   0x000006ec   Code   RO         2854    i._printf_core      mc_p.l(printfa.o)
    0x0001c1ec   0x00000020   Code   RO         2855    i._printf_post_padding  mc_p.l(printfa.o)
    0x0001c20c   0x0000002c   Code   RO         2856    i._printf_pre_padding  mc_p.l(printfa.o)
    0x0001c238   0x0000000a   Code   RO         2858    i._sputc            mc_p.l(printfa.o)
    0x0001c242   0x00000216   Code   RO          496    i.adv_data_encode   ble_advdata.o
    0x0001c458   0x0000003c   Code   RO          433    i.advertising_buttons_configure  bsp_btn_ble.o
    0x0001c494   0x00000018   Code   RO          302    i.alert_timer_handler  bsp.o
    0x0001c4ac   0x00000024   Code   RO         1995    i.app_button_enable  app_button.o
    0x0001c4d0   0x00000074   Code   RO         1996    i.app_button_init   app_button.o
    0x0001c544   0x0000001c   Code   RO         2052    i.app_error_fault_handler  app_error.o
    0x0001c560   0x00000018   Code   RO         2054    i.app_error_handler_bare  app_error.o
    0x0001c578   0x0000000c   Code   RO          783    i.app_evt_notify    device_manager_peripheral.o
    0x0001c584   0x00000016   Code   RO         2397    i.app_fifo_get      app_fifo.o
    0x0001c59a   0x00000024   Code   RO         2398    i.app_fifo_init     app_fifo.o
    0x0001c5be   0x0000001a   Code   RO         2399    i.app_fifo_put      app_fifo.o
    0x0001c5d8   0x0000002c   Code   RO         1528    i.app_notify        pstorage.o
    0x0001c604   0x00000020   Code   RO         1529    i.app_notify_error_state_transit  pstorage.o
    0x0001c624   0x0000002c   Code   RO         2113    i.app_timer_create  app_timer.o
    0x0001c650   0x00000090   Code   RO         2114    i.app_timer_init    app_timer.o
    0x0001c6e0   0x0000007c   Code   RO         2115    i.app_timer_start   app_timer.o
    0x0001c75c   0x00000054   Code   RO         2116    i.app_timer_stop    app_timer.o
    0x0001c7b0   0x000000a0   Code   RO         1776    i.app_uart_init     app_uart_fifo.o
    0x0001c850   0x00000028   Code   RO         1777    i.app_uart_put      app_uart_fifo.o
    0x0001c878   0x00000068   Code   RO          497    i.ble_advdata_set   ble_advdata.o
    0x0001c8e0   0x00000124   Code   RO          580    i.ble_advertising_init  ble_advertising.o
    0x0001ca04   0x0000007c   Code   RO          581    i.ble_advertising_on_ble_evt  ble_advertising.o
    0x0001ca80   0x00000030   Code   RO          582    i.ble_advertising_on_sys_evt  ble_advertising.o
    0x0001cab0   0x00000010   Code   RO          584    i.ble_advertising_peer_address_clear  ble_advertising.o
    0x0001cac0   0x00000040   Code   RO          585    i.ble_advertising_restart_without_whitelist  ble_advertising.o
    0x0001cb00   0x000001e0   Code   RO          586    i.ble_advertising_start  ble_advertising.o
    0x0001cce0   0x00000054   Code   RO          670    i.ble_conn_params_init  ble_conn_params.o
    0x0001cd34   0x00000090   Code   RO          671    i.ble_conn_params_on_ble_evt  ble_conn_params.o
    0x0001cdc4   0x0000005e   Code   RO          498    i.ble_device_addr_encode  ble_advdata.o
    0x0001ce22   0x00000002   PAD
    0x0001ce24   0x00000030   Code   RO            5    i.ble_evt_dispatch  main.o
    0x0001ce54   0x00000050   Code   RO         1052    i.ble_gpio_test_service_button_send  ble_gpio_test_service.o
    0x0001cea4   0x0000002c   Code   RO         1053    i.ble_gpio_test_service_button_set  ble_gpio_test_service.o
    0x0001ced0   0x000000ec   Code   RO         1054    i.ble_gpio_test_service_init  ble_gpio_test_service.o
    0x0001cfbc   0x0000004c   Code   RO         1055    i.ble_gpio_test_service_on_ble_evt  ble_gpio_test_service.o
    0x0001d008   0x00000078   Code   RO            6    i.ble_stack_init    main.o
    0x0001d080   0x00000048   Code   RO          784    i.bond_data_load    device_manager_peripheral.o
    0x0001d0c8   0x00000054   Code   RO          434    i.bsp_btn_ble_init  bsp_btn_ble.o
    0x0001d11c   0x00000078   Code   RO          435    i.bsp_btn_ble_on_ble_evt  bsp_btn_ble.o
    0x0001d194   0x00000014   Code   RO          436    i.bsp_btn_ble_sleep_mode_prepare  bsp_btn_ble.o
    0x0001d1a8   0x000000a0   Code   RO          303    i.bsp_button_event_handler  bsp.o
    0x0001d248   0x0000002c   Code   RO          304    i.bsp_button_is_pressed  bsp.o
    0x0001d274   0x0000009c   Code   RO            7    i.bsp_event_handler  main.o
    0x0001d310   0x00000048   Code   RO          308    i.bsp_event_to_button_action_assign  bsp.o
    0x0001d358   0x0000001c   Code   RO          309    i.bsp_indication_set  bsp.o
    0x0001d374   0x000000a0   Code   RO          311    i.bsp_init          bsp.o
    0x0001d414   0x000001f8   Code   RO          312    i.bsp_led_indication  bsp.o
    0x0001d60c   0x0000003c   Code   RO          313    i.bsp_wakeup_buttons_set  bsp.o
    0x0001d648   0x00000008   Code   RO         1056    i.button_encode     ble_gpio_test_service.o
    0x0001d650   0x0000000c   Code   RO          314    i.button_timer_handler  bsp.o
    0x0001d65c   0x0000001c   Code   RO         1177    i.channel_free      nrf_drv_gpiote.o
    0x0001d678   0x00000048   Code   RO         1178    i.channel_port_alloc  nrf_drv_gpiote.o
    0x0001d6c0   0x00000010   Code   RO         1179    i.channel_port_get  nrf_drv_gpiote.o
    0x0001d6d0   0x00000190   Code   RO          742    i.characteristic_add  ble_srv_common.o
    0x0001d860   0x00000104   Code   RO         1530    i.clear_operation_execute  pstorage.o
    0x0001d964   0x00000024   Code   RO         1531    i.clear_post_processing_run  pstorage.o
    0x0001d988   0x00000038   Code   RO         1532    i.cmd_process       pstorage.o
    0x0001d9c0   0x00000020   Code   RO         1533    i.cmd_queue_element_init  pstorage.o
    0x0001d9e0   0x0000004c   Code   RO         1534    i.cmd_queue_enqueue  pstorage.o
    0x0001da2c   0x0000003c   Code   RO         1535    i.command_end_procedure_run  pstorage.o
    0x0001da68   0x000000a8   Code   RO         2118    i.compare_reg_update  app_timer.o
    0x0001db10   0x00000088   Code   RO          499    i.conn_int_encode   ble_advdata.o
    0x0001db98   0x00000008   Code   RO            8    i.conn_params_error_handler  main.o
    0x0001dba0   0x00000068   Code   RO          673    i.conn_params_negotiation  ble_conn_params.o
    0x0001dc08   0x00000030   Code   RO          785    i.connection_instance_find  device_manager_peripheral.o
    0x0001dc38   0x00000024   Code   RO          786    i.connection_instance_init  device_manager_peripheral.o
    0x0001dc5c   0x00000054   Code   RO         1536    i.data_page_erase_state_run  pstorage.o
    0x0001dcb0   0x00000028   Code   RO         1537    i.data_to_swap_write_state_run  pstorage.o
    0x0001dcd8   0x00000060   Code   RO         1998    i.detection_delay_timeout_handler  app_button.o
    0x0001dd38   0x000000b4   Code   RO          787    i.device_context_store  device_manager_peripheral.o
    0x0001ddec   0x00000054   Code   RO          788    i.device_instance_allocate  device_manager_peripheral.o
    0x0001de40   0x00000048   Code   RO          789    i.device_instance_find  device_manager_peripheral.o
    0x0001de88   0x0000002c   Code   RO          790    i.device_instance_free  device_manager_peripheral.o
    0x0001deb4   0x0000000e   Code   RO            9    i.device_manager_evt_handler  main.o
    0x0001dec2   0x00000002   PAD
    0x0001dec4   0x00000068   Code   RO           10    i.device_manager_init  main.o
    0x0001df2c   0x000003d4   Code   RO          795    i.dm_ble_evt_handler  device_manager_peripheral.o
    0x0001e300   0x0000001c   Code   RO          801    i.dm_handle_initialize  device_manager_peripheral.o
    0x0001e31c   0x000000c4   Code   RO          802    i.dm_init           device_manager_peripheral.o
    0x0001e3e0   0x00000188   Code   RO          805    i.dm_pstorage_cb_handler  device_manager_peripheral.o
    0x0001e568   0x00000074   Code   RO          806    i.dm_register       device_manager_peripheral.o
    0x0001e5dc   0x00000040   Code   RO         2119    i.elapsed_ticks_acquire  app_timer.o
    0x0001e61c   0x00000014   Code   RO         2402    i.fifo_get          app_fifo.o
    0x0001e630   0x00000012   Code   RO         2403    i.fifo_put          app_fifo.o
    0x0001e642   0x00000002   PAD
    0x0001e644   0x00000020   Code   RO         1538    i.flash_api_err_code_process  pstorage.o
    0x0001e664   0x00000080   Code   RO         1539    i.flash_operation_success_run  pstorage.o
    0x0001e6e4   0x0000000a   Code   RO         1540    i.flash_page_erase  pstorage.o
    0x0001e6ee   0x0000000a   Code   RO         1541    i.flash_write       pstorage.o
    0x0001e6f8   0x00000004   Code   RO          813    i.gattc_context_apply  device_manager_peripheral.o
    0x0001e6fc   0x00000004   Code   RO          814    i.gattc_context_load  device_manager_peripheral.o
    0x0001e700   0x00000004   Code   RO          815    i.gattc_context_store  device_manager_peripheral.o
    0x0001e704   0x000000b0   Code   RO          816    i.gatts_context_apply  device_manager_peripheral.o
    0x0001e7b4   0x00000030   Code   RO          817    i.gatts_context_load  device_manager_peripheral.o
    0x0001e7e4   0x000000ac   Code   RO          818    i.gatts_context_store  device_manager_peripheral.o
    0x0001e890   0x00000008   Code   RO          819    i.gattsc_context_apply  device_manager_peripheral.o
    0x0001e898   0x00000008   Code   RO          820    i.gattsc_context_load  device_manager_peripheral.o
    0x0001e8a0   0x00000008   Code   RO          821    i.gattsc_context_store  device_manager_peripheral.o
    0x0001e8a8   0x00000050   Code   RO         1999    i.gpiote_event_handler  app_button.o
    0x0001e8f8   0x00000078   Code   RO         1542    i.head_restore_state_run  pstorage.o
    0x0001e970   0x00000078   Code   RO         2457    i.intern_softdevice_events_execute  softdevice_handler.o
    0x0001e9e8   0x0000001c   Code   RO          674    i.is_conn_params_ok  ble_conn_params.o
    0x0001ea04   0x00000048   Code   RO         2561    i.is_manual_peripheral_setup_needed  system_nrf51.o
    0x0001ea4c   0x00000044   Code   RO         1543    i.is_page_erase_required  pstorage.o
    0x0001ea90   0x0000000c   Code   RO         1544    i.is_word_aligned   pstorage.o
    0x0001ea9c   0x00000054   Code   RO          500    i.le_role_encode    ble_advdata.o
    0x0001eaf0   0x00000018   Code   RO          315    i.leds_timer_handler  bsp.o
    0x0001eb08   0x000000bc   Code   RO         2120    i.list_deletions_handler  app_timer.o
    0x0001ebc4   0x000000d4   Code   RO         2121    i.list_insertions_handler  app_timer.o
    0x0001ec98   0x000001b4   Code   RO           11    i.main              main.o
    0x0001ee4c   0x00000018   Code   RO         1545    i.main_state_err_busy_process  pstorage.o
    0x0001ee64   0x00000068   Code   RO          501    i.manuf_specific_data_encode  ble_advdata.o
    0x0001eecc   0x0000009e   Code   RO          502    i.name_encode       ble_advdata.o
    0x0001ef6a   0x00000004   Code   RO          822    i.no_service_context_apply  device_manager_peripheral.o
    0x0001ef6e   0x00000004   Code   RO          823    i.no_service_context_load  device_manager_peripheral.o
    0x0001ef72   0x00000004   Code   RO          824    i.no_service_context_store  device_manager_peripheral.o
    0x0001ef76   0x00000002   PAD
    0x0001ef78   0x00000060   Code   RO         1131    i.nrf_drv_common_irq_enable  nrf_drv_common.o
    0x0001efd8   0x000000a0   Code   RO         1182    i.nrf_drv_gpiote_in_event_enable  nrf_drv_gpiote.o
    0x0001f078   0x000000a4   Code   RO         1183    i.nrf_drv_gpiote_in_init  nrf_drv_gpiote.o
    0x0001f11c   0x00000014   Code   RO         1184    i.nrf_drv_gpiote_in_is_set  nrf_drv_gpiote.o
    0x0001f130   0x00000054   Code   RO         1186    i.nrf_drv_gpiote_init  nrf_drv_gpiote.o
    0x0001f184   0x00000010   Code   RO         1187    i.nrf_drv_gpiote_is_init  nrf_drv_gpiote.o
    0x0001f194   0x000000c8   Code   RO         1368    i.nrf_drv_uart_init  nrf_drv_uart.o
    0x0001f25c   0x0000004c   Code   RO         1369    i.nrf_drv_uart_rx   nrf_drv_uart.o
    0x0001f2a8   0x00000018   Code   RO         1372    i.nrf_drv_uart_rx_enable  nrf_drv_uart.o
    0x0001f2c0   0x0000009c   Code   RO         1373    i.nrf_drv_uart_rx_for_uart  nrf_drv_uart.o
    0x0001f35c   0x00000020   Code   RO         1374    i.nrf_drv_uart_tx   nrf_drv_uart.o
    0x0001f37c   0x00000074   Code   RO         1376    i.nrf_drv_uart_tx_for_uart  nrf_drv_uart.o
    0x0001f3f0   0x00000024   Code   RO         1199    i.nrf_gpio_cfg      nrf_drv_gpiote.o
    0x0001f414   0x00000024   Code   RO         1378    i.nrf_gpio_cfg      nrf_drv_uart.o
    0x0001f438   0x00000012   Code   RO         1380    i.nrf_gpio_cfg_input  nrf_drv_uart.o
    0x0001f44a   0x00000014   Code   RO         1381    i.nrf_gpio_cfg_output  nrf_drv_uart.o
    0x0001f45e   0x00000002   PAD
    0x0001f460   0x00000020   Code   RO         1201    i.nrf_gpio_cfg_sense_set  nrf_drv_gpiote.o
    0x0001f480   0x00000014   Code   RO         1202    i.nrf_gpiote_event_is_set  nrf_drv_gpiote.o
    0x0001f494   0x0000000a   Code   RO         1382    i.nrf_uart_event_check  nrf_drv_uart.o
    0x0001f49e   0x00000010   Code   RO         1383    i.nrf_uart_int_enable_check  nrf_drv_uart.o
    0x0001f4ae   0x00000002   PAD
    0x0001f4b0   0x00000054   Code   RO           12    i.on_adv_evt        main.o
    0x0001f504   0x00000098   Code   RO           13    i.on_ble_evt        main.o
    0x0001f59c   0x00000020   Code   RO           14    i.on_conn_params_evt  main.o
    0x0001f5bc   0x0000009c   Code   RO           15    i.on_gpio_test_service_evt  main.o
    0x0001f658   0x0000004e   Code   RO         1057    i.on_write          ble_gpio_test_service.o
    0x0001f6a6   0x00000016   Code   RO          588    i.peer_address_exists  ble_advertising.o
    0x0001f6bc   0x00000040   Code   RO          825    i.peer_instance_init  device_manager_peripheral.o
    0x0001f6fc   0x00000018   Code   RO         1203    i.pin_in_use_by_port  nrf_drv_gpiote.o
    0x0001f714   0x00000018   Code   RO         1204    i.pin_in_use_by_te  nrf_drv_gpiote.o
    0x0001f72c   0x00000028   Code   RO         1546    i.pstorage_access_status_get  pstorage.o
    0x0001f754   0x00000058   Code   RO         1547    i.pstorage_block_identifier_get  pstorage.o
    0x0001f7ac   0x000000a8   Code   RO         1548    i.pstorage_clear    pstorage.o
    0x0001f854   0x00000024   Code   RO         1549    i.pstorage_flash_page_end  pstorage.o
    0x0001f878   0x0000000a   Code   RO         1550    i.pstorage_flash_page_size  pstorage.o
    0x0001f882   0x00000002   PAD
    0x0001f884   0x0000005c   Code   RO         1551    i.pstorage_init     pstorage.o
    0x0001f8e0   0x000000ac   Code   RO         1552    i.pstorage_load     pstorage.o
    0x0001f98c   0x000000bc   Code   RO         1553    i.pstorage_register  pstorage.o
    0x0001fa48   0x00000094   Code   RO         1554    i.pstorage_store    pstorage.o
    0x0001fadc   0x0000004c   Code   RO         1555    i.pstorage_sys_event_handler  pstorage.o
    0x0001fb28   0x00000094   Code   RO         1556    i.pstorage_update   pstorage.o
    0x0001fbbc   0x00000044   Code   RO         2122    i.rtc1_stop         app_timer.o
    0x0001fc00   0x00000038   Code   RO         1384    i.rx_byte           nrf_drv_uart.o
    0x0001fc38   0x0000001c   Code   RO         1385    i.rx_done_event     nrf_drv_uart.o
    0x0001fc54   0x0000001c   Code   RO         1386    i.rx_enable         nrf_drv_uart.o
    0x0001fc70   0x00000010   Code   RO         2458    i.sd_check_ram_start  softdevice_handler.o
    0x0001fc80   0x0000008e   Code   RO          503    i.service_data_encode  ble_advdata.o
    0x0001fd0e   0x0000002e   Code   RO          744    i.set_security_req  ble_srv_common.o
    0x0001fd3c   0x00000028   Code   RO           16    i.sleep_mode_enter  main.o
    0x0001fd64   0x00000048   Code   RO         1557    i.sm_state_change   pstorage.o
    0x0001fdac   0x00000014   Code   RO         2459    i.softdevice_ble_evt_handler_set  softdevice_handler.o
    0x0001fdc0   0x00000014   Code   RO         2460    i.softdevice_enable  softdevice_handler.o
    0x0001fdd4   0x00000028   Code   RO         2461    i.softdevice_enable_get_default_config  softdevice_handler.o
    0x0001fdfc   0x00000008   Code   RO         2462    i.softdevice_fault_handler  softdevice_handler.o
    0x0001fe04   0x00000030   Code   RO         2463    i.softdevice_handler_init  softdevice_handler.o
    0x0001fe34   0x00000014   Code   RO         2466    i.softdevice_sys_evt_handler_set  softdevice_handler.o
    0x0001fe48   0x00000064   Code   RO         1558    i.state_data_erase_swap_entry_run  pstorage.o
    0x0001feac   0x00000010   Code   RO         1559    i.state_erase_data_page_entry_run  pstorage.o
    0x0001febc   0x00000028   Code   RO         1560    i.state_restore_head_entry_run  pstorage.o
    0x0001fee4   0x0000004c   Code   RO         1561    i.state_restore_tail_entry_run  pstorage.o
    0x0001ff30   0x00000020   Code   RO         1562    i.state_swap_erase_entry_run  pstorage.o
    0x0001ff50   0x00000030   Code   RO         1563    i.state_write_data_swap_entry_run  pstorage.o
    0x0001ff80   0x00000004   Code   RO          826    i.storage_operation_dummy_handler  device_manager_peripheral.o
    0x0001ff84   0x0000005c   Code   RO         1564    i.store_cmd_flash_write_execute  pstorage.o
    0x0001ffe0   0x0000001c   Code   RO         1565    i.swap_erase_state_run  pstorage.o
    0x0001fffc   0x00000018   Code   RO         1566    i.swap_sub_state_err_busy_process  pstorage.o
    0x00020014   0x00000014   Code   RO         1567    i.swap_sub_state_state_change  pstorage.o
    0x00020028   0x00000010   Code   RO           17    i.sys_evt_dispatch  main.o
    0x00020038   0x0000001c   Code   RO         1568    i.tail_restore_state_run  pstorage.o
    0x00020054   0x00000084   Code   RO         2123    i.timer_list_handler  app_timer.o
    0x000200d8   0x00000010   Code   RO         2124    i.timer_list_handler_sched  app_timer.o
    0x000200e8   0x00000040   Code   RO         2125    i.timer_list_insert  app_timer.o
    0x00020128   0x00000080   Code   RO         2126    i.timer_timeouts_check  app_timer.o
    0x000201a8   0x0000002c   Code   RO         1387    i.tx_byte           nrf_drv_uart.o
    0x000201d4   0x00000020   Code   RO         1388    i.tx_done_event     nrf_drv_uart.o
    0x000201f4   0x00000018   Code   RO           18    i.uart_event_handle  main.o
    0x0002020c   0x000000b0   Code   RO         1778    i.uart_event_handler  app_uart_fifo.o
    0x000202bc   0x00000128   Code   RO         1389    i.uart_irq_handler  nrf_drv_uart.o
    0x000203e4   0x00000020   Code   RO           19    i.uart_print_string  main.o
    0x00020404   0x0000000a   Code   RO          504    i.uint16_encode     ble_advdata.o
    0x0002040e   0x00000002   PAD
    0x00020410   0x00000014   Code   RO          827    i.update_status_bit_reset  device_manager_peripheral.o
    0x00020424   0x00000064   Code   RO          675    i.update_timeout_handler  ble_conn_params.o
    0x00020488   0x00000054   Code   RO         2127    i.user_id_get       app_timer.o
    0x000204dc   0x00000026   Code   RO         2128    i.user_op_alloc     app_timer.o
    0x00020502   0x00000030   Code   RO          505    i.uuid_list_encode  ble_advdata.o
    0x00020532   0x000000ae   Code   RO          506    i.uuid_list_sized_encode  ble_advdata.o
    0x000205e0   0x00000010   Code   RO          589    i.whitelist_has_entries  ble_advertising.o
    0x000205f0   0x0000000c   Data   RO           21    .constdata          main.o
    0x000205fc   0x0000003c   Data   RO          320    .constdata          bsp.o
    0x00020638   0x00000004   Data   RO          678    .constdata          ble_conn_params.o
    0x0002063c   0x00000034   Data   RO          829    .constdata          device_manager_peripheral.o
    0x00020670   0x00000010   Data   RO         1058    .constdata          ble_gpio_test_service.o
    0x00020680   0x00000020   Data   RO         1391    .constdata          nrf_drv_uart.o
    0x000206a0   0x00000028   Data   RO         1570    .constdata          pstorage.o
    0x000206c8   0x00000020   Data   RO         1780    .constdata          app_uart_fifo.o
    0x000206e8   0x00000008   Data   RO         2001    .constdata          app_button.o
    0x000206f0   0x00000020   Data   RO         2913    Region$$Table       anon$$obj.o


    Execution Region RW_IRAM1 (Base: 0x20001f00, Size: 0x00001198, Max: 0x00006100, ABSOLUTE)

    Base Addr    Size         Type   Attr      Idx    E Section Name        Object

    0x20001f00   0x00000008   Data   RW           22    .data               main.o
    0x20001f08   0x00000018   Data   RW          321    .data               bsp.o
    0x20001f20   0x00000008   Data   RW          437    .data               bsp_btn_ble.o
    0x20001f28   0x0000001f   Data   RW          591    .data               ble_advertising.o
    0x20001f47   0x00000001   PAD
    0x20001f48   0x00000014   Data   RW          679    .data               ble_conn_params.o
    0x20001f5c   0x00000018   Data   RW          830    .data               device_manager_peripheral.o
    0x20001f74   0x00000024   Data   RW         1571    .data               pstorage.o
    0x20001f98   0x00000008   Data   RW         1781    .data               app_uart_fifo.o
    0x20001fa0   0x00000014   Data   RW         2002    .data               app_button.o
    0x20001fb4   0x00000020   Data   RW         2129    .data               app_timer.o
    0x20001fd4   0x00000014   Data   RW         2467    .data               softdevice_handler.o
    0x20001fe8   0x00000004   Data   RW         2562    .data               system_nrf51.o
    0x20001fec   0x00000428   Zero   RW           20    .bss                main.o
    0x20002414   0x00000020   Zero   RW          316    .bss                bsp.o
    0x20002434   0x00000020   Zero   RW          317    .bss                bsp.o
    0x20002454   0x0000000c   Zero   RW          318    .bss                bsp.o
    0x20002460   0x00000020   Zero   RW          319    .bss                bsp.o
    0x20002480   0x00000103   Zero   RW          590    .bss                ble_advertising.o
    0x20002583   0x00000001   PAD
    0x20002584   0x00000020   Zero   RW          676    .bss                ble_conn_params.o
    0x200025a4   0x0000001c   Zero   RW          677    .bss                ble_conn_params.o
    0x200025c0   0x0000014f   Zero   RW          828    .bss                device_manager_peripheral.o
    0x2000270f   0x00000001   PAD
    0x20002710   0x00000048   Zero   RW         1205    .bss                nrf_drv_gpiote.o
    0x20002758   0x0000001c   Zero   RW         1390    .bss                nrf_drv_uart.o
    0x20002774   0x000000e4   Zero   RW         1569    .bss                pstorage.o
    0x20002858   0x00000020   Zero   RW         1779    .bss                app_uart_fifo.o
    0x20002878   0x00000020   Zero   RW         2000    .bss                app_button.o
    0x20002898   0x00000800   Zero   RW         2550    STACK               arm_startup_nrf51.o


==============================================================================

Image component sizes


      Code (inc. data)   RO Data    RW Data    ZI Data      Debug   Object Name

       328         34          8         20         32       9070   app_button.o
        52         16          0          0          0       9243   app_error.o
       122          0          0          0          0       4242   app_fifo.o
      1696        152          0         32          0      29335   app_timer.o
       376         36         32          8         32      11531   app_uart_fifo.o
        56         18        192          0       2048        724   arm_startup_nrf51.o
      1588          6          0          0          0      26116   ble_advdata.o
      1062         42          0         31        259      16205   ble_advertising.o
       460         58          4         20         60      13188   ble_conn_params.o
       522         20         16          0          0      11251   ble_gpio_test_service.o
       446          8          0          0          0       2605   ble_srv_common.o
      1114        118         60         24        108      23365   bsp.o
       284         10          0          8          0      36645   bsp_btn_ble.o
      2792        210         52         24        335      32937   device_manager_peripheral.o
      1422        346         12          8       1064      94651   main.o
        96         18          0          0          0      10216   nrf_drv_common.o
       960        128          0          0         72      22280   nrf_drv_gpiote.o
      1196        136         32          0         28      25924   nrf_drv_uart.o
      2866        264         40         36        228      38966   pstorage.o
       324         36          0         20          0      14708   softdevice_handler.o
       156         26          0          4          0       2255   system_nrf51.o

    ----------------------------------------------------------------------
     17936       1682        480        236       4268     435457   Object Totals
         0          0         32          0          0          0   (incl. Generated)
        18          0          0          1          2          0   (incl. Padding)

    ----------------------------------------------------------------------

      Code (inc. data)   RO Data    RW Data    ZI Data      Debug   Library Member Name

         0          0          0          0          0          0   entry.o
         0          0          0          0          0          0   entry10a.o
         0          0          0          0          0          0   entry11a.o
         8          4          0          0          0          0   entry2.o
         4          0          0          0          0          0   entry5.o
         0          0          0          0          0          0   entry7b.o
         0          0          0          0          0          0   entry8b.o
         8          4          0          0          0          0   entry9a.o
        30          0          0          0          0          0   handlers.o
        40          0          0          0          0         72   idiv.o
        36          8          0          0          0         68   init.o
         0          0          0          0          0          0   iusefp.o
        32          0          0          0          0         68   llshl.o
        38          0          0          0          0         68   llsshr.o
        34          0          0          0          0         68   llushr.o
        26          0          0          0          0         72   memcmp.o
        36          0          0          0          0         60   memcpya.o
        36          0          0          0          0        100   memseta.o
      2242         94          0          0          0        472   printfa.o
        14          0          0          0          0         60   strlen.o
        44          0          0          0          0         72   uidiv.o
        96          0          0          0          0         84   uldiv.o
        40          2          0          0          0         68   cdrcmple.o
       356          4          0          0          0        140   dadd.o
       240          6          0          0          0         84   ddiv.o
       236          0          0          0          0        216   depilogue.o
        64         10          0          0          0         68   dfixul.o
       208          6          0          0          0         88   dmul.o

    ----------------------------------------------------------------------
      3872        138          0          0          0       1928   Library Totals
         4          0          0          0          0          0   (incl. Padding)

    ----------------------------------------------------------------------

      Code (inc. data)   RO Data    RW Data    ZI Data      Debug   Library Name

      2724        110          0          0          0       1264   mc_p.l
      1144         28          0          0          0        664   mf_p.l

    ----------------------------------------------------------------------
      3872        138          0          0          0       1928   Library Totals

    ----------------------------------------------------------------------

==============================================================================


      Code (inc. data)   RO Data    RW Data    ZI Data      Debug   

     21808       1820        480        236       4268     427577   Grand Totals
     21808       1820        480        236       4268     427577   ELF Image Totals
     21808       1820        480        236          0          0   ROM Totals

==============================================================================

    Total RO  Size (Code + RO Data)                22288 (  21.77kB)
    Total RW  Size (RW Data + ZI Data)              4504 (   4.40kB)
    Total ROM Size (Code + RO Data + RW Data)      22524 (  22.00kB)

==============================================================================

