<html>
<body>
<pre>
<h1>µVision Build Log</h1>
<h2>Tool Versions:</h2>
IDE-Version: µVision V5.16a
Copyright (C) 2015 ARM Ltd and ARM Germany GmbH. All rights reserved.
License Information: Lars Wefald, Student, LIC=----
 
Tool Versions:
Toolchain:       MDK-Lite  Version: 5.16a
Toolchain Path:  C:\Keil_v5\ARM\ARMCC\Bin
C Compiler:      Armcc.exe V5.06 (build 20)
Assembler:       Armasm.exe V5.06 (build 20)
Linker/Locator:  ArmLink.exe V5.06 (build 20)
Library Manager: ArmAr.exe V5.06 (build 20)
Hex Converter:   FromElf.exe V5.06 (build 20)
CPU DLL:         
Dialog DLL:      
Target DLL:      Segger\JL2CM3.dll V2.99.15.2
Dialog DLL:      TARMCM1.DLL V1.9.0.0
 
<h2>Project:</h2>
D:\Dropbox\NTNU\Master\Kode\nRF5_SDK_11.0.0-2.alpha_bc3f6a0\examples\ble_peripheral\ble_app_template_custom_service\pca10028\s130\arm5_no_packs\ble_app_template_s130_pca10028.uvprojx
Project File Date:  01/21/2016

<h2>Output:</h2>
*** Using Compiler 'V5.06 (build 20)', folder: 'C:\Keil_v5\ARM\ARMCC\Bin'
Rebuild target 'nrf51422_xxac_s130'
compiling bsp_btn_ble.c...
compiling ble_srv_common.c...
compiling ble_conn_params.c...
compiling bsp.c...
compiling ble_advertising.c...
compiling ble_advdata.c...
compiling main.c...
compiling nrf_delay.c...
compiling nrf_drv_common.c...
compiling ble_gpio_test_service.c...
compiling nrf_drv_uart.c...
compiling RTT_Syscalls_KEIL.c...
compiling nrf_drv_gpiote.c...
compiling SEGGER_RTT_printf.c...
compiling SEGGER_RTT.c...
compiling pstorage.c...
compiling app_uart_fifo.c...
compiling device_manager_peripheral.c...
compiling app_trace.c...
compiling app_error.c...
compiling app_button.c...
assembling arm_startup_nrf51.s...
compiling nrf_assert.c...
compiling retarget.c...
compiling app_fifo.c...
compiling app_timer.c...
compiling nrf_log.c...
compiling softdevice_handler.c...
compiling system_nrf51.c...
linking...
Program Size: Code=21808 RO-data=480 RW-data=236 ZI-data=4268  
FromELF: creating hex file...
".\_build\nrf51422_xxac_s130.axf" - 0 Error(s), 0 Warning(s).

<h2>Software Packages used:</h2>

Package Vendor: ARM
                http://www.keil.com/pack/ARM.CMSIS.4.5.0.pack
                ARM::CMSIS:CORE:4.3.0
                CMSIS (Cortex Microcontroller Software Interface Standard)
   * Component: CORE Version: 4.3.0

Package Vendor: NordicSemiconductor
                http://developer.nordicsemi.com/nRF51_SDK/pieces/nRF_DeviceFamilyPack/NordicSemiconductor.nRF_DeviceFamilyPack.8.3.1.pack
                NordicSemiconductor::Device:Startup:8.3.1
                Nordic Semiconductor nRF ARM devices Device Family Pack.
   * Component: Startup Version: 8.3.1

<h2>Collection of Component include folders:</h2>
  D:\Dropbox\NTNU\Master\Kode\nRF5_SDK_11.0.0-2.alpha_bc3f6a0\examples\ble_peripheral\ble_app_template_custom_service\pca10028\s130\arm5_no_packs\RTE
  C:\Keil_v5\ARM\PACK\ARM\CMSIS\4.5.0\CMSIS\Include
  C:\Keil_v5\ARM\PACK\NordicSemiconductor\nRF_DeviceFamilyPack\8.3.1\Device\Include

<h2>Collection of Component Files used:</h2>

   * Component: ARM::CMSIS:CORE:4.3.0

   * Component: NordicSemiconductor::Device:Startup:8.3.1
      Source file:   Device\Source\system_nrf51.c
      Source file:   Device\Source\arm\arm_startup_nrf51.s
      Include file:  Device\Include\system_nrf51.h
Build Time Elapsed:  00:00:03
</pre>
</body>
</html>
